 PhysXCooking_64

 Timestamp is 5ea88a58 (Tue Apr 28 15:56:08 2020)

 Preferred load address is 0000000180000000

 Start         Length     Name                   Class
 0001:00000000 00000ba0H .text$di                CODE
 0001:00000ba0 0004fe00H .text$mn                CODE
 0001:000509a0 00000020H .text$mn$00             CODE
 0001:000509c0 00000100H .text$x                 CODE
 0002:00000000 00000278H .idata$5                DATA
 0002:00000278 00000028H .00cfg                  DATA
 0002:000002a0 00000008H .CRT$XCA                DATA
 0002:000002a8 000001f0H .CRT$XCU                DATA
 0002:00000498 00000008H .CRT$XCZ                DATA
 0002:000004a0 00000008H .CRT$XIA                DATA
 0002:000004a8 00000008H .CRT$XIZ                DATA
 0002:000004b0 00000008H .CRT$XPA                DATA
 0002:000004b8 00000008H .CRT$XPZ                DATA
 0002:000004c0 00000008H .CRT$XTA                DATA
 0002:000004c8 00000008H .CRT$XTZ                DATA
 0002:000004d0 00000000H .gfids$y                DATA
 0002:000004d0 000049c8H .rdata                  DATA
 0002:00004e98 00000074H .rdata$r                DATA
 0002:00004f0c 000003a4H .rdata$zzzdbg           DATA
 0002:000052b0 00000008H .rtc$IAA                DATA
 0002:000052b8 000000a0H .rtc$IMZ                DATA
 0002:00005358 00000008H .rtc$IZZ                DATA
 0002:00005360 00000008H .rtc$TAA                DATA
 0002:00005368 000000a0H .rtc$TMZ                DATA
 0002:00005408 00000008H .rtc$TZZ                DATA
 0002:00005410 000025a4H .xdata                  DATA
 0002:000079b4 00000040H .didat$2                DATA
 0002:000079f4 00000024H .didat$3                DATA
 0002:00007a18 000001d0H .didat$4                DATA
 0002:00007be8 00000b30H .didat$6                DATA
 0002:00008718 000001d8H .didat$7                DATA
 0002:000088f0 00001d34H .edata                  DATA
 0002:0000a624 0000003cH .idata$2                DATA
 0002:0000a660 00000018H .idata$3                DATA
 0002:0000a678 00000278H .idata$4                DATA
 0002:0000a8f0 000005a6H .idata$6                DATA
 0003:00000000 00000068H .data                   DATA
 0003:00000068 00000328H .data$r                 DATA
 0003:00000390 000001d0H .didat$5                DATA
 0003:00000560 00000bd8H .bss                    DATA
 0004:00000000 000034d4H .pdata                  DATA
 0005:00000000 000000a0H .rsrc$01                DATA
 0005:000000a0 000004b0H .rsrc$02                DATA

  Address         Publics by Value              Rva+Base               Lib:Object

 0000:00000000       __guard_eh_cont_table      0000000000000000     <absolute>
 0000:00000000       __guard_longjmp_count      0000000000000000     <absolute>
 0000:00000000       __hybrid_auxiliary_iat     0000000000000000     <absolute>
 0000:00000000       __guard_longjmp_table      0000000000000000     <absolute>
 0000:00000000       __guard_eh_cont_count      0000000000000000     <absolute>
 0000:00000000       __hybrid_code_map          0000000000000000     <absolute>
 0000:00000000       __dynamic_value_reloc_table 0000000000000000     <absolute>
 0000:00000000       __guard_iat_table          0000000000000000     <absolute>
 0000:00000000       __guard_fids_table         0000000000000000     <absolute>
 0000:00000000       __guard_fids_count         0000000000000000     <absolute>
 0000:00000000       __volatile_metadata        0000000000000000     <absolute>
 0000:00000000       __enclave_config           0000000000000000     <absolute>
 0000:00000000       __hybrid_code_map_count    0000000000000000     <absolute>
 0000:00000000       __AbsoluteZero             0000000000000000     <absolute>
 0000:00000000       ___safe_se_handler_count   0000000000000000     <absolute>
 0000:00000000       ___safe_se_handler_table   0000000000000000     <absolute>
 0000:00000000       __guard_iat_count          0000000000000000     <absolute>
 0000:00000100       __guard_flags              0000000000000100     <absolute>
 0000:00000000       __ImageBase                0000000180000000     <linker-defined>
 0001:00000ba0       ?ComputeNbBoundaryEdges@AdjTriangle@physx@@QEBAIXZ 0000000180001ba0 f   Adjacencies.obj
 0001:00000c30       ?ComputeNbNeighbors@AdjTriangle@physx@@QEBAIXZ 0000000180001c30 f   Adjacencies.obj
 0001:00000cc0       ?HasNeighbor@AdjTriangle@physx@@QEBA_NIPEAI@Z 0000000180001cc0 f   Adjacencies.obj
 0001:00000dd0       ?Flip@AdjTriangle@physx@@QEAAXXZ 0000000180001dd0 f   Adjacencies.obj
 0001:00000e20       ??0Adjacencies@physx@@QEAA@XZ 0000000180001e20 f   Adjacencies.obj
 0001:00000e50       ??1Adjacencies@physx@@QEAA@XZ 0000000180001e50 f   Adjacencies.obj
 0001:00000eb0       ?Load@Adjacencies@physx@@QEAA_NAEAVPxInputStream@2@@Z 0000000180001eb0 f   Adjacencies.obj
 0001:00001040       ?ComputeNbBoundaryEdges@Adjacencies@physx@@QEBAIXZ 0000000180002040 f   Adjacencies.obj
 0001:000010c0       ?GetBoundaryVertices@Adjacencies@physx@@QEBA_NIPEA_NPEBU?$TriangleT@I@Gu@2@@Z 00000001800020c0 f   Adjacencies.obj
 0001:000013d0       ?MakeLastRef@Adjacencies@physx@@QEAA_NAEAVAdjTriangle@2@IPEAU?$TriangleT@I@Gu@2@@Z 00000001800023d0 f   Adjacencies.obj
 0001:00001730       ?AssignNewEdgeCode@Adjacencies@physx@@AEAAXIE@Z 0000000180002730 f   Adjacencies.obj
 0001:000017d0       ??0AdjacenciesBuilder@physx@@QEAA@XZ 00000001800027d0 f   Adjacencies.obj
 0001:00001800       ??1AdjacenciesBuilder@physx@@QEAA@XZ 0000000180002800 f   Adjacencies.obj
 0001:00001820       ?Init@AdjacenciesBuilder@physx@@QEAA_NAEBUADJACENCIESCREATE@2@@Z 0000000180002820 f   Adjacencies.obj
 0001:00002b10       ??$?_UI@@YAPEAX_KV?$ReflectionAllocator@I@shdfnd@physx@@PEBDH@Z 0000000180003b10 f i Adjacencies.obj
 0001:00002b50       ??$?_UV?$ReflectionAllocator@VAdjEdge@@@shdfnd@physx@@@UserAllocated@shdfnd@physx@@SAPEAX_KV?$ReflectionAllocator@VAdjEdge@@@12@PEBDH@Z 0000000180003b50 f i Adjacencies.obj
 0001:00002b90       ??$?_UV?$ReflectionAllocator@VAdjTriangle@physx@@@shdfnd@physx@@@UserAllocated@shdfnd@physx@@SAPEAX_KV?$ReflectionAllocator@VAdjTriangle@physx@@@12@PEBDH@Z 0000000180003b90 f i Adjacencies.obj
 0001:00002bd0       ??$swap@I@shdfnd@physx@@YAXAEAI0@Z 0000000180003bd0 f i Adjacencies.obj
 0001:00002c10       ??0?$ReflectionAllocator@I@shdfnd@physx@@QEAA@PEBD@Z 0000000180003c10 f i Adjacencies.obj
 0001:00002c20       ??0?$ReflectionAllocator@VAdjEdge@@@shdfnd@physx@@QEAA@PEBD@Z 0000000180003c20 f i Adjacencies.obj
 0001:00002c30       ??0?$ReflectionAllocator@VAdjTriangle@physx@@@shdfnd@physx@@QEAA@PEBD@Z 0000000180003c30 f i Adjacencies.obj
 0001:00002c40       ??0?$TriangleT@I@Gu@physx@@QEAA@XZ 0000000180003c40 f i Adjacencies.obj
 0001:00002c50       ??0AdjEdge@@QEAA@XZ        0000000180003c50 f i Adjacencies.obj
 0001:00002c60       ??0AdjTriangle@physx@@QEAA@XZ 0000000180003c60 f i Adjacencies.obj
 0001:00002c70       ??0Allocator@shdfnd@physx@@QEAA@PEBD@Z 0000000180003c70 f i Adjacencies.obj
 0001:00002c80       ??0EDGELISTCREATE@Gu@physx@@QEAA@XZ 0000000180003c80 f i Adjacencies.obj
 0001:00002cf0       ??0NonTrackingAllocator@shdfnd@physx@@QEAA@PEBD@Z 0000000180003cf0 f i Adjacencies.obj
 0001:00002d00       ??0PxFoundation@physx@@QEAA@AEBV01@@Z 0000000180003d00 f i Adjacencies.obj
 0001:00002d20       ??0PxFoundation@physx@@QEAA@XZ 0000000180003d20 f i Adjacencies.obj
 0001:00002d40       ??1AdjEdge@@QEAA@XZ        0000000180003d40 f i Adjacencies.obj
 0001:00002d50       ??1AdjTriangle@physx@@QEAA@XZ 0000000180003d50 f i Adjacencies.obj
 0001:00002d60       ??1PxFoundation@physx@@MEAA@XZ 0000000180003d60 f i Adjacencies.obj
 0001:00002d80       ??3UserAllocated@shdfnd@physx@@SAXPEAX@Z 0000000180003d80 f i Adjacencies.obj
 0001:00002db0       ??4Allocator@shdfnd@physx@@QEAAAEAV012@$$QEAV012@@Z 0000000180003db0 f i Adjacencies.obj
 0001:00002dc0       ??4Allocator@shdfnd@physx@@QEAAAEAV012@AEBV012@@Z 0000000180003dc0 f i Adjacencies.obj
 0001:00002dd0       ??4MutexImpl@shdfnd@physx@@QEAAAEAV012@AEBV012@@Z 0000000180003dd0 f i Adjacencies.obj
 0001:00002de0       ??4PxFoundation@physx@@QEAAAEAV01@AEBV01@@Z 0000000180003de0 f i Adjacencies.obj
 0001:00002df0       ??_EAdjEdge@@QEAAPEAXI@Z   0000000180003df0 f i Adjacencies.obj
 0001:00002ed0       ??_EAdjTriangle@physx@@QEAAPEAXI@Z 0000000180003ed0 f i Adjacencies.obj
 0001:00002fb0       ??_EPxFoundation@physx@@MEAAPEAXI@Z 0000000180003fb0 f i Adjacencies.obj
 0001:00003050       ??_FAllocator@shdfnd@physx@@QEAAXXZ 0000000180004050 f i Adjacencies.obj
 0001:00003070       ??_FNamedAllocator@shdfnd@physx@@QEAAXXZ 0000000180004070 f i Adjacencies.obj
 0001:00003090       ??_GPxFoundation@physx@@MEAAPEAXI@Z 0000000180004090 f i Adjacencies.obj
 0001:000030d0       ??_H@YAXPEAX_K1P6APEAX0@Z@Z 00000001800040d0 f i Adjacencies.obj
 0001:00003150       ??_I@YAXPEAX_K1P6AX0@Z@Z   0000000180004150 f i Adjacencies.obj
 0001:000031e0       ??_VUserAllocated@shdfnd@physx@@SAXPEAX@Z 00000001800041e0 f i Adjacencies.obj
 0001:00003210       ?GetNbHits@RadixSort@Cm@physx@@QEBAIXZ 0000000180004210 f i Adjacencies.obj
 0001:00003220       ?GetNbTotalCalls@RadixSort@Cm@physx@@QEBAIXZ 0000000180004220 f i Adjacencies.obj
 0001:00003230       ?GetRanks@RadixSort@Cm@physx@@QEBAPEBIXZ 0000000180004230 f i Adjacencies.obj
 0001:00003240       ?GetRecyclable@RadixSort@Cm@physx@@QEBAPEAIXZ 0000000180004240 f i Adjacencies.obj
 0001:00003250       ?HasActiveEdge01@AdjTriangle@physx@@QEBAHXZ 0000000180004250 f i Adjacencies.obj
 0001:00003270       ?HasActiveEdge01@EdgeTriangleAC@Gu@physx@@SAHAEBUEdgeTriangleData@23@@Z 0000000180004270 f i Adjacencies.obj
 0001:00003290       ?HasActiveEdge12@AdjTriangle@physx@@QEBAHXZ 0000000180004290 f i Adjacencies.obj
 0001:000032b0       ?HasActiveEdge12@EdgeTriangleAC@Gu@physx@@SAHAEBUEdgeTriangleData@23@@Z 00000001800042b0 f i Adjacencies.obj
 0001:000032d0       ?HasActiveEdge20@AdjTriangle@physx@@QEBAHXZ 00000001800042d0 f i Adjacencies.obj
 0001:000032f0       ?HasActiveEdge20@EdgeTriangleAC@Gu@physx@@SAHAEBUEdgeTriangleData@23@@Z 00000001800042f0 f i Adjacencies.obj
 0001:00003310       ?PxMemZero@physx@@YAPEAXPEAXI@Z 0000000180004310 f i Adjacencies.obj
 0001:00003330       ?__empty_global_delete@@YAXPEAX@Z 0000000180004330 f i Adjacencies.obj
 0001:00003340       ?__empty_global_delete@@YAXPEAX_K@Z 0000000180004340 f i Adjacencies.obj
 0001:00003350       ?allocate@?$ReflectionAllocator@I@shdfnd@physx@@QEAAPEAX_KPEBDH@Z 0000000180004350 f i Adjacencies.obj
 0001:000033d0       ?allocate@?$ReflectionAllocator@VAdjEdge@@@shdfnd@physx@@QEAAPEAX_KPEBDH@Z 00000001800043d0 f i Adjacencies.obj
 0001:00003450       ?allocate@?$ReflectionAllocator@VAdjTriangle@physx@@@shdfnd@physx@@QEAAPEAX_KPEBDH@Z 0000000180004450 f i Adjacencies.obj
 0001:000034d0       ?deallocate@NonTrackingAllocator@shdfnd@physx@@QEAAXPEAX@Z 00000001800044d0 f i Adjacencies.obj
 0001:00003510       ?findEdge@?$TriangleT@I@Gu@physx@@QEBAEII@Z 0000000180004510 f i Adjacencies.obj
 0001:00003670       ?getAllocator@Foundation@shdfnd@physx@@QEAAAEAVPxAllocatorCallback@3@XZ 0000000180004670 f i Adjacencies.obj
 0001:00003680       ?getAllocatorCallback@Foundation@shdfnd@physx@@UEAAAEAVPxAllocatorCallback@3@XZ 0000000180004680 f i Adjacencies.obj
 0001:00003690       ?getEdgeTriangle@EdgeList@Gu@physx@@QEBAAEBUEdgeTriangleData@23@I@Z 0000000180004690 f i Adjacencies.obj
 0001:000036b0       ?getErrorCallback@Foundation@shdfnd@physx@@UEAAAEAVPxErrorCallback@3@XZ 00000001800046b0 f i Adjacencies.obj
 0001:000036c0       ?getErrorLevel@Foundation@shdfnd@physx@@UEBA?AW4Enum@PxErrorCode@3@XZ 00000001800046c0 f i Adjacencies.obj
 0001:000036e0       ?getFoundation@shdfnd@physx@@YAAEAVFoundation@12@XZ 00000001800046e0 f i Adjacencies.obj
 0001:000036f0       ?getInternalErrorCallback@Foundation@shdfnd@physx@@QEAAAEAVPxErrorCallback@3@XZ 00000001800046f0 f i Adjacencies.obj
 0001:00003710       ?getName@?$ReflectionAllocator@I@shdfnd@physx@@CAPEBDXZ 0000000180004710 f i Adjacencies.obj
 0001:00003750       ?getName@?$ReflectionAllocator@VAdjEdge@@@shdfnd@physx@@CAPEBDXZ 0000000180004750 f i Adjacencies.obj
 0001:00003790       ?getName@?$ReflectionAllocator@VAdjTriangle@physx@@@shdfnd@physx@@CAPEBDXZ 0000000180004790 f i Adjacencies.obj
 0001:000037d0       ?getNamedAllocMap@Foundation@shdfnd@physx@@QEAAAEAV?$HashMap@PEBVNamedAllocator@shdfnd@physx@@PEBDU?$Hash@PEBVNamedAllocator@shdfnd@physx@@@23@VNonTrackingAllocator@23@@23@XZ 00000001800047d0 f i Adjacencies.obj
 0001:000037f0       ?getNamedAllocMutex@Foundation@shdfnd@physx@@QEAAAEAV?$MutexT@VAllocator@shdfnd@physx@@@23@XZ 00000001800047f0 f i Adjacencies.obj
 0001:00003810       ?getReportAllocationNames@Foundation@shdfnd@physx@@UEBA_NXZ 0000000180004810 f i Adjacencies.obj
 0001:00003830       ?getTempAllocFreeTable@Foundation@shdfnd@physx@@QEAAAEAV?$Array@PEATTempAllocatorChunk@shdfnd@physx@@VAllocator@23@@23@XZ 0000000180004830 f i Adjacencies.obj
 0001:00003850       ?getTempAllocMutex@Foundation@shdfnd@physx@@QEAAAEAV?$MutexT@VAllocator@shdfnd@physx@@@23@XZ 0000000180004850 f i Adjacencies.obj
 0001:00003870       ?invalidateRanks@RadixSort@Cm@physx@@QEAAXXZ 0000000180004870 f i Adjacencies.obj
 0001:00003890       ?memZero@intrinsics@physx@@YAPEAXPEAXI@Z 0000000180004890 f i Adjacencies.obj
 0001:000038c0       ?name@type_info@@QEBAPEBDXZ 00000001800048c0 f i Adjacencies.obj
 0001:000038f0       ?setErrorLevel@Foundation@shdfnd@physx@@UEAAXW4Enum@PxErrorCode@3@@Z 00000001800048f0 f i Adjacencies.obj
 0001:00003910       ?setReportAllocationNames@Foundation@shdfnd@physx@@UEAAX_N@Z 0000000180004910 f i Adjacencies.obj
 0001:00003930       PxCreateCooking            0000000180004930 f   Cooking.obj
 0001:00003a20       ?release@Cooking@physx@@UEAAXXZ 0000000180004a20 f   Cooking.obj
 0001:00003a70       ?setParams@Cooking@physx@@UEAAXAEBUPxCookingParams@2@@Z 0000000180004a70 f   Cooking.obj
 0001:00003aa0       ?getParams@Cooking@physx@@UEBAAEBUPxCookingParams@2@XZ 0000000180004aa0 f   Cooking.obj
 0001:00003ac0       ?platformMismatch@Cooking@physx@@UEBA_NXZ 0000000180004ac0 f   Cooking.obj
 0001:00003b10       ?cookTriangleMesh@Cooking@physx@@UEBA_NAEBVPxTriangleMeshDesc@2@AEAVPxOutputStream@2@PEAW4Enum@PxTriangleMeshCookingResult@2@@Z 0000000180004b10 f   Cooking.obj
 0001:00003c20       ?createTriangleMesh@Cooking@physx@@UEBAPEAVPxTriangleMesh@2@AEBVPxTriangleMeshDesc@2@AEAVPxPhysicsInsertionCallback@2@PEAW4Enum@PxTriangleMeshCookingResult@2@@Z 0000000180004c20 f   Cooking.obj
 0001:00003d30       ?validateTriangleMesh@Cooking@physx@@UEBA_NAEBVPxTriangleMeshDesc@2@@Z 0000000180004d30 f   Cooking.obj
 0001:00003e00       ?cookConvexMesh@Cooking@physx@@UEBA_NAEBVPxConvexMeshDesc@2@AEAVPxOutputStream@2@PEAW4Enum@PxConvexMeshCookingResult@2@@Z 0000000180004e00 f   Cooking.obj
 0001:00004130       ?createConvexMesh@Cooking@physx@@UEBAPEAVPxConvexMesh@2@AEBVPxConvexMeshDesc@2@AEAVPxPhysicsInsertionCallback@2@PEAW4Enum@PxConvexMeshCookingResult@2@@Z 0000000180005130 f   Cooking.obj
 0001:000044b0       ?validateConvexMesh@Cooking@physx@@UEBA_NAEBVPxConvexMeshDesc@2@@Z 00000001800054b0 f   Cooking.obj
 0001:00004530       ?computeHullPolygons@Cooking@physx@@UEBA_NAEBVPxSimpleTriangleMesh@2@AEAVPxAllocatorCallback@2@AEAIAEAPEAVPxVec3@2@2AEAPEAI2AEAPEAUPxHullPolygon@2@@Z 0000000180005530 f   Cooking.obj
 0001:00004800       ?cookHeightField@Cooking@physx@@UEBA_NAEBVPxHeightFieldDesc@2@AEAVPxOutputStream@2@@Z 0000000180005800 f   Cooking.obj
 0001:00004960       ?createHeightField@Cooking@physx@@UEBAPEAVPxHeightField@2@AEBVPxHeightFieldDesc@2@AEAVPxPhysicsInsertionCallback@2@@Z 0000000180005960 f   Cooking.obj
 0001:00004c50       ?cookBVHStructure@Cooking@physx@@UEBA_NAEBVPxBVHStructureDesc@2@AEAVPxOutputStream@2@@Z 0000000180005c50 f   Cooking.obj
 0001:00004d70       ?createBVHStructure@Cooking@physx@@UEBAPEAVPxBVHStructure@2@AEBVPxBVHStructureDesc@2@AEAVPxPhysicsInsertionCallback@2@@Z 0000000180005d70 f   Cooking.obj
 0001:00004ea0       ?cookConvexMeshInternal@Cooking@physx@@AEBA_NAEBVPxConvexMeshDesc@2@AEAVConvexMeshBuilder@2@PEAVConvexHullLib@2@PEAW4Enum@PxConvexMeshCookingResult@2@@Z 0000000180005ea0 f   Cooking.obj
 0001:000051c0       ?cookTriangleMesh@Cooking@physx@@AEBA_NAEAVTriangleMeshBuilder@2@AEBVPxTriangleMeshDesc@2@AEAVPxOutputStream@2@PEAW4Enum@PxTriangleMeshCookingResult@2@@Z 00000001800061c0 f   Cooking.obj
 0001:000052a0       ?createTriangleMesh@Cooking@physx@@AEBAPEAVPxTriangleMesh@2@AEAVTriangleMeshBuilder@2@AEBVPxTriangleMeshDesc@2@AEAVPxPhysicsInsertionCallback@2@PEAW4Enum@PxTriangleMeshCookingResult@2@@Z 00000001800062a0 f   Cooking.obj
 0001:00005470       ??$?2V?$ReflectionAllocator@VCooking@physx@@@shdfnd@physx@@@UserAllocated@shdfnd@physx@@SAPEAX_KV?$ReflectionAllocator@VCooking@physx@@@12@PEBDH@Z 0000000180006470 f i Cooking.obj
 0001:000054b0       ??$?2V?$ReflectionAllocator@VQuickHullConvexHullLib@physx@@@shdfnd@physx@@@UserAllocated@shdfnd@physx@@SAPEAX_KV?$ReflectionAllocator@VQuickHullConvexHullLib@physx@@@12@PEBDH@Z 00000001800064b0 f i Cooking.obj
 0001:000054f0       ??$PX_UNUSED@VPxFoundation@physx@@@@YAXAEBVPxFoundation@physx@@@Z 00000001800064f0 f i Cooking.obj
 0001:00005500       ??$PX_UNUSED@W4PxIDENTITY@physx@@@@YAXAEBW4PxIDENTITY@physx@@@Z 0000000180006500 f i Cooking.obj
 0001:00005510       ??$PxMax@I@physx@@YAIII@Z  0000000180006510 f i Cooking.obj
 0001:00005540       ??$PxMin@G@physx@@YAGGG@Z  0000000180006540 f i Cooking.obj
 0001:00005580       ??0?$PxBitAndDataT@G$0IAAA@@physx@@QEAA@XZ 0000000180006580 f i Cooking.obj
 0001:000055a0       ??0?$PxFlags@W4Enum@PxBaseFlag@physx@@G@physx@@QEAA@AEBV01@@Z 00000001800065a0 f i Cooking.obj
 0001:000055c0       ??0?$PxFlags@W4Enum@PxConvexFlag@physx@@G@physx@@QEAA@AEBV01@@Z 00000001800065c0 f i Cooking.obj
 0001:000055e0       ??0?$PxFlags@W4Enum@PxConvexFlag@physx@@G@physx@@QEAA@W4Enum@PxConvexFlag@1@@Z 00000001800065e0 f i Cooking.obj
 0001:00005600       ??0?$PxFlags@W4Enum@PxConvexFlag@physx@@G@physx@@QEAA@XZ 0000000180006600 f i Cooking.obj
 0001:00005620       ??0?$PxFlags@W4Enum@PxHeightFieldFlag@physx@@G@physx@@QEAA@AEBV01@@Z 0000000180006620 f i Cooking.obj
 0001:00005640       ??0?$PxFlags@W4Enum@PxHeightFieldFlag@physx@@G@physx@@QEAA@W4PxEMPTY@1@@Z 0000000180006640 f i Cooking.obj
 0001:00005650       ??0?$PxFlags@W4Enum@PxHeightFieldFlag@physx@@G@physx@@QEAA@XZ 0000000180006650 f i Cooking.obj
 0001:00005670       ??0?$PxFlags@W4Enum@PxMeshFlag@physx@@G@physx@@QEAA@AEBV01@@Z 0000000180006670 f i Cooking.obj
 0001:00005690       ??0?$PxFlags@W4Enum@PxMeshPreprocessingFlag@physx@@I@physx@@QEAA@AEBV01@@Z 0000000180006690 f i Cooking.obj
 0001:000056b0       ??0?$ReflectionAllocator@VCooking@physx@@@shdfnd@physx@@QEAA@PEBD@Z 00000001800066b0 f i Cooking.obj
 0001:000056c0       ??0?$ReflectionAllocator@VHeightField@Gu@physx@@@shdfnd@physx@@QEAA@PEBD@Z 00000001800066c0 f i Cooking.obj
 0001:000056d0       ??0?$ReflectionAllocator@VQuickHullConvexHullLib@physx@@@shdfnd@physx@@QEAA@PEBD@Z 00000001800066d0 f i Cooking.obj
 0001:000056e0       ??0CenterExtents@Gu@physx@@QEAA@AEBV012@@Z 00000001800066e0 f i Cooking.obj
 0001:00005730       ??0CenterExtents@Gu@physx@@QEAA@XZ 0000000180006730 f i Cooking.obj
 0001:00005770       ??0ConvexHullData@Gu@physx@@QEAA@XZ 0000000180006770 f i Cooking.obj
 0001:000057c0       ??0ConvexHullInitData@Gu@physx@@QEAA@XZ 00000001800067c0 f i Cooking.obj
 0001:00005800       ??0Cooking@physx@@QEAA@AEBUPxCookingParams@1@@Z 0000000180006800 f i Cooking.obj
 0001:00005850       ??0DebugText@Cm@physx@@QEAA@$$QEAU012@@Z 0000000180006850 f i Cooking.obj
 0001:000058c0       ??0DebugText@Cm@physx@@QEAA@AEBU012@@Z 00000001800068c0 f i Cooking.obj
 0001:00005930       ??0HeightFieldData@Gu@physx@@QEAA@$$QEAU012@@Z 0000000180006930 f i Cooking.obj
 0001:00005a10       ??0HeightFieldData@Gu@physx@@QEAA@AEBU012@@Z 0000000180006a10 f i Cooking.obj
 0001:00005af0       ??0HeightFieldData@Gu@physx@@QEAA@W4PxEMPTY@2@@Z 0000000180006af0 f i Cooking.obj
 0001:00005b30       ??0HeightFieldData@Gu@physx@@QEAA@XZ 0000000180006b30 f i Cooking.obj
 0001:00005b70       ??0PxConvexMeshDesc@physx@@QEAA@AEBV01@@Z 0000000180006b70 f i Cooking.obj
 0001:00005c10       ??0PxCooking@physx@@QEAA@XZ 0000000180006c10 f i Cooking.obj
 0001:00005c30       ??0PxCookingParams@physx@@QEAA@AEBU01@@Z 0000000180006c30 f i Cooking.obj
 0001:00005d20       ??0PxDebugLine@physx@@QEAA@AEBU01@@Z 0000000180006d20 f i Cooking.obj
 0001:00005d90       ??0PxMat33@physx@@QEAA@XZ  0000000180006d90 f i Cooking.obj
 0001:00005de0       ??0PxMat44@physx@@QEAA@AEBV01@@Z 0000000180006de0 f i Cooking.obj
 0001:00005e60       ??0PxMat44@physx@@QEAA@W4PxIDENTITY@1@@Z 0000000180006e60 f i Cooking.obj
 0001:00005f20       ??0PxVec3@physx@@QEAA@AEBV01@@Z 0000000180006f20 f i Cooking.obj
 0001:00005f70       ??0PxVec3@physx@@QEAA@M@Z  0000000180006f70 f i Cooking.obj
 0001:00005fb0       ??0PxVec3@physx@@QEAA@MMM@Z 0000000180006fb0 f i Cooking.obj
 0001:00006000       ??0PxVec3@physx@@QEAA@XZ   0000000180007000 f i Cooking.obj
 0001:00006010       ??0PxVec4@physx@@QEAA@AEBV01@@Z 0000000180007010 f i Cooking.obj
 0001:00006070       ??0PxVec4@physx@@QEAA@MMMM@Z 0000000180007070 f i Cooking.obj
 0001:000060d0       ??0RenderOutput@Cm@physx@@QEAA@AEAVRenderBuffer@12@@Z 00000001800070d0 f i Cooking.obj
 0001:00006160       ??0RenderOutput@Cm@physx@@QEAA@AEBV012@@Z 0000000180007160 f i Cooking.obj
 0001:00006210       ??1CenterExtents@Gu@physx@@QEAA@XZ 0000000180007210 f i Cooking.obj
 0001:00006220       ??1ConvexHullData@Gu@physx@@QEAA@XZ 0000000180007220 f i Cooking.obj
 0001:00006240       ??1ConvexHullInitData@Gu@physx@@QEAA@XZ 0000000180007240 f i Cooking.obj
 0001:00006260       ??1Cooking@physx@@UEAA@XZ  0000000180007260 f i Cooking.obj
 0001:00006280       ??1HeightFieldData@Gu@physx@@QEAA@XZ 0000000180007280 f i Cooking.obj
 0001:000062a0       ??1PxBase@physx@@MEAA@XZ   00000001800072a0 f i Cooking.obj
 0001:000062c0       ??1PxConvexMesh@physx@@MEAA@XZ 00000001800072c0 f i Cooking.obj
 0001:000062f0       ??1PxCooking@physx@@MEAA@XZ 00000001800072f0 f i Cooking.obj
 0001:00006310       ??1PxHeightField@physx@@MEAA@XZ 0000000180007310 f i Cooking.obj
 0001:00006340       ??2@YAPEAX_KPEAX@Z         0000000180007340 f i Cooking.obj
 0001:00006350       ??2UserAllocated@shdfnd@physx@@SAPEAX_KPEAX@Z 0000000180007350 f i Cooking.obj
 0001:00006360       ??4?$PxFlags@W4Enum@PxHeightFieldFlag@physx@@G@physx@@QEAAAEAV01@AEBV01@@Z 0000000180007360 f i Cooking.obj
 0001:00006380       ??4?$PxFlags@W4Enum@PxMeshPreprocessingFlag@physx@@I@physx@@QEAAAEAV01@AEBV01@@Z 0000000180007380 f i Cooking.obj
 0001:000063a0       ??4CenterExtents@Gu@physx@@QEAAAEAV012@AEBV012@@Z 00000001800073a0 f i Cooking.obj
 0001:000063f0       ??4DebugText@Cm@physx@@QEAAAEAU012@$$QEAU012@@Z 00000001800073f0 f i Cooking.obj
 0001:00006490       ??4DebugText@Cm@physx@@QEAAAEAU012@AEBU012@@Z 0000000180007490 f i Cooking.obj
 0001:00006530       ??4FPUGuard@shdfnd@physx@@QEAAAEAV012@AEBV012@@Z 0000000180007530 f i Cooking.obj
 0001:00006560       ??4HeightFieldData@Gu@physx@@QEAAAEAU012@$$QEAU012@@Z 0000000180007560 f i Cooking.obj
 0001:00006640       ??4HeightFieldData@Gu@physx@@QEAAAEAU012@AEBU012@@Z 0000000180007640 f i Cooking.obj
 0001:00006720       ??4PxCookingParams@physx@@QEAAAEAU01@AEBU01@@Z 0000000180007720 f i Cooking.obj
 0001:00006810       ??4PxVec3@physx@@QEAAAEAV01@AEBV01@@Z 0000000180007810 f i Cooking.obj
 0001:00006860       ??9?$PxFlags@W4Enum@PxHeightFieldFlag@physx@@G@physx@@QEBA_NAEBV01@@Z 0000000180007860 f i Cooking.obj
 0001:000068a0       ??B?$PxBitAndDataT@E$0IA@@physx@@QEBAEXZ 00000001800078a0 f i Cooking.obj
 0001:000068c0       ??B?$PxBitAndDataT@G$0IAAA@@physx@@QEBAGXZ 00000001800078c0 f i Cooking.obj
 0001:000068e0       ??B?$PxFlags@W4Enum@PxBaseFlag@physx@@G@physx@@QEBA_NXZ 00000001800078e0 f i Cooking.obj
 0001:00006910       ??B?$PxFlags@W4Enum@PxConvexFlag@physx@@G@physx@@QEBA_NXZ 0000000180007910 f i Cooking.obj
 0001:00006940       ??B?$PxFlags@W4Enum@PxMeshFlag@physx@@G@physx@@QEBA_NXZ 0000000180007940 f i Cooking.obj
 0001:00006970       ??B?$PxFlags@W4Enum@PxMeshPreprocessingFlag@physx@@I@physx@@QEBA_NXZ 0000000180007970 f i Cooking.obj
 0001:000069a0       ??I?$PxFlags@W4Enum@PxBaseFlag@physx@@G@physx@@QEBA?AV01@W4Enum@PxBaseFlag@1@@Z 00000001800079a0 f i Cooking.obj
 0001:000069f0       ??I?$PxFlags@W4Enum@PxConvexFlag@physx@@G@physx@@QEBA?AV01@W4Enum@PxConvexFlag@1@@Z 00000001800079f0 f i Cooking.obj
 0001:00006a40       ??I?$PxFlags@W4Enum@PxHeightFieldFlag@physx@@G@physx@@QEBA?AV01@W4Enum@PxHeightFieldFlag@1@@Z 0000000180007a40 f i Cooking.obj
 0001:00006a90       ??I?$PxFlags@W4Enum@PxMeshFlag@physx@@G@physx@@QEBA?AV01@W4Enum@PxMeshFlag@1@@Z 0000000180007a90 f i Cooking.obj
 0001:00006ae0       ??I?$PxFlags@W4Enum@PxMeshPreprocessingFlag@physx@@I@physx@@QEBA?AV01@W4Enum@PxMeshPreprocessingFlag@1@@Z 0000000180007ae0 f i Cooking.obj
 0001:00006b30       ??S?$PxFlags@W4Enum@PxConvexFlag@physx@@G@physx@@QEBA?AV01@XZ 0000000180007b30 f i Cooking.obj
 0001:00006b70       ??Sphysx@@YA?AV?$PxFlags@W4Enum@PxConvexFlag@physx@@G@0@W4Enum@PxConvexFlag@0@@Z 0000000180007b70 f i Cooking.obj
 0001:00006bb0       ??_4?$PxFlags@W4Enum@PxConvexFlag@physx@@G@physx@@QEAAAEAV01@AEBV01@@Z 0000000180007bb0 f i Cooking.obj
 0001:00006be0       ??_EPxConvexMesh@physx@@MEAAPEAXI@Z 0000000180007be0 f i Cooking.obj
 0001:00006c80       ??_EPxHeightField@physx@@MEAAPEAXI@Z 0000000180007c80 f i Cooking.obj
 0001:00006d20       ??_GCooking@physx@@UEAAPEAXI@Z 0000000180007d20 f i Cooking.obj
 0001:00006d20       ??_ECooking@physx@@UEAAPEAXI@Z 0000000180007d20 f i Cooking.obj
 0001:00006d80       ??_EPxBase@physx@@MEAAPEAXI@Z 0000000180007d80 f i Cooking.obj
 0001:00006d80       ??_GPxBase@physx@@MEAAPEAXI@Z 0000000180007d80 f i Cooking.obj
 0001:00006dc0       ??_EPxCooking@physx@@MEAAPEAXI@Z 0000000180007dc0 f i Cooking.obj
 0001:00006dc0       ??_GPxCooking@physx@@MEAAPEAXI@Z 0000000180007dc0 f i Cooking.obj
 0001:00006e00       ?FLoad@aos@shdfnd@physx@@YA?AT__m128@@M@Z 0000000180007e00 f i Cooking.obj
 0001:00006e30       ?PxMemCopy@physx@@YAPEAXPEAXPEBXI@Z 0000000180007e30 f i Cooking.obj
 0001:00006e60       ?V3Load@aos@shdfnd@physx@@YA?AT__m128@@M@Z 0000000180007e60 f i Cooking.obj
 0001:00006ea0       ?V4Load@aos@shdfnd@physx@@YA?AT__m128@@M@Z 0000000180007ea0 f i Cooking.obj
 0001:00006ed0       ?allocate@?$Array@UPxDebugLine@physx@@VNamedAllocator@shdfnd@2@@shdfnd@physx@@IEAAPEAUPxDebugLine@3@I@Z 0000000180007ed0 f i Cooking.obj
 0001:00006f60       ?allocate@?$ReflectionAllocator@VCooking@physx@@@shdfnd@physx@@QEAAPEAX_KPEBDH@Z 0000000180007f60 f i Cooking.obj
 0001:00006fe0       ?allocate@?$ReflectionAllocator@VHeightField@Gu@physx@@@shdfnd@physx@@QEAAPEAX_KPEBDH@Z 0000000180007fe0 f i Cooking.obj
 0001:00007060       ?allocate@?$ReflectionAllocator@VQuickHullConvexHullLib@physx@@@shdfnd@physx@@QEAAPEAX_KPEBDH@Z 0000000180008060 f i Cooking.obj
 0001:000070e0       ?capacity@?$Array@UPxDebugLine@physx@@VNamedAllocator@shdfnd@2@@shdfnd@physx@@QEBAIXZ 00000001800080e0 f i Cooking.obj
 0001:00007100       ?copy@?$Array@UPxDebugLine@physx@@VNamedAllocator@shdfnd@2@@shdfnd@physx@@KAXPEAUPxDebugLine@3@0PEBU43@@Z 0000000180008100 f i Cooking.obj
 0001:00007180       ?deallocate@?$Array@UPxDebugLine@physx@@VNamedAllocator@shdfnd@2@@shdfnd@physx@@IEAAXPEAX@Z 0000000180008180 f i Cooking.obj
 0001:000071b0       ?destroy@?$Array@UPxDebugLine@physx@@VNamedAllocator@shdfnd@2@@shdfnd@physx@@KAXPEAUPxDebugLine@3@0@Z 00000001800081b0 f i Cooking.obj
 0001:000071e0       ?end@?$Array@UPxDebugLine@physx@@VNamedAllocator@shdfnd@2@@shdfnd@physx@@QEAAPEAUPxDebugLine@3@XZ 00000001800081e0 f i Cooking.obj
 0001:00007200       ?forceSize_Unsafe@?$Array@UPxDebugLine@physx@@VNamedAllocator@shdfnd@2@@shdfnd@physx@@QEAAXI@Z 0000000180008200 f i Cooking.obj
 0001:00007280       ?fsel@intrinsics@physx@@YAMMMM@Z 0000000180008280 f i Cooking.obj
 0001:000072d0       ?gatherStrided@Cooking@physx@@SAXPEBXPEAXIII@Z 00000001800082d0 f i Cooking.obj
 0001:00007360       ?getConcreteTypeName@PxConvexMesh@physx@@UEBAPEBDXZ 0000000180008360 f i Cooking.obj
 0001:00007370       ?getConcreteTypeName@PxHeightField@physx@@UEBAPEBDXZ 0000000180008370 f i Cooking.obj
 0001:00007380       ?getConvexEdgeThreshold@HeightField@Gu@physx@@UEBAMXZ 0000000180008380 f i Cooking.obj
 0001:00007390       ?getFlags@HeightField@Gu@physx@@UEBA?AV?$PxFlags@W4Enum@PxHeightFieldFlag@physx@@G@3@XZ 0000000180008390 f i Cooking.obj
 0001:000073c0       ?getFormat@HeightField@Gu@physx@@UEBA?AW4Enum@PxHeightFieldFormat@3@XZ 00000001800083c0 f i Cooking.obj
 0001:000073d0       ?getHeight@HeightField@Gu@physx@@QEBAMI@Z 00000001800083d0 f i Cooking.obj
 0001:00007400       ?getHeight@HeightField@Gu@physx@@UEBAMMM@Z 0000000180008400 f i Cooking.obj
 0001:00007430       ?getHeightInternal2@HeightField@Gu@physx@@QEBAMIMM@Z 0000000180008430 f i Cooking.obj
 0001:000076a0       ?getHeightInternal@HeightField@Gu@physx@@QEBAMMM@Z 00000001800086a0 f i Cooking.obj
 0001:00007700       ?getHullVertices@ConvexHullData@Gu@physx@@QEBAPEBVPxVec3@3@XZ 0000000180008700 f i Cooking.obj
 0001:00007740       ?getIndexBuffer@ConvexMesh@Gu@physx@@UEBAPEBEXZ 0000000180008740 f i Cooking.obj
 0001:00007760       ?getMaterialIndex0@HeightField@Gu@physx@@QEBAGI@Z 0000000180008760 f i Cooking.obj
 0001:00007790       ?getMaterialIndex1@HeightField@Gu@physx@@QEBAGI@Z 0000000180008790 f i Cooking.obj
 0001:000077c0       ?getMeshData@TriangleMeshBuilder@physx@@QEAAAEAVTriangleMeshData@Gu@2@XZ 00000001800087c0 f i Cooking.obj
 0001:000077d0       ?getName@?$ReflectionAllocator@VCooking@physx@@@shdfnd@physx@@CAPEBDXZ 00000001800087d0 f i Cooking.obj
 0001:00007810       ?getName@?$ReflectionAllocator@VHeightField@Gu@physx@@@shdfnd@physx@@CAPEBDXZ 0000000180008810 f i Cooking.obj
 0001:00007850       ?getName@?$ReflectionAllocator@VQuickHullConvexHullLib@physx@@@shdfnd@physx@@CAPEBDXZ 0000000180008850 f i Cooking.obj
 0001:00007890       ?getNbColumns@HeightField@Gu@physx@@UEBAIXZ 0000000180008890 f i Cooking.obj
 0001:000078a0       ?getNbColumnsFast@HeightField@Gu@physx@@QEBAIXZ 00000001800088a0 f i Cooking.obj
 0001:000078b0       ?getNbPolygons@ConvexMesh@Gu@physx@@UEBAIXZ 00000001800088b0 f i Cooking.obj
 0001:000078c0       ?getNbRows@HeightField@Gu@physx@@UEBAIXZ 00000001800088c0 f i Cooking.obj
 0001:000078d0       ?getNbVertices@ConvexMesh@Gu@physx@@UEBAIXZ 00000001800088d0 f i Cooking.obj
 0001:000078e0       ?getPaddedBounds@HeightFieldData@Gu@physx@@QEBAAEBVCenterExtentsPadded@23@XZ 00000001800088e0 f i Cooking.obj
 0001:000078f0       ?getSample@HeightField@Gu@physx@@QEBAAEBUPxHeightFieldSample@3@I@Z 00000001800088f0 f i Cooking.obj
 0001:00007970       ?getSample@HeightField@Gu@physx@@UEBAAEBUPxHeightFieldSample@3@II@Z 0000000180008970 f i Cooking.obj
 0001:000079b0       ?getSampleStride@HeightField@Gu@physx@@UEBAIXZ 00000001800089b0 f i Cooking.obj
 0001:000079c0       ?getTimestamp@HeightField@Gu@physx@@UEBAIXZ 00000001800089c0 f i Cooking.obj
 0001:000079d0       ?getTriangleMaterial@HeightField@Gu@physx@@QEBAGI@Z 00000001800089d0 f i Cooking.obj
 0001:00007a30       ?getTriangleMaterialIndex@HeightField@Gu@physx@@UEBAGI@Z 0000000180008a30 f i Cooking.obj
 0001:00007a50       ?getTriangleNormal@HeightField@Gu@physx@@UEBA?AVPxVec3@3@I@Z 0000000180008a50 f i Cooking.obj
 0001:00007a90       ?getTriangleNormalInternal@HeightField@Gu@physx@@QEBA?AVPxVec3@3@I@Z 0000000180008a90 f i Cooking.obj
 0001:00007cf0       ?getTriangleVertexIndices@HeightField@Gu@physx@@QEBAXIAEAI00@Z 0000000180008cf0 f i Cooking.obj
 0001:00007e40       ?getType@PxMidphaseDesc@physx@@QEBA?AW4Enum@PxMeshMidPhase@2@XZ 0000000180008e40 f i Cooking.obj
 0001:00007e50       ?getVertexData8@ConvexHullData@Gu@physx@@QEBAPEBEXZ 0000000180008e50 f i Cooking.obj
 0001:00007f30       ?getVertices@ConvexMesh@Gu@physx@@UEBAPEBVPxVec3@3@XZ 0000000180008f30 f i Cooking.obj
 0001:00007f50       ?grow@?$Array@UPxDebugLine@physx@@VNamedAllocator@shdfnd@2@@shdfnd@physx@@IEAAXI@Z 0000000180008f50 f i Cooking.obj
 0001:00007fd0       ?isBitSet@?$PxBitAndDataT@E$0IA@@physx@@QEBAEXZ 0000000180008fd0 f i Cooking.obj
 0001:00007ff0       ?isBitSet@?$PxBitAndDataT@G$0IAAA@@physx@@QEBAGXZ 0000000180008ff0 f i Cooking.obj
 0001:00008010       ?isFirstTriangle@HeightField@Gu@physx@@QEBA_NI@Z 0000000180009010 f i Cooking.obj
 0001:00008050       ?isInUserMemory@?$Array@UPxDebugLine@physx@@VNamedAllocator@shdfnd@2@@shdfnd@physx@@QEBAIXZ 0000000180009050 f i Cooking.obj
 0001:00008070       ?isKindOf@PxBase@physx@@MEBA_NPEBD@Z 0000000180009070 f i Cooking.obj
 0001:000080b0       ?isKindOf@PxConvexMesh@physx@@MEBA_NPEBD@Z 00000001800090b0 f i Cooking.obj
 0001:00008110       ?isKindOf@PxHeightField@physx@@MEBA_NPEBD@Z 0000000180009110 f i Cooking.obj
 0001:00008170       ?isReleasable@PxBase@physx@@UEBA_NXZ 0000000180009170 f i Cooking.obj
 0001:000081b0       ?isValid@PxBVHStructureDesc@physx@@QEBA_NXZ 00000001800091b0 f i Cooking.obj
 0001:000081f0       ?isValid@PxConvexMeshDesc@physx@@QEBA_NXZ 00000001800091f0 f i Cooking.obj
 0001:00008400       ?isValid@PxHeightFieldDesc@physx@@QEBA_NXZ 0000000180009400 f i Cooking.obj
 0001:000084b0       ?isValid@PxSimpleTriangleMesh@physx@@QEBA_NXZ 00000001800094b0 f i Cooking.obj
 0001:00008590       ?isValid@PxTriangleMeshDesc@physx@@QEBA_NXZ 0000000180009590 f i Cooking.obj
 0001:00008600       ?isValidVertex@HeightField@Gu@physx@@QEBA_NI@Z 0000000180009600 f i Cooking.obj
 0001:00008640       ?isZerothVertexShared@HeightField@Gu@physx@@QEBA_NI@Z 0000000180009640 f i Cooking.obj
 0001:00008690       ?littleEndian@shdfnd@physx@@YADXZ 0000000180009690 f i Cooking.obj
 0001:000086b0       ?markSerializedMem@Cm@physx@@YAXPEAXI@Z 00000001800096b0 f i Cooking.obj
 0001:000086f0       ?memCopy@intrinsics@physx@@YAPEAXPEAXPEBXI@Z 00000001800096f0 f i Cooking.obj
 0001:00008720       ?outputSegment@RenderOutput@Cm@physx@@QEAAXAEBVPxVec3@3@0@Z 0000000180009720 f i Cooking.obj
 0001:000087a0       ?preExportDataReset@ConvexMesh@Gu@physx@@QEAAXXZ 00000001800097a0 f i Cooking.obj
 0001:000087c0       ?preExportDataReset@HeightField@Gu@physx@@QEAAXXZ 00000001800097c0 f i Cooking.obj
 0001:000087e0       ?preExportDataReset@RefCountable@Cm@physx@@QEAAXXZ 00000001800097e0 f i Cooking.obj
 0001:00008800       ?recreate@?$Array@UPxDebugLine@physx@@VNamedAllocator@shdfnd@2@@shdfnd@physx@@IEAAXI@Z 0000000180009800 f i Cooking.obj
 0001:00008920       ?reserve@?$Array@UPxDebugLine@physx@@VNamedAllocator@shdfnd@2@@shdfnd@physx@@QEAAXI@Z 0000000180009920 f i Cooking.obj
 0001:00008950       ?reserveSegments@RenderOutput@Cm@physx@@QEAAPEAUPxDebugLine@3@I@Z 0000000180009950 f i Cooking.obj
 0001:00008980       ?size@?$Array@UPxDebugLine@physx@@VNamedAllocator@shdfnd@2@@shdfnd@physx@@QEBAIXZ 0000000180009980 f i Cooking.obj
 0001:00008990       ?tessFlag@PxHeightFieldSample@physx@@QEBAEXZ 0000000180009990 f i Cooking.obj
 0001:000089d0       ??0ReducedVertexCloud@physx@@QEAA@PEBVPxVec3@1@I@Z 00000001800099d0 f   CookingUtils.obj
 0001:00008a30       ??1ReducedVertexCloud@physx@@QEAA@XZ 0000000180009a30 f   CookingUtils.obj
 0001:00008a50       ?Clean@ReducedVertexCloud@physx@@QEAAAEAV12@XZ 0000000180009a50 f   CookingUtils.obj
 0001:00008ac0       ?Reduce@ReducedVertexCloud@physx@@QEAA_NPEAUREDUCEDCLOUD@2@@Z 0000000180009ac0 f   CookingUtils.obj
 0001:00008fc0       ??$?_UM@@YAPEAX_KV?$ReflectionAllocator@M@shdfnd@physx@@PEBDH@Z 0000000180009fc0 f i CookingUtils.obj
 0001:00009000       ??0?$ReflectionAllocator@M@shdfnd@physx@@QEAA@PEBD@Z 000000018000a000 f i CookingUtils.obj
 0001:00009010       ?allocate@?$ReflectionAllocator@M@shdfnd@physx@@QEAAPEAX_KPEBDH@Z 000000018000a010 f i CookingUtils.obj
 0001:00009090       ?getName@?$ReflectionAllocator@M@shdfnd@physx@@CAPEBDXZ 000000018000a090 f i CookingUtils.obj
 0001:000090d0       ??0EdgeList@Gu@physx@@QEAA@XZ 000000018000a0d0 f   EdgeList.obj
 0001:00009120       ??1EdgeList@Gu@physx@@QEAA@XZ 000000018000a120 f   EdgeList.obj
 0001:000091e0       ?load@EdgeList@Gu@physx@@QEAA_NAEAVPxInputStream@3@@Z 000000018000a1e0 f   EdgeList.obj
 0001:00009510       ??0EdgeListBuilder@Gu@physx@@QEAA@XZ 000000018000a510 f   EdgeList.obj
 0001:00009540       ??1EdgeListBuilder@Gu@physx@@QEAA@XZ 000000018000a540 f   EdgeList.obj
 0001:00009560       ?init@EdgeListBuilder@Gu@physx@@QEAA_NAEBUEDGELISTCREATE@23@@Z 000000018000a560 f   EdgeList.obj
 0001:00009740       ?createFacesToEdges@EdgeListBuilder@Gu@physx@@AEAA_NIPEBIPEBG@Z 000000018000a740 f   EdgeList.obj
 0001:00009f10       ?createEdgesToFaces@EdgeListBuilder@Gu@physx@@AEAA_NIPEBIPEBG@Z 000000018000af10 f   EdgeList.obj
 0001:0000a4b0       ?computeActiveEdges@EdgeListBuilder@Gu@physx@@AEAA_NIPEBIPEBGPEBVPxVec3@3@M@Z 000000018000b4b0 f   EdgeList.obj
 0001:0000bfa0       ??$?_UUEdgeData@Gu@physx@@@@YAPEAX_KV?$ReflectionAllocator@UEdgeData@Gu@physx@@@shdfnd@physx@@PEBDH@Z 000000018000cfa0 f i EdgeList.obj
 0001:0000bfe0       ??$?_UUEdgeTriangleData@Gu@physx@@@@YAPEAX_KV?$ReflectionAllocator@UEdgeTriangleData@Gu@physx@@@shdfnd@physx@@PEBDH@Z 000000018000cfe0 f i EdgeList.obj
 0001:0000c020       ??0?$ReflectionAllocator@UEdgeData@Gu@physx@@@shdfnd@physx@@QEAA@PEBD@Z 000000018000d020 f i EdgeList.obj
 0001:0000c030       ??0?$ReflectionAllocator@UEdgeTriangleData@Gu@physx@@@shdfnd@physx@@QEAA@PEBD@Z 000000018000d030 f i EdgeList.obj
 0001:0000c040       ??0PxPlane@physx@@QEAA@AEBVPxVec3@1@00@Z 000000018000d040 f i EdgeList.obj
 0001:0000c100       ??0PxTriangle@physx@@QEAA@AEBVPxVec3@1@00@Z 000000018000d100 f i EdgeList.obj
 0001:0000c1b0       ??1PxTriangle@physx@@QEAA@XZ 000000018000d1b0 f i EdgeList.obj
 0001:0000c1c0       ??DPxVec3@physx@@QEBA?AV01@M@Z 000000018000d1c0 f i EdgeList.obj
 0001:0000c230       ??GPxVec3@physx@@QEBA?AV01@AEBV01@@Z 000000018000d230 f i EdgeList.obj
 0001:0000c2b0       ??_0PxVec3@physx@@QEAAAEAV01@M@Z 000000018000d2b0 f i EdgeList.obj
 0001:0000c330       ?PxAtan2@physx@@YAMMM@Z    000000018000d330 f i EdgeList.obj
 0001:0000c360       ?PxRecipSqrt@physx@@YAMM@Z 000000018000d360 f i EdgeList.obj
 0001:0000c380       ?PxSqrt@physx@@YAMM@Z      000000018000d380 f i EdgeList.obj
 0001:0000c3a0       ?allocate@?$ReflectionAllocator@UEdgeData@Gu@physx@@@shdfnd@physx@@QEAAPEAX_KPEBDH@Z 000000018000d3a0 f i EdgeList.obj
 0001:0000c420       ?allocate@?$ReflectionAllocator@UEdgeTriangleData@Gu@physx@@@shdfnd@physx@@QEAAPEAX_KPEBDH@Z 000000018000d420 f i EdgeList.obj
 0001:0000c4a0       ?angle@shdfnd@physx@@YAMAEBVPxVec3@2@0@Z 000000018000d4a0 f i EdgeList.obj
 0001:0000c500       ?cross@PxVec3@physx@@QEBA?AV12@AEBV12@@Z 000000018000d500 f i EdgeList.obj
 0001:0000c5c0       ?distance@PxPlane@physx@@QEBAMAEBVPxVec3@2@@Z 000000018000d5c0 f i EdgeList.obj
 0001:0000c5f0       ?dot@PxVec3@physx@@QEBAMAEBV12@@Z 000000018000d5f0 f i EdgeList.obj
 0001:0000c640       ?getEdgeToTriangles@EdgeList@Gu@physx@@QEBAPEBUEdgeDescData@23@XZ 000000018000d640 f i EdgeList.obj
 0001:0000c650       ?getEdges@EdgeList@Gu@physx@@QEBAPEBUEdgeData@23@XZ 000000018000d650 f i EdgeList.obj
 0001:0000c660       ?getFacesByEdges@EdgeList@Gu@physx@@QEBAPEBIXZ 000000018000d660 f i EdgeList.obj
 0001:0000c670       ?getName@?$ReflectionAllocator@UEdgeData@Gu@physx@@@shdfnd@physx@@CAPEBDXZ 000000018000d670 f i EdgeList.obj
 0001:0000c6b0       ?getName@?$ReflectionAllocator@UEdgeTriangleData@Gu@physx@@@shdfnd@physx@@CAPEBDXZ 000000018000d6b0 f i EdgeList.obj
 0001:0000c6f0       ?getNbEdges@EdgeList@Gu@physx@@QEBAIXZ 000000018000d6f0 f i EdgeList.obj
 0001:0000c700       ?getNormalized@PxVec3@physx@@QEBA?AV12@XZ 000000018000d700 f i EdgeList.obj
 0001:0000c790       ?magnitude@PxVec3@physx@@QEBAMXZ 000000018000d790 f i EdgeList.obj
 0001:0000c7b0       ?magnitudeSquared@PxVec3@physx@@QEBAMXZ 000000018000d7b0 f i EdgeList.obj
 0001:0000c800       ?normal@PxTriangle@physx@@QEBAXAEAVPxVec3@2@@Z 000000018000d800 f i EdgeList.obj
 0001:0000c8c0       ?normalize@PxVec3@physx@@QEAAMXZ 000000018000d8c0 f i EdgeList.obj
 0001:0000c910       ?recipSqrt@intrinsics@physx@@YAMM@Z 000000018000d910 f i EdgeList.obj
 0001:0000c940       ?sqrt@intrinsics@physx@@YAMM@Z 000000018000d940 f i EdgeList.obj
 0001:0000c960       fabsf                      000000018000d960 f i EdgeList.obj
 0001:0000c980       ??0MeshCleaner@physx@@QEAA@IPEBVPxVec3@1@IPEBIM@Z 000000018000d980 f   MeshCleaner.obj
 0001:0000d650       ??1MeshCleaner@physx@@QEAA@XZ 000000018000e650 f   MeshCleaner.obj
 0001:0000d960       ??9Indices@@QEBA_NAEBU0@@Z 000000018000e960 f i MeshCleaner.obj
 0001:0000da00       ??9PxVec3@physx@@QEBA_NAEBV01@@Z 000000018000ea00 f i MeshCleaner.obj
 0001:0000da70       ?PxFloor@physx@@YAMM@Z     000000018000ea70 f i MeshCleaner.obj
 0001:0000da90       ?nextPowerOfTwo@shdfnd@physx@@YAII@Z 000000018000ea90 f i MeshCleaner.obj
 0001:0000db00       ?createQuantizer@physx@@YAPEAVQuantizer@1@XZ 000000018000eb00 f   Quantizer.obj
 0001:0000db80       ?kmeans_cluster3d@@YAIPEBVPxVec3@physx@@IIPEAV12@PEAIMM@Z 000000018000eb80 f   Quantizer.obj
 0001:0000dbe0       ??$?2V?$ReflectionAllocator@VQuantizerImpl@@@shdfnd@physx@@@UserAllocated@shdfnd@physx@@SAPEAX_KV?$ReflectionAllocator@VQuantizerImpl@@@12@PEBDH@Z 000000018000ebe0 f i Quantizer.obj
 0001:0000dc20       ??$PX_UNUSED@W4PxZERO@physx@@@@YAXAEBW4PxZERO@physx@@@Z 000000018000ec20 f i Quantizer.obj
 0001:0000dc30       ??$PxMax@M@physx@@YAMMM@Z  000000018000ec30 f i Quantizer.obj
 0001:0000dc60       ??$PxMin@M@physx@@YAMMM@Z  000000018000ec60 f i Quantizer.obj
 0001:0000dc90       ??$kmeans_cluster@VPxVec3@physx@@M@@YAIPEBVPxVec3@physx@@IIPEAV01@PEAIMM@Z 000000018000ec90 f i Quantizer.obj
 0001:0000e3f0       ??0?$Array@VPxVec3@physx@@VNamedAllocator@shdfnd@2@@shdfnd@physx@@QEAA@AEBVNamedAllocator@12@@Z 000000018000f3f0 f i Quantizer.obj
 0001:0000e440       ??0?$ReflectionAllocator@VQuantizerImpl@@@shdfnd@physx@@QEAA@PEBD@Z 000000018000f440 f i Quantizer.obj
 0001:0000e450       ??0PxBounds3@physx@@QEAA@XZ 000000018000f450 f i Quantizer.obj
 0001:0000e490       ??0PxVec3@physx@@QEAA@W4PxZERO@1@@Z 000000018000f490 f i Quantizer.obj
 0001:0000e4e0       ??0Quantizer@physx@@QEAA@XZ 000000018000f4e0 f i Quantizer.obj
 0001:0000e500       ??0QuantizerImpl@@QEAA@XZ  000000018000f500 f i Quantizer.obj
 0001:0000e600       ??1?$Array@VPxVec3@physx@@VNamedAllocator@shdfnd@2@@shdfnd@physx@@QEAA@XZ 000000018000f600 f i Quantizer.obj
 0001:0000e670       ??1Quantizer@physx@@MEAA@XZ 000000018000f670 f i Quantizer.obj
 0001:0000e690       ??1QuantizerImpl@@EEAA@XZ  000000018000f690 f i Quantizer.obj
 0001:0000e6e0       ??A?$Array@VPxVec3@physx@@VNamedAllocator@shdfnd@2@@shdfnd@physx@@QEAAAEAVPxVec3@2@I@Z 000000018000f6e0 f i Quantizer.obj
 0001:0000e760       ??APxVec3@physx@@QEAAAEAMI@Z 000000018000f760 f i Quantizer.obj
 0001:0000e7b0       ??HPxVec3@physx@@QEBA?AV01@AEBV01@@Z 000000018000f7b0 f i Quantizer.obj
 0001:0000e830       ??XPxVec3@physx@@QEAAAEAV01@M@Z 000000018000f830 f i Quantizer.obj
 0001:0000e890       ??YPxVec3@physx@@QEAAAEAV01@AEBV01@@Z 000000018000f890 f i Quantizer.obj
 0001:0000e900       ??_EQuantizer@physx@@MEAAPEAXI@Z 000000018000f900 f i Quantizer.obj
 0001:0000e900       ??_GQuantizer@physx@@MEAAPEAXI@Z 000000018000f900 f i Quantizer.obj
 0001:0000e940       ??_EQuantizerImpl@@EEAAPEAXI@Z 000000018000f940 f i Quantizer.obj
 0001:0000e940       ??_GQuantizerImpl@@EEAAPEAXI@Z 000000018000f940 f i Quantizer.obj
 0001:0000e9a0       ?PxAbs@physx@@YAMM@Z       000000018000f9a0 f i Quantizer.obj
 0001:0000e9c0       ?PxIsFinite@physx@@YA_NM@Z 000000018000f9c0 f i Quantizer.obj
 0001:0000e9e0       ?abs@intrinsics@physx@@YAMM@Z 000000018000f9e0 f i Quantizer.obj
 0001:0000ea00       ?allocate@?$Array@VPxVec3@physx@@VNamedAllocator@shdfnd@2@@shdfnd@physx@@IEAAPEAVPxVec3@3@I@Z 000000018000fa00 f i Quantizer.obj
 0001:0000ea90       ?allocate@?$ReflectionAllocator@VQuantizerImpl@@@shdfnd@physx@@QEAAPEAX_KPEBDH@Z 000000018000fa90 f i Quantizer.obj
 0001:0000eb10       ?capacity@?$Array@VPxVec3@physx@@VNamedAllocator@shdfnd@2@@shdfnd@physx@@QEBAIXZ 000000018000fb10 f i Quantizer.obj
 0001:0000eb30       ?capacityIncrement@?$Array@VPxVec3@physx@@VNamedAllocator@shdfnd@2@@shdfnd@physx@@IEBAIXZ 000000018000fb30 f i Quantizer.obj
 0001:0000eb70       ?clear@?$Array@VPxVec3@physx@@VNamedAllocator@shdfnd@2@@shdfnd@physx@@QEAAXXZ 000000018000fb70 f i Quantizer.obj
 0001:0000ebb0       ?copy@?$Array@VPxVec3@physx@@VNamedAllocator@shdfnd@2@@shdfnd@physx@@KAXPEAVPxVec3@3@0PEBV43@@Z 000000018000fbb0 f i Quantizer.obj
 0001:0000ec30       ?deallocate@?$Array@VPxVec3@physx@@VNamedAllocator@shdfnd@2@@shdfnd@physx@@IEAAXPEAX@Z 000000018000fc30 f i Quantizer.obj
 0001:0000ec60       ?destroy@?$Array@VPxVec3@physx@@VNamedAllocator@shdfnd@2@@shdfnd@physx@@KAXPEAVPxVec3@3@0@Z 000000018000fc60 f i Quantizer.obj
 0001:0000ec90       ?getCenter@PxBounds3@physx@@QEBA?AVPxVec3@2@XZ 000000018000fc90 f i Quantizer.obj
 0001:0000ed10       ?getDenormalizeCenter@QuantizerImpl@@UEBAAEBVPxVec3@physx@@XZ 000000018000fd10 f i Quantizer.obj
 0001:0000ed20       ?getDenormalizeScale@QuantizerImpl@@UEBAAEBVPxVec3@physx@@XZ 000000018000fd20 f i Quantizer.obj
 0001:0000ed30       ?getDimensions@PxBounds3@physx@@QEBA?AVPxVec3@2@XZ 000000018000fd30 f i Quantizer.obj
 0001:0000ed90       ?getName@?$ReflectionAllocator@VQuantizerImpl@@@shdfnd@physx@@CAPEBDXZ 000000018000fd90 f i Quantizer.obj
 0001:0000edd0       ?growAndPushBack@?$Array@VPxVec3@physx@@VNamedAllocator@shdfnd@2@@shdfnd@physx@@IEAAAEAVPxVec3@3@AEBV43@@Z 000000018000fdd0 f i Quantizer.obj
 0001:0000ef60       ?include@PxBounds3@physx@@QEAAXAEBVPxVec3@2@@Z 000000018000ff60 f i Quantizer.obj
 0001:0000eff0       ?isFinite@PxBounds3@physx@@QEBA_NXZ 000000018000fff0 f i Quantizer.obj
 0001:0000f050       ?isFinite@PxVec3@physx@@QEBA_NXZ 0000000180010050 f i Quantizer.obj
 0001:0000f0c0       ?isFinite@intrinsics@physx@@YA_NM@Z 00000001800100c0 f i Quantizer.obj
 0001:0000f100       ?isInUserMemory@?$Array@VPxVec3@physx@@VNamedAllocator@shdfnd@2@@shdfnd@physx@@QEBAIXZ 0000000180010100 f i Quantizer.obj
 0001:0000f120       ?isValid@PxBounds3@physx@@QEBA_NXZ 0000000180010120 f i Quantizer.obj
 0001:0000f210       ?kmeansQuantize3D@QuantizerImpl@@UEAAPEBVPxVec3@physx@@IPEBV23@I_NIAEAI@Z 0000000180010210 f i Quantizer.obj
 0001:0000f540       ?maximum@PxVec3@physx@@QEBA?AV12@AEBV12@@Z 0000000180010540 f i Quantizer.obj
 0001:0000f5e0       ?minimum@PxVec3@physx@@QEBA?AV12@AEBV12@@Z 00000001800105e0 f i Quantizer.obj
 0001:0000f680       ?multiply@PxVec3@physx@@QEBA?AV12@AEBV12@@Z 0000000180010680 f i Quantizer.obj
 0001:0000f700       ?normalizeInput@QuantizerImpl@@AEAAXIPEBVPxVec3@physx@@I@Z 0000000180010700 f i Quantizer.obj
 0001:0000f9a0       ?pushBack@?$Array@VPxVec3@physx@@VNamedAllocator@shdfnd@2@@shdfnd@physx@@QEAAAEAVPxVec3@3@AEBV43@@Z 00000001800109a0 f i Quantizer.obj
 0001:0000fa40       ?release@QuantizerImpl@@UEAAXXZ 0000000180010a40 f i Quantizer.obj
 0001:0000fa90       ?selectMax@intrinsics@physx@@YAMMM@Z 0000000180010a90 f i Quantizer.obj
 0001:0000fad0       ?selectMin@intrinsics@physx@@YAMMM@Z 0000000180010ad0 f i Quantizer.obj
 0001:0000fb10       ?setEmpty@PxBounds3@physx@@QEAAXXZ 0000000180010b10 f i Quantizer.obj
 0001:0000fb60       ??0BVHStructureBuilder@physx@@QEAA@XZ 0000000180010b60 f   BVHStructureBuilder.obj
 0001:0000fbb0       ??1BVHStructureBuilder@physx@@QEAA@XZ 0000000180010bb0 f   BVHStructureBuilder.obj
 0001:0000fc40       ?loadFromDesc@BVHStructureBuilder@physx@@QEAA_NAEBVPxBVHStructureDesc@2@@Z 0000000180010c40 f   BVHStructureBuilder.obj
 0001:0000ff80       ?save@BVHStructureBuilder@physx@@QEBA_NAEAVPxOutputStream@2@_N@Z 0000000180010f80 f   BVHStructureBuilder.obj
 0001:00010180       ?moveData@BVHStructureBuilder@physx@@QEAAXAEAUBVHStructureData@Gu@2@@Z 0000000180011180 f   BVHStructureBuilder.obj
 0001:00010230       ?flatten@@YAXAEBVNodeAllocator@Gu@physx@@PEAUBVHNode@23@@Z 0000000180011230 f   BVHStructureBuilder.obj
 0001:000105d0       ??$?4VNamedAllocator@shdfnd@physx@@@?$Array@USlab@NodeAllocator@Gu@physx@@VNamedAllocator@shdfnd@4@@shdfnd@physx@@QEAAAEAV012@AEBV012@@Z 00000001800115d0 f i BVHStructureBuilder.obj
 0001:00010660       ??$PX_UNUSED@_N@@YAXAEB_N@Z 0000000180011660 f i BVHStructureBuilder.obj
 0001:00010670       ??$copy@VNamedAllocator@shdfnd@physx@@@?$Array@USlab@NodeAllocator@Gu@physx@@VNamedAllocator@shdfnd@4@@shdfnd@physx@@IEAAXAEBV012@@Z 0000000180011670 f i BVHStructureBuilder.obj
 0001:00010730       ??0?$Array@USlab@NodeAllocator@Gu@physx@@VNamedAllocator@shdfnd@4@@shdfnd@physx@@QEAA@AEBV012@AEBVNamedAllocator@12@@Z 0000000180011730 f i BVHStructureBuilder.obj
 0001:00010770       ??0AABBTreeBuildNode@Gu@physx@@QEAA@AEBV012@@Z 0000000180011770 f i BVHStructureBuilder.obj
 0001:000107d0       ??0AABBTreeBuildNode@Gu@physx@@QEAA@XZ 00000001800117d0 f i BVHStructureBuilder.obj
 0001:000107f0       ??0AABBTreeBuildParams@Gu@physx@@QEAA@IIPEBVPxBounds3@2@@Z 00000001800117f0 f i BVHStructureBuilder.obj
 0001:00010840       ??0BuildStats@Gu@physx@@QEAA@XZ 0000000180011840 f i BVHStructureBuilder.obj
 0001:00010870       ??0NodeAllocator@Gu@physx@@QEAA@AEBV012@@Z 0000000180011870 f i BVHStructureBuilder.obj
 0001:00010900       ??0PxBounds3@physx@@QEAA@AEBV01@@Z 0000000180011900 f i BVHStructureBuilder.obj
 0001:00010950       ??0PxVec4@physx@@QEAA@XZ   0000000180011950 f i BVHStructureBuilder.obj
 0001:00010960       ??1AABBTreeBuildNode@Gu@physx@@QEAA@XZ 0000000180011960 f i BVHStructureBuilder.obj
 0001:00010970       ??1AABBTreeBuildParams@Gu@physx@@QEAA@XZ 0000000180011970 f i BVHStructureBuilder.obj
 0001:00010990       ??4?$Array@USlab@NodeAllocator@Gu@physx@@VNamedAllocator@shdfnd@4@@shdfnd@physx@@QEAAAEAV012@AEBV012@@Z 0000000180011990 f i BVHStructureBuilder.obj
 0001:000109c0       ??4AABBTreeBuildNode@Gu@physx@@QEAAAEAV012@AEBV012@@Z 00000001800119c0 f i BVHStructureBuilder.obj
 0001:00010a20       ??4AABBTreeBuildParams@Gu@physx@@QEAAAEAV012@AEBV012@@Z 0000000180011a20 f i BVHStructureBuilder.obj
 0001:00010a50       ??4BuildStats@Gu@physx@@QEAAAEAU012@$$QEAU012@@Z 0000000180011a50 f i BVHStructureBuilder.obj
 0001:00010a80       ??4BuildStats@Gu@physx@@QEAAAEAU012@AEBU012@@Z 0000000180011a80 f i BVHStructureBuilder.obj
 0001:00010aa0       ??4NodeAllocator@Gu@physx@@QEAAAEAV012@AEBV012@@Z 0000000180011aa0 f i BVHStructureBuilder.obj
 0001:00010b10       ??4PxBounds3@physx@@QEAAAEAV01@AEBV01@@Z 0000000180011b10 f i BVHStructureBuilder.obj
 0001:00010b60       ??A?$Array@USlab@NodeAllocator@Gu@physx@@VNamedAllocator@shdfnd@4@@shdfnd@physx@@QEBAAEBUSlab@NodeAllocator@Gu@2@I@Z 0000000180011b60 f i BVHStructureBuilder.obj
 0001:00010be0       ??_FAABBTreeBuildParams@Gu@physx@@QEAAXXZ 0000000180011be0 f i BVHStructureBuilder.obj
 0001:00010c10       ?V4Add@aos@shdfnd@physx@@YA?AT__m128@@T4@0@Z 0000000180011c10 f i BVHStructureBuilder.obj
 0001:00010c40       ?V4LoadU@aos@shdfnd@physx@@YA?AT__m128@@QEBM@Z 0000000180011c40 f i BVHStructureBuilder.obj
 0001:00010c60       ?V4Scale@aos@shdfnd@physx@@YA?AT__m128@@T4@0@Z 0000000180011c60 f i BVHStructureBuilder.obj
 0001:00010c90       ?V4StoreA@aos@shdfnd@physx@@YAXT__m128@@PEAM@Z 0000000180011c90 f i BVHStructureBuilder.obj
 0001:00010d10       ?V4StoreU@aos@shdfnd@physx@@YAXT__m128@@PEAM@Z 0000000180011d10 f i BVHStructureBuilder.obj
 0001:00010d30       ?V4Sub@aos@shdfnd@physx@@YA?AT__m128@@T4@0@Z 0000000180011d30 f i BVHStructureBuilder.obj
 0001:00010d60       ?__global_array_delete@@YAXPEAX@Z 0000000180011d60 f i BVHStructureBuilder.obj
 0001:00010d80       ?__global_array_delete@@YAXPEAX_K@Z 0000000180011d80 f i BVHStructureBuilder.obj
 0001:00010db0       ?__global_delete@@YAXPEAX@Z 0000000180011db0 f i BVHStructureBuilder.obj
 0001:00010dd0       ?__global_delete@@YAXPEAX_K@Z 0000000180011dd0 f i BVHStructureBuilder.obj
 0001:00010e00       ?allocate@?$Array@USlab@NodeAllocator@Gu@physx@@VNamedAllocator@shdfnd@4@@shdfnd@physx@@IEAAPEAUSlab@NodeAllocator@Gu@3@I@Z 0000000180011e00 f i BVHStructureBuilder.obj
 0001:00010e90       ?begin@?$Array@USlab@NodeAllocator@Gu@physx@@VNamedAllocator@shdfnd@4@@shdfnd@physx@@QEBAPEBUSlab@NodeAllocator@Gu@3@XZ 0000000180011e90 f i BVHStructureBuilder.obj
 0001:00010ea0       ?capacity@?$Array@USlab@NodeAllocator@Gu@physx@@VNamedAllocator@shdfnd@4@@shdfnd@physx@@QEBAIXZ 0000000180011ea0 f i BVHStructureBuilder.obj
 0001:00010ec0       ?clear@?$Array@USlab@NodeAllocator@Gu@physx@@VNamedAllocator@shdfnd@4@@shdfnd@physx@@QEAAXXZ 0000000180011ec0 f i BVHStructureBuilder.obj
 0001:00010f00       ?copy@?$Array@USlab@NodeAllocator@Gu@physx@@VNamedAllocator@shdfnd@4@@shdfnd@physx@@KAXPEAUSlab@NodeAllocator@Gu@3@0PEBU4563@@Z 0000000180011f00 f i BVHStructureBuilder.obj
 0001:00010f80       ?deallocate@?$Array@USlab@NodeAllocator@Gu@physx@@VNamedAllocator@shdfnd@4@@shdfnd@physx@@IEAAXPEAX@Z 0000000180011f80 f i BVHStructureBuilder.obj
 0001:00010fb0       ?destroy@?$Array@USlab@NodeAllocator@Gu@physx@@VNamedAllocator@shdfnd@4@@shdfnd@physx@@KAXPEAUSlab@NodeAllocator@Gu@3@0@Z 0000000180011fb0 f i BVHStructureBuilder.obj
 0001:00010fe0       ?empty@?$Array@USlab@NodeAllocator@Gu@physx@@VNamedAllocator@shdfnd@4@@shdfnd@physx@@QEBA_NXZ 0000000180011fe0 f i BVHStructureBuilder.obj
 0001:00011010       ?getAABB@AABBTreeBuildNode@Gu@physx@@QEBAAEBVPxBounds3@3@XZ 0000000180012010 f i BVHStructureBuilder.obj
 0001:00011020       ?getCount@BuildStats@Gu@physx@@QEBAIXZ 0000000180012020 f i BVHStructureBuilder.obj
 0001:00011030       ?getNbPrimitives@AABBTreeBuildNode@Gu@physx@@QEBAIXZ 0000000180012030 f i BVHStructureBuilder.obj
 0001:00011040       ?getNbRuntimePrimitives@AABBTreeBuildNode@Gu@physx@@QEBAIXZ 0000000180012040 f i BVHStructureBuilder.obj
 0001:00011050       ?getNeg@AABBTreeBuildNode@Gu@physx@@QEBAPEBV123@XZ 0000000180012050 f i BVHStructureBuilder.obj
 0001:00011090       ?getPos@AABBTreeBuildNode@Gu@physx@@QEBAPEBV123@XZ 0000000180012090 f i BVHStructureBuilder.obj
 0001:000110a0       ?getPrimitives@AABBTreeBuildNode@Gu@physx@@QEAAPEAIPEAI@Z 00000001800120a0 f i BVHStructureBuilder.obj
 0001:000110c0       ?getPrimitives@AABBTreeBuildNode@Gu@physx@@QEBAPEBIPEBI@Z 00000001800120c0 f i BVHStructureBuilder.obj
 0001:000110e0       ?grow@?$Array@USlab@NodeAllocator@Gu@physx@@VNamedAllocator@shdfnd@4@@shdfnd@physx@@IEAAXI@Z 00000001800120e0 f i BVHStructureBuilder.obj
 0001:00011160       ?increaseCount@BuildStats@Gu@physx@@QEAAXI@Z 0000000180012160 f i BVHStructureBuilder.obj
 0001:00011180       ?inflateBounds@@YAXAEAVPxBounds3@physx@@AEBV12@@Z 0000000180012180 f i BVHStructureBuilder.obj
 0001:00011370       ?isAligned16@aos@shdfnd@physx@@YA_NPEAX@Z 0000000180012370 f i BVHStructureBuilder.obj
 0001:000113a0       ?isInUserMemory@?$Array@USlab@NodeAllocator@Gu@physx@@VNamedAllocator@shdfnd@4@@shdfnd@physx@@QEBAIXZ 00000001800123a0 f i BVHStructureBuilder.obj
 0001:000113c0       ?isLeaf@AABBTreeBuildNode@Gu@physx@@QEBA_NXZ 00000001800123c0 f i BVHStructureBuilder.obj
 0001:00011400       ?recreate@?$Array@USlab@NodeAllocator@Gu@physx@@VNamedAllocator@shdfnd@4@@shdfnd@physx@@IEAAXI@Z 0000000180012400 f i BVHStructureBuilder.obj
 0001:00011520       ?reserve@?$Array@USlab@NodeAllocator@Gu@physx@@VNamedAllocator@shdfnd@4@@shdfnd@physx@@QEAAXI@Z 0000000180012520 f i BVHStructureBuilder.obj
 0001:00011550       ?reset@AABBTreeBuildParams@Gu@physx@@QEAAXXZ 0000000180012550 f i BVHStructureBuilder.obj
 0001:000115b0       ?reset@BuildStats@Gu@physx@@QEAAXXZ 00000001800125b0 f i BVHStructureBuilder.obj
 0001:000115d0       ?setCount@BuildStats@Gu@physx@@QEAAXI@Z 00000001800125d0 f i BVHStructureBuilder.obj
 0001:000115f0       ?setNbRunTimePrimitives@AABBTreeBuildNode@Gu@physx@@QEAAXI@Z 00000001800125f0 f i BVHStructureBuilder.obj
 0001:00011610       ?size@?$Array@USlab@NodeAllocator@Gu@physx@@VNamedAllocator@shdfnd@4@@shdfnd@physx@@QEBAIXZ 0000000180012610 f i BVHStructureBuilder.obj
 0001:00011620       ?saveHeightField@physx@@YA_NAEBVHeightField@Gu@1@AEAVPxOutputStream@1@_N@Z 0000000180012620 f   HeightFieldCooking.obj
 0001:000119d0       ??APxVec3@physx@@QEBAAEBMI@Z 00000001800129d0 f i HeightFieldCooking.obj
 0001:00011a20       ??B?$PxFlags@W4Enum@PxHeightFieldFlag@physx@@G@physx@@QEBAGXZ 0000000180012a20 f i HeightFieldCooking.obj
 0001:00011a30       ?getData@HeightField@Gu@physx@@QEBAAEBUHeightFieldData@23@XZ 0000000180012a30 f i HeightFieldCooking.obj
 0001:00011a40       ?getMax@CenterExtents@Gu@physx@@QEBAMI@Z 0000000180012a40 f i HeightFieldCooking.obj
 0001:00011a90       ?getMin@CenterExtents@Gu@physx@@QEBAMI@Z 0000000180012a90 f i HeightFieldCooking.obj
 0001:00011ae0       ?buildFromTriangles@RTreeCooker@physx@@SAXAEAURTree@Gu@2@PEBVPxVec3@2@IPEBGPEBIIAEAV?$Array@IVNamedAllocator@shdfnd@physx@@@shdfnd@2@PEAURemapCallback@12@MW4Enum@PxMeshCookingHint@2@@Z 0000000180012ae0 f   RTreeCooking.obj
 0001:00013320       ??$PX_UNUSED@I@@YAXAEBI@Z  0000000180014320 f i RTreeCooking.obj
 0001:00013330       ??$PX_UNUSED@M@@YAXAEBM@Z  0000000180014330 f i RTreeCooking.obj
 0001:00013340       ??$PX_UNUSED@PEAURTreeNodeNQ@physx@@@@YAXAEBQEAURTreeNodeNQ@physx@@@Z 0000000180014340 f i RTreeCooking.obj
 0001:00013350       ??$PX_UNUSED@URTreeNodeNQ@physx@@@@YAXAEBURTreeNodeNQ@physx@@@Z 0000000180014350 f i RTreeCooking.obj
 0001:00013360       ??$PxMax@H@physx@@YAHHH@Z  0000000180014360 f i RTreeCooking.obj
 0001:00013390       ??$PxMin@I@physx@@YAIII@Z  0000000180014390 f i RTreeCooking.obj
 0001:000133c0       ??$median3@I$$CBU?$Less@I@shdfnd@physx@@@internal@shdfnd@physx@@YAXPEAIHHAEBU?$Less@I@12@@Z 00000001800143c0 f i RTreeCooking.obj
 0001:00013520       ??$median3@I$$CBUSortBoundsPredicate@physx@@@internal@shdfnd@physx@@YAXPEAIHHAEBUSortBoundsPredicate@2@@Z 0000000180014520 f i RTreeCooking.obj
 0001:00013680       ??$partition@I$$CBU?$Less@I@shdfnd@physx@@@internal@shdfnd@physx@@YAHPEAIHHAEBU?$Less@I@12@@Z 0000000180014680 f i RTreeCooking.obj
 0001:00013870       ??$partition@I$$CBUSortBoundsPredicate@physx@@@internal@shdfnd@physx@@YAHPEAIHHAEBUSortBoundsPredicate@2@@Z 0000000180014870 f i RTreeCooking.obj
 0001:00013a60       ??$partition@UBoundsLTE@physx@@@quickSelect@physx@@YAIPEIAIIIIAEBUBoundsLTE@1@@Z 0000000180014a60 f i RTreeCooking.obj
 0001:00013db0       ??$quickSelectFirstK@UBoundsLTE@physx@@@quickSelect@physx@@YAXPEIAIIIIAEBUBoundsLTE@1@@Z 0000000180014db0 f i RTreeCooking.obj
 0001:00013f10       ??$smallSort@I$$CBU?$Less@I@shdfnd@physx@@@internal@shdfnd@physx@@YAXPEAIHHAEBU?$Less@I@12@@Z 0000000180014f10 f i RTreeCooking.obj
 0001:00013ff0       ??$smallSort@I$$CBUSortBoundsPredicate@physx@@@internal@shdfnd@physx@@YAXPEAIHHAEBUSortBoundsPredicate@2@@Z 0000000180014ff0 f i RTreeCooking.obj
 0001:000140d0       ??$sort@I@shdfnd@physx@@YAXPEAII@Z 00000001800150d0 f i RTreeCooking.obj
 0001:00014120       ??$sort@IU?$Less@I@shdfnd@physx@@VNamedAllocator@23@@shdfnd@physx@@YAXPEAIIAEBU?$Less@I@01@AEBVNamedAllocator@01@I@Z 0000000180015120 f i RTreeCooking.obj
 0001:00014410       ??$sort@IUSortBoundsPredicate@physx@@@shdfnd@physx@@YAXPEAIIAEBUSortBoundsPredicate@1@@Z 0000000180015410 f i RTreeCooking.obj
 0001:00014460       ??$sort@IUSortBoundsPredicate@physx@@VNamedAllocator@shdfnd@2@@shdfnd@physx@@YAXPEAIIAEBUSortBoundsPredicate@1@AEBVNamedAllocator@01@I@Z 0000000180015460 f i RTreeCooking.obj
 0001:00014750       ??0?$AlignedAllocator@$0IA@VNonTrackingAllocator@shdfnd@physx@@@shdfnd@physx@@QEAA@AEBVNonTrackingAllocator@12@@Z 0000000180015750 f i RTreeCooking.obj
 0001:00014760       ??0?$Array@IVNamedAllocator@shdfnd@physx@@@shdfnd@physx@@QEAA@IAEBIAEBVNamedAllocator@12@@Z 0000000180015760 f i RTreeCooking.obj
 0001:000147d0       ??0?$Array@UInterval@physx@@V?$InlineAllocator@$0CAAA@VNamedAllocator@shdfnd@physx@@@shdfnd@2@@shdfnd@physx@@QEAA@AEBV?$InlineAllocator@$0CAAA@VNamedAllocator@shdfnd@physx@@@12@@Z 00000001800157d0 f i RTreeCooking.obj
 0001:00014830       ??0?$Array@UPxBounds3V@physx@@VNamedAllocator@shdfnd@2@@shdfnd@physx@@QEAA@AEBVNamedAllocator@12@@Z 0000000180015830 f i RTreeCooking.obj
 0001:00014880       ??0?$Array@URTreeNodeNQ@physx@@VNamedAllocator@shdfnd@2@@shdfnd@physx@@QEAA@AEBVNamedAllocator@12@@Z 0000000180015880 f i RTreeCooking.obj
 0001:000148d0       ??0?$Array@URTreeNodeQ@Gu@physx@@VNamedAllocator@shdfnd@3@@shdfnd@physx@@QEAA@AEBVNamedAllocator@12@@Z 00000001800158d0 f i RTreeCooking.obj
 0001:00014920       ??0?$InlineAllocator@$0CAAA@VNamedAllocator@shdfnd@physx@@@shdfnd@physx@@QEAA@AEBV012@@Z 0000000180015920 f i RTreeCooking.obj
 0001:00014960       ??0?$InlineAllocator@$0CAAA@VNamedAllocator@shdfnd@physx@@@shdfnd@physx@@QEAA@AEBVNamedAllocator@12@@Z 0000000180015960 f i RTreeCooking.obj
 0001:000149a0       ??0?$InlineArray@UInterval@physx@@$0EAA@VNamedAllocator@shdfnd@2@@shdfnd@physx@@QEAA@AEBVNamedAllocator@12@@Z 00000001800159a0 f i RTreeCooking.obj
 0001:00014a30       ??0?$ScopedPointer@HVTempAllocator@shdfnd@physx@@@shdfnd@physx@@QEAA@XZ 0000000180015a30 f i RTreeCooking.obj
 0001:00014a50       ??0?$Stack@VNamedAllocator@shdfnd@physx@@@internal@shdfnd@physx@@QEAA@PEAHIAEBVNamedAllocator@23@@Z 0000000180015a50 f i RTreeCooking.obj
 0001:00014ac0       ??0BoundsLTE@physx@@QEAA@IPEBVPxVec3@1@@Z 0000000180015ac0 f i RTreeCooking.obj
 0001:00014af0       ??0Interval@physx@@QEAA@II@Z 0000000180015af0 f i RTreeCooking.obj
 0001:00014b20       ??0PxBounds3@physx@@QEAA@AEBVPxVec3@1@0@Z 0000000180015b20 f i RTreeCooking.obj
 0001:00014b70       ??0PxBounds3V@physx@@QEAA@AEAT__m128@@0@Z 0000000180015b70 f i RTreeCooking.obj
 0001:00014bb0       ??0PxBounds3V@physx@@QEAA@UU@01@@Z 0000000180015bb0 f i RTreeCooking.obj
 0001:00014bc0       ??0PxVec4@physx@@QEAA@AEBVPxVec3@1@M@Z 0000000180015bc0 f i RTreeCooking.obj
 0001:00014c20       ??0PxVec4@physx@@QEAA@M@Z  0000000180015c20 f i RTreeCooking.obj
 0001:00014c70       ??0RTreeNodeNQ@physx@@QEAA@AEBU01@@Z 0000000180015c70 f i RTreeCooking.obj
 0001:00014cc0       ??0RTreeNodeNQ@physx@@QEAA@XZ 0000000180015cc0 f i RTreeCooking.obj
 0001:00014d00       ??0SortBoundsPredicate@physx@@QEAA@IPEBUPxBounds3V@1@@Z 0000000180015d00 f i RTreeCooking.obj
 0001:00014d30       ??0SubSortQuick@physx@@QEAA@PEAIPEBUPxBounds3V@1@IM@Z 0000000180015d30 f i RTreeCooking.obj
 0001:00014ea0       ??0SubSortSAH@physx@@QEAA@PEAIPEBUPxBounds3V@1@IPEBI22222M@Z 0000000180015ea0 f i RTreeCooking.obj
 0001:000150c0       ??0TempAllocator@shdfnd@physx@@QEAA@PEBD@Z 00000001800160c0 f i RTreeCooking.obj
 0001:000150d0       ??1?$Array@IVNamedAllocator@shdfnd@physx@@@shdfnd@physx@@QEAA@XZ 00000001800160d0 f i RTreeCooking.obj
 0001:00015140       ??1?$Array@UInterval@physx@@V?$InlineAllocator@$0CAAA@VNamedAllocator@shdfnd@physx@@@shdfnd@2@@shdfnd@physx@@QEAA@XZ 0000000180016140 f i RTreeCooking.obj
 0001:000151c0       ??1?$Array@UPxBounds3V@physx@@VNamedAllocator@shdfnd@2@@shdfnd@physx@@QEAA@XZ 00000001800161c0 f i RTreeCooking.obj
 0001:00015230       ??1?$Array@URTreeNodeNQ@physx@@VNamedAllocator@shdfnd@2@@shdfnd@physx@@QEAA@XZ 0000000180016230 f i RTreeCooking.obj
 0001:000152a0       ??1?$Array@URTreeNodeQ@Gu@physx@@VNamedAllocator@shdfnd@3@@shdfnd@physx@@QEAA@XZ 00000001800162a0 f i RTreeCooking.obj
 0001:00015310       ??1?$InlineAllocator@$0CAAA@VNamedAllocator@shdfnd@physx@@@shdfnd@physx@@QEAA@XZ 0000000180016310 f i RTreeCooking.obj
 0001:00015330       ??1?$InlineArray@UInterval@physx@@$0EAA@VNamedAllocator@shdfnd@2@@shdfnd@physx@@QEAA@XZ 0000000180016330 f i RTreeCooking.obj
 0001:00015350       ??1?$ScopedPointer@HVTempAllocator@shdfnd@physx@@@shdfnd@physx@@QEAA@XZ 0000000180016350 f i RTreeCooking.obj
 0001:00015380       ??1?$Stack@VNamedAllocator@shdfnd@physx@@@internal@shdfnd@physx@@QEAA@XZ 0000000180016380 f i RTreeCooking.obj
 0001:000153c0       ??1SubSortQuick@physx@@QEAA@XZ 00000001800163c0 f i RTreeCooking.obj
 0001:000153e0       ??1SubSortSAH@physx@@QEAA@XZ 00000001800163e0 f i RTreeCooking.obj
 0001:000154a0       ??4PxVec4@physx@@QEAAAEAV01@AEBV01@@Z 00000001800164a0 f i RTreeCooking.obj
 0001:00015500       ??A?$Array@IVNamedAllocator@shdfnd@physx@@@shdfnd@physx@@QEAAAEAII@Z 0000000180016500 f i RTreeCooking.obj
 0001:00015580       ??A?$Array@UInterval@physx@@V?$InlineAllocator@$0CAAA@VNamedAllocator@shdfnd@physx@@@shdfnd@2@@shdfnd@physx@@QEAAAEAUInterval@2@I@Z 0000000180016580 f i RTreeCooking.obj
 0001:00015600       ??A?$Array@URTreeNodeNQ@physx@@VNamedAllocator@shdfnd@2@@shdfnd@physx@@QEAAAEAURTreeNodeNQ@2@I@Z 0000000180016600 f i RTreeCooking.obj
 0001:00015680       ??A?$Array@URTreeNodeQ@Gu@physx@@VNamedAllocator@shdfnd@3@@shdfnd@physx@@QEAAAEAURTreeNodeQ@Gu@2@I@Z 0000000180016680 f i RTreeCooking.obj
 0001:00015700       ??B?$ScopedPointer@HVTempAllocator@shdfnd@physx@@@shdfnd@physx@@QEBAPEAHXZ 0000000180016700 f i RTreeCooking.obj
 0001:00015710       ??GPxVec4@physx@@QEBA?AV01@AEBV01@@Z 0000000180016710 f i RTreeCooking.obj
 0001:000157a0       ??KPxVec4@physx@@QEBA?AV01@M@Z 00000001800167a0 f i RTreeCooking.obj
 0001:00015840       ??R?$Less@I@shdfnd@physx@@QEBA_NAEBI0@Z 0000000180016840 f i RTreeCooking.obj
 0001:00015880       ??RBoundsLTE@physx@@QEBA_NAEBI0@Z 0000000180016880 f i RTreeCooking.obj
 0001:00015920       ??RSortBoundsPredicate@physx@@QEBA_NAEBI0@Z 0000000180016920 f i RTreeCooking.obj
 0001:00015a50       ?FMax@aos@shdfnd@physx@@YA?AT__m128@@XZ 0000000180016a50 f i RTreeCooking.obj
 0001:00015a70       ?FNegMax@aos@shdfnd@physx@@YA?AT__m128@@XZ 0000000180016a70 f i RTreeCooking.obj
 0001:00015a90       ?FStore@aos@shdfnd@physx@@YAXT__m128@@PEIAM@Z 0000000180016a90 f i RTreeCooking.obj
 0001:00015b20       ?PxAbs@physx@@YAHH@Z       0000000180016b20 f i RTreeCooking.obj
 0001:00015b40       ?V3Add@aos@shdfnd@physx@@YA?AT__m128@@T4@0@Z 0000000180016b40 f i RTreeCooking.obj
 0001:00015c50       ?V3Dot@aos@shdfnd@physx@@YA?AT__m128@@T4@0@Z 0000000180016c50 f i RTreeCooking.obj
 0001:00015df0       ?V3LoadU@aos@shdfnd@physx@@YA?AT__m128@@AEBVPxVec3@3@@Z 0000000180016df0 f i RTreeCooking.obj
 0001:00015e40       ?V3Max@aos@shdfnd@physx@@YA?AT__m128@@T4@0@Z 0000000180016e40 f i RTreeCooking.obj
 0001:00015f50       ?V3Min@aos@shdfnd@physx@@YA?AT__m128@@T4@0@Z 0000000180016f50 f i RTreeCooking.obj
 0001:00016060       ?V3PermZXY@aos@shdfnd@physx@@YA?AT__m128@@T4@@Z 0000000180017060 f i RTreeCooking.obj
 0001:000160f0       ?V3ReadXYZ@aos@shdfnd@physx@@YAAEBVPxVec3@3@AEBT__m128@@@Z 00000001800170f0 f i RTreeCooking.obj
 0001:00016100       ?V3Splat@aos@shdfnd@physx@@YA?AT__m128@@T4@@Z 0000000180017100 f i RTreeCooking.obj
 0001:000161e0       ?V3StoreA@aos@shdfnd@physx@@YAXT__m128@@AEAVPxVec3@3@@Z 00000001800171e0 f i RTreeCooking.obj
 0001:000162a0       ?V3StoreU@aos@shdfnd@physx@@YAXT__m128@@AEAVPxVec3@3@@Z 00000001800172a0 f i RTreeCooking.obj
 0001:00016310       ?V3Sub@aos@shdfnd@physx@@YA?AT__m128@@T4@0@Z 0000000180017310 f i RTreeCooking.obj
 0001:00016420       ?V3Zero@aos@shdfnd@physx@@YA?AT__m128@@XZ 0000000180017420 f i RTreeCooking.obj
 0001:00016440       ?V4ClearW@aos@shdfnd@physx@@YA?AT__m128@@T4@@Z 0000000180017440 f i RTreeCooking.obj
 0001:00016470       ?V4ReadW@aos@shdfnd@physx@@YAMAEBT__m128@@@Z 0000000180017470 f i RTreeCooking.obj
 0001:00016480       ?V4ReadX@aos@shdfnd@physx@@YAMAEBT__m128@@@Z 0000000180017480 f i RTreeCooking.obj
 0001:00016490       ?V4ReadY@aos@shdfnd@physx@@YAMAEBT__m128@@@Z 0000000180017490 f i RTreeCooking.obj
 0001:000164a0       ?V4ReadZ@aos@shdfnd@physx@@YAMAEBT__m128@@@Z 00000001800174a0 f i RTreeCooking.obj
 0001:000164b0       ?Vec3V_From_FloatV@aos@shdfnd@physx@@YA?AT__m128@@T4@@Z 00000001800174b0 f i RTreeCooking.obj
 0001:00016500       ?Vec3V_From_Vec4V@aos@shdfnd@physx@@YA?AT__m128@@T4@@Z 0000000180017500 f i RTreeCooking.obj
 0001:00016530       ?Vec4V_From_FloatV@aos@shdfnd@physx@@YA?AT__m128@@T4@@Z 0000000180017530 f i RTreeCooking.obj
 0001:00016540       ?allocate@?$AlignedAllocator@$0IA@VNonTrackingAllocator@shdfnd@physx@@@shdfnd@physx@@QEAAPEAX_KPEBDH@Z 0000000180017540 f i RTreeCooking.obj
 0001:000165e0       ?allocate@?$Array@IVNamedAllocator@shdfnd@physx@@@shdfnd@physx@@IEAAPEAII@Z 00000001800175e0 f i RTreeCooking.obj
 0001:00016670       ?allocate@?$Array@UInterval@physx@@V?$InlineAllocator@$0CAAA@VNamedAllocator@shdfnd@physx@@@shdfnd@2@@shdfnd@physx@@IEAAPEAUInterval@3@I@Z 0000000180017670 f i RTreeCooking.obj
 0001:00016700       ?allocate@?$Array@UPxBounds3V@physx@@VNamedAllocator@shdfnd@2@@shdfnd@physx@@IEAAPEAUPxBounds3V@3@I@Z 0000000180017700 f i RTreeCooking.obj
 0001:00016790       ?allocate@?$Array@URTreeNodeNQ@physx@@VNamedAllocator@shdfnd@2@@shdfnd@physx@@IEAAPEAURTreeNodeNQ@3@I@Z 0000000180017790 f i RTreeCooking.obj
 0001:00016820       ?allocate@?$Array@URTreeNodeQ@Gu@physx@@VNamedAllocator@shdfnd@3@@shdfnd@physx@@IEAAPEAURTreeNodeQ@Gu@3@I@Z 0000000180017820 f i RTreeCooking.obj
 0001:000168b0       ?allocate@?$InlineAllocator@$0CAAA@VNamedAllocator@shdfnd@physx@@@shdfnd@physx@@QEAAPEAXIPEBDH@Z 00000001800178b0 f i RTreeCooking.obj
 0001:00016920       ?allocate@NonTrackingAllocator@shdfnd@physx@@QEAAPEAX_KPEBDH@Z 0000000180017920 f i RTreeCooking.obj
 0001:00016990       ?begin@?$Array@IVNamedAllocator@shdfnd@physx@@@shdfnd@physx@@QEAAPEAIXZ 0000000180017990 f i RTreeCooking.obj
 0001:000169a0       ?begin@?$Array@UPxBounds3V@physx@@VNamedAllocator@shdfnd@2@@shdfnd@physx@@QEAAPEAUPxBounds3V@3@XZ 00000001800179a0 f i RTreeCooking.obj
 0001:000169b0       ?begin@?$Array@VPxVec3@physx@@VNamedAllocator@shdfnd@2@@shdfnd@physx@@QEAAPEAVPxVec3@3@XZ 00000001800179b0 f i RTreeCooking.obj
 0001:000169c0       ?capacity@?$Array@IVNamedAllocator@shdfnd@physx@@@shdfnd@physx@@QEBAIXZ 00000001800179c0 f i RTreeCooking.obj
 0001:000169e0       ?capacity@?$Array@UInterval@physx@@V?$InlineAllocator@$0CAAA@VNamedAllocator@shdfnd@physx@@@shdfnd@2@@shdfnd@physx@@QEBAIXZ 00000001800179e0 f i RTreeCooking.obj
 0001:00016a00       ?capacity@?$Array@UPxBounds3V@physx@@VNamedAllocator@shdfnd@2@@shdfnd@physx@@QEBAIXZ 0000000180017a00 f i RTreeCooking.obj
 0001:00016a20       ?capacity@?$Array@URTreeNodeNQ@physx@@VNamedAllocator@shdfnd@2@@shdfnd@physx@@QEBAIXZ 0000000180017a20 f i RTreeCooking.obj
 0001:00016a40       ?capacity@?$Array@URTreeNodeQ@Gu@physx@@VNamedAllocator@shdfnd@3@@shdfnd@physx@@QEBAIXZ 0000000180017a40 f i RTreeCooking.obj
 0001:00016a60       ?capacityIncrement@?$Array@IVNamedAllocator@shdfnd@physx@@@shdfnd@physx@@IEBAIXZ 0000000180017a60 f i RTreeCooking.obj
 0001:00016aa0       ?capacityIncrement@?$Array@UInterval@physx@@V?$InlineAllocator@$0CAAA@VNamedAllocator@shdfnd@physx@@@shdfnd@2@@shdfnd@physx@@IEBAIXZ 0000000180017aa0 f i RTreeCooking.obj
 0001:00016ae0       ?capacityIncrement@?$Array@UPxBounds3V@physx@@VNamedAllocator@shdfnd@2@@shdfnd@physx@@IEBAIXZ 0000000180017ae0 f i RTreeCooking.obj
 0001:00016b20       ?capacityIncrement@?$Array@URTreeNodeNQ@physx@@VNamedAllocator@shdfnd@2@@shdfnd@physx@@IEBAIXZ 0000000180017b20 f i RTreeCooking.obj
 0001:00016b60       ?capacityIncrement@?$Array@URTreeNodeQ@Gu@physx@@VNamedAllocator@shdfnd@3@@shdfnd@physx@@IEBAIXZ 0000000180017b60 f i RTreeCooking.obj
 0001:00016ba0       ?computeSA@SubSortSAH@physx@@QEAAMPEBIAEBUInterval@2@@Z 0000000180017ba0 f i RTreeCooking.obj
 0001:00016db0       ?copy@?$Array@IVNamedAllocator@shdfnd@physx@@@shdfnd@physx@@KAXPEAI0PEBI@Z 0000000180017db0 f i RTreeCooking.obj
 0001:00016e30       ?copy@?$Array@UInterval@physx@@V?$InlineAllocator@$0CAAA@VNamedAllocator@shdfnd@physx@@@shdfnd@2@@shdfnd@physx@@KAXPEAUInterval@3@0PEBU43@@Z 0000000180017e30 f i RTreeCooking.obj
 0001:00016eb0       ?copy@?$Array@UPxBounds3V@physx@@VNamedAllocator@shdfnd@2@@shdfnd@physx@@KAXPEAUPxBounds3V@3@0PEBU43@@Z 0000000180017eb0 f i RTreeCooking.obj
 0001:00016f30       ?copy@?$Array@URTreeNodeNQ@physx@@VNamedAllocator@shdfnd@2@@shdfnd@physx@@KAXPEAURTreeNodeNQ@3@0PEBU43@@Z 0000000180017f30 f i RTreeCooking.obj
 0001:00016fb0       ?copy@?$Array@URTreeNodeQ@Gu@physx@@VNamedAllocator@shdfnd@3@@shdfnd@physx@@KAXPEAURTreeNodeQ@Gu@3@0PEBU453@@Z 0000000180017fb0 f i RTreeCooking.obj
 0001:00017030       ?create@?$Array@IVNamedAllocator@shdfnd@physx@@@shdfnd@physx@@KAXPEAI0AEBI@Z 0000000180018030 f i RTreeCooking.obj
 0001:00017090       ?deallocate@?$Array@IVNamedAllocator@shdfnd@physx@@@shdfnd@physx@@IEAAXPEAX@Z 0000000180018090 f i RTreeCooking.obj
 0001:000170c0       ?deallocate@?$Array@UInterval@physx@@V?$InlineAllocator@$0CAAA@VNamedAllocator@shdfnd@physx@@@shdfnd@2@@shdfnd@physx@@IEAAXPEAX@Z 00000001800180c0 f i RTreeCooking.obj
 0001:000170f0       ?deallocate@?$Array@UPxBounds3V@physx@@VNamedAllocator@shdfnd@2@@shdfnd@physx@@IEAAXPEAX@Z 00000001800180f0 f i RTreeCooking.obj
 0001:00017120       ?deallocate@?$Array@URTreeNodeNQ@physx@@VNamedAllocator@shdfnd@2@@shdfnd@physx@@IEAAXPEAX@Z 0000000180018120 f i RTreeCooking.obj
 0001:00017150       ?deallocate@?$Array@URTreeNodeQ@Gu@physx@@VNamedAllocator@shdfnd@3@@shdfnd@physx@@IEAAXPEAX@Z 0000000180018150 f i RTreeCooking.obj
 0001:00017180       ?deallocate@?$InlineAllocator@$0CAAA@VNamedAllocator@shdfnd@physx@@@shdfnd@physx@@QEAAXPEAX@Z 0000000180018180 f i RTreeCooking.obj
 0001:000171c0       ?destroy@?$Array@IVNamedAllocator@shdfnd@physx@@@shdfnd@physx@@KAXPEAI0@Z 00000001800181c0 f i RTreeCooking.obj
 0001:000171f0       ?destroy@?$Array@UInterval@physx@@V?$InlineAllocator@$0CAAA@VNamedAllocator@shdfnd@physx@@@shdfnd@2@@shdfnd@physx@@KAXPEAUInterval@3@0@Z 00000001800181f0 f i RTreeCooking.obj
 0001:00017220       ?destroy@?$Array@UPxBounds3V@physx@@VNamedAllocator@shdfnd@2@@shdfnd@physx@@KAXPEAUPxBounds3V@3@0@Z 0000000180018220 f i RTreeCooking.obj
 0001:00017250       ?destroy@?$Array@URTreeNodeNQ@physx@@VNamedAllocator@shdfnd@2@@shdfnd@physx@@KAXPEAURTreeNodeNQ@3@0@Z 0000000180018250 f i RTreeCooking.obj
 0001:00017280       ?destroy@?$Array@URTreeNodeQ@Gu@physx@@VNamedAllocator@shdfnd@3@@shdfnd@physx@@KAXPEAURTreeNodeQ@Gu@3@0@Z 0000000180018280 f i RTreeCooking.obj
 0001:000172b0       ?empty@?$Stack@VNamedAllocator@shdfnd@physx@@@internal@shdfnd@physx@@QEAA_NXZ 00000001800182b0 f i RTreeCooking.obj
 0001:000172e0       ?empty@PxBounds3@physx@@SA?AV12@XZ 00000001800182e0 f i RTreeCooking.obj
 0001:00017340       ?getExtents@PxBounds3V@physx@@QEBA?AT__m128@@XZ 0000000180018340 f i RTreeCooking.obj
 0001:000173a0       ?getMaxVec3@PxBounds3V@physx@@QEBA?BVPxVec3@2@XZ 00000001800183a0 f i RTreeCooking.obj
 0001:000173f0       ?getMinVec3@PxBounds3V@physx@@QEBA?BVPxVec3@2@XZ 00000001800183f0 f i RTreeCooking.obj
 0001:00017440       ?grow@?$Array@IVNamedAllocator@shdfnd@physx@@@shdfnd@physx@@IEAAXI@Z 0000000180018440 f i RTreeCooking.obj
 0001:000174c0       ?grow@?$Array@UPxBounds3V@physx@@VNamedAllocator@shdfnd@2@@shdfnd@physx@@IEAAXI@Z 00000001800184c0 f i RTreeCooking.obj
 0001:00017540       ?grow@?$Array@URTreeNodeNQ@physx@@VNamedAllocator@shdfnd@2@@shdfnd@physx@@IEAAXI@Z 0000000180018540 f i RTreeCooking.obj
 0001:000175c0       ?grow@?$Array@URTreeNodeQ@Gu@physx@@VNamedAllocator@shdfnd@3@@shdfnd@physx@@IEAAXI@Z 00000001800185c0 f i RTreeCooking.obj
 0001:00017640       ?grow@?$Array@VPxVec3@physx@@VNamedAllocator@shdfnd@2@@shdfnd@physx@@IEAAXI@Z 0000000180018640 f i RTreeCooking.obj
 0001:000176c0       ?grow@?$Stack@VNamedAllocator@shdfnd@physx@@@internal@shdfnd@physx@@QEAAXXZ 00000001800186c0 f i RTreeCooking.obj
 0001:00017770       ?growAndPushBack@?$Array@IVNamedAllocator@shdfnd@physx@@@shdfnd@physx@@IEAAAEAIAEBI@Z 0000000180018770 f i RTreeCooking.obj
 0001:000178f0       ?growAndPushBack@?$Array@UInterval@physx@@V?$InlineAllocator@$0CAAA@VNamedAllocator@shdfnd@physx@@@shdfnd@2@@shdfnd@physx@@IEAAAEAUInterval@3@AEBU43@@Z 00000001800188f0 f i RTreeCooking.obj
 0001:00017aa0       ?growAndPushBack@?$Array@UPxBounds3V@physx@@VNamedAllocator@shdfnd@2@@shdfnd@physx@@IEAAAEAUPxBounds3V@3@AEBU43@@Z 0000000180018aa0 f i RTreeCooking.obj
 0001:00017c70       ?growAndPushBack@?$Array@URTreeNodeNQ@physx@@VNamedAllocator@shdfnd@2@@shdfnd@physx@@IEAAAEAURTreeNodeNQ@3@AEBU43@@Z 0000000180018c70 f i RTreeCooking.obj
 0001:00017e00       ?growAndPushBack@?$Array@URTreeNodeQ@Gu@physx@@VNamedAllocator@shdfnd@3@@shdfnd@physx@@IEAAAEAURTreeNodeQ@Gu@3@AEBU453@@Z 0000000180018e00 f i RTreeCooking.obj
 0001:00017fd0       ?include@PxBounds3V@physx@@QEAAXAEBU12@@Z 0000000180018fd0 f i RTreeCooking.obj
 0001:00018080       ?isInUserMemory@?$Array@IVNamedAllocator@shdfnd@physx@@@shdfnd@physx@@QEBAIXZ 0000000180019080 f i RTreeCooking.obj
 0001:000180a0       ?isInUserMemory@?$Array@UInterval@physx@@V?$InlineAllocator@$0CAAA@VNamedAllocator@shdfnd@physx@@@shdfnd@2@@shdfnd@physx@@QEBAIXZ 00000001800190a0 f i RTreeCooking.obj
 0001:000180c0       ?isInUserMemory@?$Array@UPxBounds3V@physx@@VNamedAllocator@shdfnd@2@@shdfnd@physx@@QEBAIXZ 00000001800190c0 f i RTreeCooking.obj
 0001:000180e0       ?isInUserMemory@?$Array@URTreeNodeNQ@physx@@VNamedAllocator@shdfnd@2@@shdfnd@physx@@QEBAIXZ 00000001800190e0 f i RTreeCooking.obj
 0001:00018100       ?isInUserMemory@?$Array@URTreeNodeQ@Gu@physx@@VNamedAllocator@shdfnd@3@@shdfnd@physx@@QEBAIXZ 0000000180019100 f i RTreeCooking.obj
 0001:00018120       ?isInside@PxBounds3@physx@@QEBA_NAEBV12@@Z 0000000180019120 f i RTreeCooking.obj
 0001:00018210       ?isLeaf@RTreeNodeQ@Gu@physx@@QEBAIXZ 0000000180019210 f i RTreeCooking.obj
 0001:00018230       ?isValidFloatV@aos@shdfnd@physx@@YA_NT__m128@@@Z 0000000180019230 f i RTreeCooking.obj
 0001:00018340       ?isValidVec3V@aos@shdfnd@physx@@YA_NT__m128@@@Z 0000000180019340 f i RTreeCooking.obj
 0001:000183a0       ?pop@?$Stack@VNamedAllocator@shdfnd@physx@@@internal@shdfnd@physx@@QEAAXAEAH0@Z 00000001800193a0 f i RTreeCooking.obj
 0001:00018480       ?popBack@?$Array@IVNamedAllocator@shdfnd@physx@@@shdfnd@physx@@QEAAIXZ 0000000180019480 f i RTreeCooking.obj
 0001:00018520       ?push@?$Stack@VNamedAllocator@shdfnd@physx@@@internal@shdfnd@physx@@QEAAXHH@Z 0000000180019520 f i RTreeCooking.obj
 0001:000185b0       ?pushBack@?$Array@IVNamedAllocator@shdfnd@physx@@@shdfnd@physx@@QEAAAEAIAEBI@Z 00000001800195b0 f i RTreeCooking.obj
 0001:00018650       ?pushBack@?$Array@UInterval@physx@@V?$InlineAllocator@$0CAAA@VNamedAllocator@shdfnd@physx@@@shdfnd@2@@shdfnd@physx@@QEAAAEAUInterval@3@AEBU43@@Z 0000000180019650 f i RTreeCooking.obj
 0001:00018710       ?pushBack@?$Array@UPxBounds3V@physx@@VNamedAllocator@shdfnd@2@@shdfnd@physx@@QEAAAEAUPxBounds3V@3@AEBU43@@Z 0000000180019710 f i RTreeCooking.obj
 0001:000187c0       ?pushBack@?$Array@URTreeNodeNQ@physx@@VNamedAllocator@shdfnd@2@@shdfnd@physx@@QEAAAEAURTreeNodeNQ@3@AEBU43@@Z 00000001800197c0 f i RTreeCooking.obj
 0001:00018860       ?pushBack@?$Array@URTreeNodeQ@Gu@physx@@VNamedAllocator@shdfnd@3@@shdfnd@physx@@QEAAAEAURTreeNodeQ@Gu@3@AEBU453@@Z 0000000180019860 f i RTreeCooking.obj
 0001:00018910       ?recreate@?$Array@IVNamedAllocator@shdfnd@physx@@@shdfnd@physx@@IEAAXI@Z 0000000180019910 f i RTreeCooking.obj
 0001:00018a20       ?recreate@?$Array@UPxBounds3V@physx@@VNamedAllocator@shdfnd@2@@shdfnd@physx@@IEAAXI@Z 0000000180019a20 f i RTreeCooking.obj
 0001:00018b40       ?recreate@?$Array@URTreeNodeNQ@physx@@VNamedAllocator@shdfnd@2@@shdfnd@physx@@IEAAXI@Z 0000000180019b40 f i RTreeCooking.obj
 0001:00018c60       ?recreate@?$Array@URTreeNodeQ@Gu@physx@@VNamedAllocator@shdfnd@3@@shdfnd@physx@@IEAAXI@Z 0000000180019c60 f i RTreeCooking.obj
 0001:00018d80       ?recreate@?$Array@VPxVec3@physx@@VNamedAllocator@shdfnd@2@@shdfnd@physx@@IEAAXI@Z 0000000180019d80 f i RTreeCooking.obj
 0001:00018ea0       ?replaceWithLast@?$Array@UInterval@physx@@V?$InlineAllocator@$0CAAA@VNamedAllocator@shdfnd@physx@@@shdfnd@2@@shdfnd@physx@@QEAAXI@Z 0000000180019ea0 f i RTreeCooking.obj
 0001:00018f60       ?reserve@?$Array@IVNamedAllocator@shdfnd@physx@@@shdfnd@physx@@QEAAXI@Z 0000000180019f60 f i RTreeCooking.obj
 0001:00018f90       ?reserve@?$Array@UPxBounds3V@physx@@VNamedAllocator@shdfnd@2@@shdfnd@physx@@QEAAXI@Z 0000000180019f90 f i RTreeCooking.obj
 0001:00018fc0       ?reserve@?$Array@URTreeNodeNQ@physx@@VNamedAllocator@shdfnd@2@@shdfnd@physx@@QEAAXI@Z 0000000180019fc0 f i RTreeCooking.obj
[...]
 0004:00002d24       $pdata$?getFreeHullFace@QuickHull@local@@IEAAPEAUQuickHullFace@2@XZ 0000000180061d24     QuickHullConvexHullLib.obj
 0004:00002d30       $pdata$?getFreeHullHalfEdge@QuickHull@local@@IEAAPEAUQuickHullHalfEdge@2@XZ 0000000180061d30     QuickHullConvexHullLib.obj
 0004:00002d3c       $pdata$?getFreeItem@?$MemBlock@UQuickHullFace@local@@$00@local@@QEAAPEAUQuickHullFace@2@XZ 0000000180061d3c     QuickHullConvexHullLib.obj
 0004:00002d48       $pdata$?getFreeItem@?$MemBlock@UQuickHullHalfEdge@local@@$0A@@local@@QEAAPEAUQuickHullHalfEdge@2@XZ 0000000180061d48     QuickHullConvexHullLib.obj
 0004:00002d54       $pdata$?getHead@QuickHullHalfEdge@local@@QEBAAEBUQuickHullVertex@2@XZ 0000000180061d54     QuickHullConvexHullLib.obj
 0004:00002d60       $pdata$?getItem@?$MemBlock@UQuickHullFace@local@@$00@local@@QEAAPEAUQuickHullFace@2@I@Z 0000000180061d60     QuickHullConvexHullLib.obj
 0004:00002d6c       $pdata$?getName@?$ReflectionAllocator@VQuickHull@local@@@shdfnd@physx@@CAPEBDXZ 0000000180061d6c     QuickHullConvexHullLib.obj
 0004:00002d78       $pdata$?grow@?$Array@PEAUQuickHullFace@local@@VNamedAllocator@shdfnd@physx@@@shdfnd@physx@@IEAAXI@Z 0000000180061d78     QuickHullConvexHullLib.obj
 0004:00002d84       $pdata$?grow@?$Array@PEAUQuickHullHalfEdge@local@@VNamedAllocator@shdfnd@physx@@@shdfnd@physx@@IEAAXI@Z 0000000180061d84     QuickHullConvexHullLib.obj
 0004:00002d90       $pdata$?grow@?$Array@PEAUQuickHullVertex@local@@VNamedAllocator@shdfnd@physx@@@shdfnd@physx@@IEAAXI@Z 0000000180061d90     QuickHullConvexHullLib.obj
 0004:00002d9c       $pdata$?grow@?$Array@UExpandPoint@local@@VNamedAllocator@shdfnd@physx@@@shdfnd@physx@@IEAAXI@Z 0000000180061d9c     QuickHullConvexHullLib.obj
 0004:00002da8       $pdata$?growAndPushBack@?$Array@PEAUQuickHullFace@local@@VNamedAllocator@shdfnd@physx@@@shdfnd@physx@@IEAAAEAPEAUQuickHullFace@local@@AEBQEAU45@@Z 0000000180061da8     QuickHullConvexHullLib.obj
 0004:00002db4       $pdata$?growAndPushBack@?$Array@PEAUQuickHullHalfEdge@local@@VNamedAllocator@shdfnd@physx@@@shdfnd@physx@@IEAAAEAPEAUQuickHullHalfEdge@local@@AEBQEAU45@@Z 0000000180061db4     QuickHullConvexHullLib.obj
 0004:00002dc0       $pdata$?growAndPushBack@?$Array@PEAUQuickHullVertex@local@@VNamedAllocator@shdfnd@physx@@@shdfnd@physx@@IEAAAEAPEAUQuickHullVertex@local@@AEBQEAU45@@Z 0000000180061dc0     QuickHullConvexHullLib.obj
 0004:00002dcc       $pdata$?growAndPushBack@?$Array@UExpandPoint@local@@VNamedAllocator@shdfnd@physx@@@shdfnd@physx@@IEAAAEAUExpandPoint@local@@AEBU45@@Z 0000000180061dcc     QuickHullConvexHullLib.obj
 0004:00002dd8       $pdata$?init@?$MemBlock@UQuickHullFace@local@@$00@local@@QEAAXI@Z 0000000180061dd8     QuickHullConvexHullLib.obj
 0004:00002de4       $pdata$?init@?$MemBlock@UQuickHullHalfEdge@local@@$0A@@local@@QEAAXI@Z 0000000180061de4     QuickHullConvexHullLib.obj
 0004:00002df0       $pdata$?isTriangle@QuickHullFace@local@@AEBA_NXZ 0000000180061df0     QuickHullConvexHullLib.obj
 0004:00002dfc       $pdata$?pushBack@?$Array@PEAUQuickHullFace@local@@VNamedAllocator@shdfnd@physx@@@shdfnd@physx@@QEAAAEAPEAUQuickHullFace@local@@AEBQEAU45@@Z 0000000180061dfc     QuickHullConvexHullLib.obj
 0004:00002e08       $pdata$?pushBack@?$Array@PEAUQuickHullHalfEdge@local@@VNamedAllocator@shdfnd@physx@@@shdfnd@physx@@QEAAAEAPEAUQuickHullHalfEdge@local@@AEBQEAU45@@Z 0000000180061e08     QuickHullConvexHullLib.obj
 0004:00002e14       $pdata$?pushBack@?$Array@PEAUQuickHullVertex@local@@VNamedAllocator@shdfnd@physx@@@shdfnd@physx@@QEAAAEAPEAUQuickHullVertex@local@@AEBQEAU45@@Z 0000000180061e14     QuickHullConvexHullLib.obj
 0004:00002e20       $pdata$?pushBack@?$Array@UExpandPoint@local@@VNamedAllocator@shdfnd@physx@@@shdfnd@physx@@QEAAAEAUExpandPoint@local@@AEBU45@@Z 0000000180061e20     QuickHullConvexHullLib.obj
 0004:00002e2c       $pdata$?recreate@?$Array@PEAUQuickHullFace@local@@VNamedAllocator@shdfnd@physx@@@shdfnd@physx@@IEAAXI@Z 0000000180061e2c     QuickHullConvexHullLib.obj
 0004:00002e38       $pdata$?recreate@?$Array@PEAUQuickHullHalfEdge@local@@VNamedAllocator@shdfnd@physx@@@shdfnd@physx@@IEAAXI@Z 0000000180061e38     QuickHullConvexHullLib.obj
 0004:00002e44       $pdata$?recreate@?$Array@PEAUQuickHullVertex@local@@VNamedAllocator@shdfnd@physx@@@shdfnd@physx@@IEAAXI@Z 0000000180061e44     QuickHullConvexHullLib.obj
 0004:00002e50       $pdata$?recreate@?$Array@UExpandPoint@local@@VNamedAllocator@shdfnd@physx@@@shdfnd@physx@@IEAAXI@Z 0000000180061e50     QuickHullConvexHullLib.obj
 0004:00002e5c       $pdata$?reserve@?$Array@PEAUQuickHullFace@local@@VNamedAllocator@shdfnd@physx@@@shdfnd@physx@@QEAAXI@Z 0000000180061e5c     QuickHullConvexHullLib.obj
 0004:00002e68       $pdata$?reserve@?$Array@PEAUQuickHullHalfEdge@local@@VNamedAllocator@shdfnd@physx@@@shdfnd@physx@@QEAAXI@Z 0000000180061e68     QuickHullConvexHullLib.obj
 0004:00002e74       $pdata$?reserve@?$Array@PEAUQuickHullVertex@local@@VNamedAllocator@shdfnd@physx@@@shdfnd@physx@@QEAAXI@Z 0000000180061e74     QuickHullConvexHullLib.obj
 0004:00002e80       $pdata$?reserve@?$Array@UExpandPoint@local@@VNamedAllocator@shdfnd@physx@@@shdfnd@physx@@QEAAXI@Z 0000000180061e80     QuickHullConvexHullLib.obj
 0004:00002e8c       $pdata$?reset@?$MemBlock@UQuickHullFace@local@@$00@local@@QEAAXXZ 0000000180061e8c     QuickHullConvexHullLib.obj
 0004:00002e98       $pdata$?reset@?$MemBlock@UQuickHullHalfEdge@local@@$0A@@local@@QEAAXXZ 0000000180061e98     QuickHullConvexHullLib.obj
 0004:00002ea4       $pdata$??Dphysx@@YA?AVPxVec3@0@MAEBV10@@Z 0000000180061ea4     VolumeIntegration.obj
 0004:00002eb0       $pdata$?computeVolumeIntegrals@physx@@YA_NAEBVPxSimpleTriangleMesh@1@MAEAUPxIntegrals@1@@Z 0000000180061eb0     VolumeIntegration.obj
 0004:00002ebc       $pdata$?computeVolumeIntegralsEberly@physx@@YA_NAEBVPxConvexMeshDesc@1@MAEAUPxIntegrals@1@AEBVPxVec3@1@@Z 0000000180061ebc     VolumeIntegration.obj
 0004:00002ec8       $pdata$?computeVolumeIntegralsEberlySIMD@physx@@YA_NAEBVPxConvexMeshDesc@1@MAEAUPxIntegrals@1@AEBVPxVec3@1@@Z 0000000180061ec8     VolumeIntegration.obj
 0004:00002ed4       $pdata$??0VolumeIntegrator@?A0x0a129cb6@physx@@QEAA@VPxSimpleTriangleMesh@2@N@Z 0000000180061ed4     VolumeIntegration.obj
 0004:00002ee0       $pdata$?computeVolumeIntegrals@VolumeIntegrator@?A0x0a129cb6@physx@@QEAA_NAEAUPxIntegrals@3@@Z 0000000180061ee0     VolumeIntegration.obj
 0004:00002eec       $pdata$?computeCenterOfMass@VolumeIntegrator@?A0x0a129cb6@physx@@AEAA?AVPxVec3@3@XZ 0000000180061eec     VolumeIntegration.obj
 0004:00002ef8       $pdata$?computeInertiaTensor@VolumeIntegrator@?A0x0a129cb6@physx@@AEAAXPEAN@Z 0000000180061ef8     VolumeIntegration.obj
 0004:00002f04       $pdata$?computeCOMInertiaTensor@VolumeIntegrator@?A0x0a129cb6@physx@@AEAAXPEAN@Z 0000000180061f04     VolumeIntegration.obj
 0004:00002f10       $pdata$?computeFaceNormal@VolumeIntegrator@?A0x0a129cb6@physx@@AEAAXAEAUFace@123@PEAI@Z 0000000180061f10     VolumeIntegration.obj
 0004:00002f1c       $pdata$?computeProjectionIntegrals@VolumeIntegrator@?A0x0a129cb6@physx@@AEAAXAEBUFace@123@@Z 0000000180061f1c     VolumeIntegration.obj
 0004:00002f28       $pdata$?computeFaceIntegrals@VolumeIntegrator@?A0x0a129cb6@physx@@AEAAXAEBUFace@123@@Z 0000000180061f28     VolumeIntegration.obj
 0004:00002f34       $pdata$?computeVolumeIntegralsSIMD@VolumeIntegratorEberly@?A0x0a129cb6@physx@@QEAA_NAEAUPxIntegrals@3@AEBVPxVec3@3@@Z 0000000180061f34     VolumeIntegration.obj
 0004:00002f40       $pdata$?computeVolumeIntegrals@VolumeIntegratorEberly@?A0x0a129cb6@physx@@QEAA_NAEAUPxIntegrals@3@AEBVPxVec3@3@@Z 0000000180061f40     VolumeIntegration.obj
 0004:00002f4c       $pdata$??$swap@VPxVec3@physx@@@shdfnd@physx@@YAXAEAVPxVec3@1@0@Z 0000000180061f4c     VolumeIntegration.obj
 0004:00002f58       $pdata$??0PxSimpleTriangleMesh@physx@@QEAA@XZ 0000000180061f58     VolumeIntegration.obj
 0004:00002f64       $pdata$??4PxSimpleTriangleMesh@physx@@QEAAAEAV01@AEBV01@@Z 0000000180061f64     VolumeIntegration.obj
 0004:00002f70       $pdata$?FAllGrtr@aos@shdfnd@physx@@YAIT__m128@@0@Z 0000000180061f70     VolumeIntegration.obj
 0004:00002f7c       $pdata$?V4Cross@aos@shdfnd@physx@@YA?AT__m128@@T4@0@Z 0000000180061f7c     VolumeIntegration.obj
 0004:00002f88       $pdata$?V4Dot3@aos@shdfnd@physx@@YA?AT__m128@@T4@0@Z 0000000180061f88     VolumeIntegration.obj
 0004:00002f94       $pdata$?V4PermYZXW@aos@shdfnd@physx@@YA?AT__m128@@T4@@Z 0000000180061f94     VolumeIntegration.obj
 0004:00002fa0       $pdata$?V4ScaleInv@aos@shdfnd@physx@@YA?AT__m128@@T4@0@Z 0000000180061fa0     VolumeIntegration.obj
 0004:00002fac       $pdata$?Vec4V_From_PxVec3_WUndefined@aos@shdfnd@physx@@YA?AT__m128@@AEBVPxVec3@3@@Z 0000000180061fac     VolumeIntegration.obj
 0004:00002fb8       $pdata$?isZero@PxVec3@physx@@QEBA_NXZ 0000000180061fb8     VolumeIntegration.obj
 0004:00002fc4       $pdata$?subexpressions@?A0x0a129cb6@physx@@YAXNNNAEAN00000@Z 0000000180061fc4     VolumeIntegration.obj
 0004:00002fd0       $pdata$?subexpressionsSIMD@?A0x0a129cb6@physx@@YAXAEBT__m128@@00AEAT3@11111@Z 0000000180061fd0     VolumeIntegration.obj
 0004:00002fdc       $pdata$?cookingDelayHook@@YAP6A_JXZIPEAUDelayLoadInfo@@@Z 0000000180061fdc     WindowsCookingDelayLoadHook.obj
 0004:00002fe8       $pdata$?loadLibrary@Cm@physx@@YAPEAUHINSTANCE__@@PEBD@Z 0000000180061fe8     WindowsCookingDelayLoadHook.obj
 0004:00002ff4       $pdata$?physXCommonDliNotePreLoadLibrary@Cm@physx@@YAP6A_JXZPEBDPEBVPxDelayLoadHook@2@@Z 0000000180061ff4     WindowsCookingDelayLoadHook.obj
 0004:00003018       $pdata$?DloadAcquireSectionWriteAccess@@YAXXZ 0000000180062018     Delayimp:delayhlp.obj
 0004:00003024       $pdata$?DloadGetSRWLockFunctionPointers@@YAEXZ 0000000180062024     Delayimp:delayhlp.obj
 0004:00003030       $pdata$?DloadLock@@YAXXZ   0000000180062030     Delayimp:delayhlp.obj
 0004:0000303c       $pdata$?DloadMakePermanentImageCommit@@YAXPEAX_K@Z 000000018006203c     Delayimp:delayhlp.obj
 0004:00003048       $pdata$?DloadObtainSection@@YAPEAXPEAK0@Z 0000000180062048     Delayimp:delayhlp.obj
 0004:00003054       $pdata$?DloadProtectSection@@YAXKPEAK@Z 0000000180062054     Delayimp:delayhlp.obj
 0004:00003060       $pdata$?DloadReleaseSectionWriteAccess@@YAXXZ 0000000180062060     Delayimp:delayhlp.obj
 0004:0000306c       $pdata$?DloadUnlock@@YAXXZ 000000018006206c     Delayimp:delayhlp.obj
 0004:00003078       $pdata$?PiddFromDllName@@YAPEBUImgDelayDescr@@PEBD@Z 0000000180062078     Delayimp:delayhlp.obj
 0004:00003084       $pdata$__FUnloadDelayLoadedDLL2 0000000180062084     Delayimp:delayhlp.obj
 0004:00003090       $pdata$__HrLoadAllImportsForDll 0000000180062090     Delayimp:delayhlp.obj
 0004:0000309c       $pdata$__delayLoadHelper2  000000018006209c     Delayimp:delayhlp.obj
 0004:000030a8       $pdata$??3@YAXPEAX_K@Z     00000001800620a8     MSVCRTD:delete_scalar_size.obj
 0004:000030b4       $pdata$??_V@YAXPEAX_K@Z    00000001800620b4     MSVCRTD:delete_array_size.obj
 0004:000030c0       $pdata$_RTC_InitBase       00000001800620c0     MSVCRTD:init.obj
 0004:000030cc       $pdata$_RTC_Shutdown       00000001800620cc     MSVCRTD:init.obj
 0004:000030d8       $pdata$??_Gtype_info@@UEAAPEAXI@Z 00000001800620d8     MSVCRTD:std_type_info_static.obj
 0004:000030e4       $pdata$?__scrt_initialize_type_info@@YAXXZ 00000001800620e4     MSVCRTD:tncleanup.obj
 0004:000030f0       $pdata$?__scrt_uninitialize_type_info@@YAXXZ 00000001800620f0     MSVCRTD:tncleanup.obj
 0004:00003108       $pdata$??3@YAXPEAX@Z       0000000180062108     MSVCRTD:delete_scalar.obj
 0004:00003114       $pdata$??_V@YAXPEAX@Z      0000000180062114     MSVCRTD:delete_array.obj
 0004:00003120       $pdata$?dllmain_crt_dispatch@@YAHQEAUHINSTANCE__@@KQEAX@Z 0000000180062120     MSVCRTD:dll_dllmain.obj
 0004:0000312c       $pdata$?dllmain_crt_process_attach@@YAHQEAUHINSTANCE__@@QEAX@Z 000000018006212c     MSVCRTD:dll_dllmain.obj
 0004:00003138       $pdata$?dllmain_crt_process_detach@@YAH_N@Z 0000000180062138     MSVCRTD:dll_dllmain.obj
 0004:00003144       $pdata$?dllmain_dispatch@@YAHQEAUHINSTANCE__@@KQEAX@Z 0000000180062144     MSVCRTD:dll_dllmain.obj
 0004:00003150       $pdata$?dllmain_raw@@YAHQEAUHINSTANCE__@@KQEAX@Z 0000000180062150     MSVCRTD:dll_dllmain.obj
 0004:0000315c       $pdata$_CRT_INIT           000000018006215c     MSVCRTD:dll_dllmain.obj
 0004:00003168       $pdata$_DllMainCRTStartup  0000000180062168     MSVCRTD:dll_dllmain.obj
 0004:00003174       $pdata$ReadNoFence64       0000000180062174     MSVCRTD:guard_support.obj
 0004:00003180       $pdata$ReadPointerNoFence  0000000180062180     MSVCRTD:guard_support.obj
 0004:0000318c       $pdata$_guard_icall_checks_enforced 000000018006218c     MSVCRTD:guard_support.obj
 0004:00003198       $pdata$__get_entropy       0000000180062198     MSVCRTD:gs_support.obj
 0004:000031a4       $pdata$__security_init_cookie 00000001800621a4     MSVCRTD:gs_support.obj
 0004:000031b0       $pdata$DllMain             00000001800621b0     MSVCRTD:dll_dllmain_stub.obj
 0004:000031bc       $pdata$__scrt_initialize_default_local_stdio_options 00000001800621bc     MSVCRTD:default_local_stdio_options.obj
 0004:000031c8       $pdata$?configure_argv@__scrt_narrow_argv_policy@@SAHXZ 00000001800621c8     MSVCRTD:utility.obj
 0004:000031d4       $pdata$?find_pe_section@@YAPEAU_IMAGE_SECTION_HEADER@@QEAE_K@Z 00000001800621d4     MSVCRTD:utility.obj
 0004:000031e0       $pdata$?initialize_environment@__scrt_narrow_environment_policy@@SAHXZ 00000001800621e0     MSVCRTD:utility.obj
 0004:000031ec       $pdata$?is_potentially_valid_image_base@@YA_NQEAX@Z 00000001800621ec     MSVCRTD:utility.obj
 0004:000031f8       $pdata$__scrt_acquire_startup_lock 00000001800621f8     MSVCRTD:utility.obj
 0004:00003204       $pdata$__scrt_dllmain_after_initialize_c 0000000180062204     MSVCRTD:utility.obj
 0004:00003210       $pdata$__scrt_dllmain_before_initialize_c 0000000180062210     MSVCRTD:utility.obj
 0004:0000321c       $pdata$__scrt_dllmain_crt_thread_attach 000000018006221c     MSVCRTD:utility.obj
 0004:00003228       $pdata$__scrt_dllmain_crt_thread_detach 0000000180062228     MSVCRTD:utility.obj
 0004:00003234       $pdata$__scrt_dllmain_exception_filter 0000000180062234     MSVCRTD:utility.obj
 0004:00003240       $pdata$__scrt_dllmain_uninitialize_c 0000000180062240     MSVCRTD:utility.obj
 0004:0000324c       $pdata$__scrt_dllmain_uninitialize_critical 000000018006224c     MSVCRTD:utility.obj
 0004:00003258       $pdata$__scrt_initialize_crt 0000000180062258     MSVCRTD:utility.obj
 0004:00003264       $pdata$__scrt_initialize_onexit_tables 0000000180062264     MSVCRTD:utility.obj
 0004:00003270       $pdata$__scrt_is_nonwritable_in_current_image 0000000180062270     MSVCRTD:utility.obj
 0004:0000327c       $pdata$__scrt_release_startup_lock 000000018006227c     MSVCRTD:utility.obj
 0004:00003288       $pdata$__scrt_uninitialize_crt 0000000180062288     MSVCRTD:utility.obj
 0004:00003294       $pdata$_onexit             0000000180062294     MSVCRTD:utility.obj
 0004:000032a0       $pdata$at_quick_exit       00000001800622a0     MSVCRTD:utility.obj
 0004:000032ac       $pdata$atexit              00000001800622ac     MSVCRTD:utility.obj
 0004:000032b8       $pdata$__scrt_fastfail     00000001800622b8     MSVCRTD:utility_desktop.obj
 0004:000032c4       $pdata$__scrt_get_show_window_mode 00000001800622c4     MSVCRTD:utility_desktop.obj
 0004:000032d0       $pdata$__scrt_initialize_mta 00000001800622d0     MSVCRTD:utility_desktop.obj
 0004:000032dc       $pdata$__scrt_is_managed_app 00000001800622dc     MSVCRTD:utility_desktop.obj
 0004:000032e8       $pdata$__scrt_set_unhandled_exception_filter 00000001800622e8     MSVCRTD:utility_desktop.obj
 0004:000032f4       $pdata$__scrt_unhandled_exception_filter 00000001800622f4     MSVCRTD:utility_desktop.obj
 0004:00003300       $pdata$_RTC_Initialize     0000000180062300     MSVCRTD:initsect.obj
 0004:0000330c       $pdata$_RTC_Terminate      000000018006230c     MSVCRTD:initsect.obj
 0004:00003318       $pdata$?DebuggerProbe@@YA_NK@Z 0000000180062318     MSVCRTD:error.obj
 0004:00003324       $pdata$?DebuggerRuntime@@YA_NKHPEAXPEB_W@Z 0000000180062324     MSVCRTD:error.obj
 0004:00003330       $pdata$?_RTC_AllocaFailure@@YAXPEAXPEAU_RTC_ALLOCA_NODE@@H@Z 0000000180062330     MSVCRTD:error.obj
 0004:0000333c       $pdata$0$?_RTC_AllocaFailure@@YAXPEAXPEAU_RTC_ALLOCA_NODE@@H@Z 000000018006233c     MSVCRTD:error.obj
 0004:00003348       $pdata$1$?_RTC_AllocaFailure@@YAXPEAXPEAU_RTC_ALLOCA_NODE@@H@Z 0000000180062348     MSVCRTD:error.obj
 0004:00003354       $pdata$?_RTC_StackFailure@@YAXPEAXPEBD@Z 0000000180062354     MSVCRTD:error.obj
 0004:00003360       $pdata$?_getMemBlockDataString@@YAXPEAD0PEBD_K@Z 0000000180062360     MSVCRTD:error.obj
 0004:0000336c       $pdata$3$?_getMemBlockDataString@@YAXPEAD0PEBD_K@Z 000000018006236c     MSVCRTD:error.obj
 0004:00003378       $pdata$4$?_getMemBlockDataString@@YAXPEAD0PEBD_K@Z 0000000180062378     MSVCRTD:error.obj
 0004:00003384       $pdata$?failwithmessage@@YAXPEAXHHPEBD@Z 0000000180062384     MSVCRTD:error.obj
 0004:00003390       $pdata$?notify_debugger@@YAXAEBUtagEXCEPTION_VISUALCPP_DEBUG_INFO@@@Z 0000000180062390     MSVCRTD:error.obj
 0004:0000339c       $pdata$_RTC_UninitUse      000000018006239c     MSVCRTD:error.obj
 0004:000033a8       $pdata$_vsprintf_s_l       00000001800623a8     MSVCRTD:error.obj
 0004:000033b4       $pdata$sprintf_s           00000001800623b4     MSVCRTD:error.obj
 0004:000033c0       $pdata$__isa_available_init 00000001800623c0     MSVCRTD:cpu_disp.obj
 0004:000033cc       $pdata$__scrt_is_ucrt_dll_in_use 00000001800623cc     MSVCRTD:ucrt_detection.obj
 0004:000033d8       $pdata$?GetPdbDll@@YAPEAUHINSTANCE__@@XZ 00000001800623d8     MSVCRTD:pdblkup.obj
 0004:000033e4       $pdata$?GetPdbDllFromInstallPath@@YAPEAUHINSTANCE__@@XZ 00000001800623e4     MSVCRTD:pdblkup.obj
 0004:000033f0       $pdata$?GetPdbDllPathFromFilePath@@YAHPEB_WPEA_W_K@Z 00000001800623f0     MSVCRTD:pdblkup.obj
 0004:000033fc       $pdata$?_RTC_GetSrcLine@@YAHPEAEPEA_WKPEAH1K@Z 00000001800623fc     MSVCRTD:pdblkup.obj
 0004:00003408       $pdata$__GSHandlerCheck    0000000180062408     MSVCRTD:gshandler.obj
 0004:00003414       $pdata$__GSHandlerCheckCommon 0000000180062414     MSVCRTD:gshandler.obj
 0004:0000342c       $pdata$__raise_securityfailure 000000018006242c     MSVCRTD:gs_report.obj
 0004:00003438       $pdata$__report_gsfailure  0000000180062438     MSVCRTD:gs_report.obj
 0004:00003444       $pdata$__report_rangecheckfailure 0000000180062444     MSVCRTD:gs_report.obj
 0004:00003450       $pdata$__report_securityfailure 0000000180062450     MSVCRTD:gs_report.obj
 0004:0000345c       $pdata$__report_securityfailureEx 000000018006245c     MSVCRTD:gs_report.obj
 0004:00003468       $pdata$capture_current_context 0000000180062468     MSVCRTD:gs_report.obj
 0004:00003474       $pdata$capture_previous_context 0000000180062474     MSVCRTD:gs_report.obj
 0004:0000348c       $pdata$?fin$0@?0??dllmain_crt_process_attach@@YAHQEAUHINSTANCE__@@QEAX@Z@4HA 000000018006248c     MSVCRTD:dll_dllmain.obj
 0004:00003498       $pdata$?fin$0@?0??dllmain_crt_process_detach@@YAH_N@Z@4HA 0000000180062498     MSVCRTD:dll_dllmain.obj
 0004:000034a4       $pdata$?fin$1@?0??dllmain_crt_process_detach@@YAH_N@Z@4HA 00000001800624a4     MSVCRTD:dll_dllmain.obj
 0004:000034b0       $pdata$?filt$0@?0??dllmain_dispatch@@YAHQEAUHINSTANCE__@@KQEAX@Z@4HA 00000001800624b0     MSVCRTD:dll_dllmain.obj
 0004:000034bc       $pdata$__scrt_is_nonwritable_in_current_image$filt$0 00000001800624bc     MSVCRTD:utility.obj
 0004:000034c8       $pdata$?filt$0@?0??notify_debugger@@YAXAEBUtagEXCEPTION_VISUALCPP_DEBUG_INFO@@@Z@4HA 00000001800624c8     MSVCRTD:error.obj
 0005:000000a0       $R000000                   00000001800630a0     PhysXCooking.res
 0005:000003d0       $R000330                   00000001800633d0     PhysXCooking.res
