 PhysXCooking_64

 Timestamp is 5ea88abb (Tue Apr 28 15:57:47 2020)

 Preferred load address is 0000000180000000

 Start         Length     Name                   Class
 0001:00000000 000003c0H .text$di                CODE
 0001:000003c0 0002ea40H .text$mn                CODE
 0001:0002ee00 00000012H .text$mn$00             CODE
 0001:0002ee12 00000092H .text$x                 CODE
 0002:00000000 000001c8H .idata$5                DATA
 0002:000001c8 00000028H .00cfg                  DATA
 0002:000001f0 00000008H .CRT$XCA                DATA
 0002:000001f8 000001e0H .CRT$XCU                DATA
 0002:000003d8 00000008H .CRT$XCZ                DATA
 0002:000003e0 00000008H .CRT$XIA                DATA
 0002:000003e8 00000008H .CRT$XIZ                DATA
 0002:000003f0 00000008H .CRT$XPA                DATA
 0002:000003f8 00000008H .CRT$XPZ                DATA
 0002:00000400 00000008H .CRT$XTA                DATA
 0002:00000408 00000008H .CRT$XTZ                DATA
 0002:00000410 00000000H .gfids$y                DATA
 0002:00000410 00001f58H .rdata                  DATA
 0002:00002368 00000074H .rdata$r                DATA
 0002:000023dc 0000038cH .rdata$zzzdbg           DATA
 0002:00002768 00000008H .rtc$IAA                DATA
 0002:00002770 00000008H .rtc$IZZ                DATA
 0002:00002778 00000008H .rtc$TAA                DATA
 0002:00002780 00000008H .rtc$TZZ                DATA
 0002:00002788 00003b60H .xdata                  DATA
 0002:000062e8 00000040H .didat$2                DATA
 0002:00006328 00000020H .didat$3                DATA
 0002:00006348 00000198H .didat$4                DATA
 0002:000064e0 000009c0H .didat$6                DATA
 0002:00006ea0 000001a0H .didat$7                DATA
 0002:00007040 00001d00H .edata                  DATA
 0002:00008d40 00000078H .idata$2                DATA
 0002:00008db8 00000018H .idata$3                DATA
 0002:00008dd0 000001c8H .idata$4                DATA
 0002:00008f98 00000476H .idata$6                DATA
 0003:00000000 00000070H .data                   DATA
 0003:00000070 00000650H .data$r                 DATA
 0003:000006c0 000001a0H .didat$5                DATA
 0003:00000860 00000490H .bss                    DATA
 0004:00000000 000023acH .pdata                  DATA
 0005:00000000 00002208H _RDATA                  DATA
 0006:00000000 000000a0H .rsrc$01                DATA
 0006:000000a0 000004b0H .rsrc$02                DATA

  Address         Publics by Value              Rva+Base               Lib:Object

 0000:00000000       __guard_longjmp_count      0000000000000000     <absolute>
 0000:00000000       ___safe_se_handler_count   0000000000000000     <absolute>
 0000:00000000       __hybrid_auxiliary_iat     0000000000000000     <absolute>
 0000:00000000       __guard_eh_cont_count      0000000000000000     <absolute>
 0000:00000000       ___safe_se_handler_table   0000000000000000     <absolute>
 0000:00000000       __guard_eh_cont_table      0000000000000000     <absolute>
 0000:00000000       __guard_fids_table         0000000000000000     <absolute>
 0000:00000000       __dynamic_value_reloc_table 0000000000000000     <absolute>
 0000:00000000       __hybrid_code_map_count    0000000000000000     <absolute>
 0000:00000000       __guard_fids_count         0000000000000000     <absolute>
 0000:00000000       __hybrid_code_map          0000000000000000     <absolute>
 0000:00000000       __enclave_config           0000000000000000     <absolute>
 0000:00000000       __guard_iat_table          0000000000000000     <absolute>
 0000:00000000       __guard_iat_count          0000000000000000     <absolute>
 0000:00000000       __AbsoluteZero             0000000000000000     <absolute>
 0000:00000000       __guard_longjmp_table      0000000000000000     <absolute>
 0000:00000000       __volatile_metadata        0000000000000000     <absolute>
 0000:00000100       __guard_flags              0000000000000100     <absolute>
 0000:00000000       __ImageBase                0000000180000000     <linker-defined>
 0001:000003c0       ?ComputeNbBoundaryEdges@AdjTriangle@physx@@QEBAIXZ 00000001800013c0 f   Adjacencies.obj
 0001:00000410       ?ComputeNbNeighbors@AdjTriangle@physx@@QEBAIXZ 0000000180001410 f   Adjacencies.obj
 0001:00000460       ?HasNeighbor@AdjTriangle@physx@@QEBA_NIPEAI@Z 0000000180001460 f   Adjacencies.obj
 0001:000004d0       ?Flip@AdjTriangle@physx@@QEAAXXZ 00000001800014d0 f   Adjacencies.obj
 0001:000004f0       ??0Adjacencies@physx@@QEAA@XZ 00000001800014f0 f   Adjacencies.obj
 0001:00000510       ??1Adjacencies@physx@@QEAA@XZ 0000000180001510 f   Adjacencies.obj
 0001:00000580       ?Load@Adjacencies@physx@@QEAA_NAEAVPxInputStream@2@@Z 0000000180001580 f   Adjacencies.obj
 0001:00000660       ?ComputeNbBoundaryEdges@Adjacencies@physx@@QEBAIXZ 0000000180001660 f   Adjacencies.obj
 0001:000006e0       ?GetBoundaryVertices@Adjacencies@physx@@QEBA_NIPEA_NPEBU?$TriangleT@I@Gu@2@@Z 00000001800016e0 f   Adjacencies.obj
 0001:00000850       ?MakeLastRef@Adjacencies@physx@@QEAA_NAEAVAdjTriangle@2@IPEAU?$TriangleT@I@Gu@2@@Z 0000000180001850 f   Adjacencies.obj
 0001:00000aa0       ?AssignNewEdgeCode@Adjacencies@physx@@AEAAXIE@Z 0000000180001aa0 f   Adjacencies.obj
 0001:00000af0       ??0AdjacenciesBuilder@physx@@QEAA@XZ 0000000180001af0 f   Adjacencies.obj
 0001:00000b10       ??1AdjacenciesBuilder@physx@@QEAA@XZ 0000000180001b10 f   Adjacencies.obj
 0001:00000b20       ?Init@AdjacenciesBuilder@physx@@QEAA_NAEBUADJACENCIESCREATE@2@@Z 0000000180001b20 f   Adjacencies.obj
 0001:00000e90       ??$?_UV?$ReflectionAllocator@VAdjTriangle@physx@@@shdfnd@physx@@@UserAllocated@shdfnd@physx@@SAPEAX_KV?$ReflectionAllocator@VAdjTriangle@physx@@@12@PEBDH@Z 0000000180001e90 f i Adjacencies.obj
 0001:00000f30       ??0AdjEdge@@QEAA@XZ        0000000180001f30 f i Adjacencies.obj
 0001:00000f40       ??0AdjTriangle@physx@@QEAA@XZ 0000000180001f40 f i Adjacencies.obj
 0001:00000f50       ??0Allocator@shdfnd@physx@@QEAA@PEBD@Z 0000000180001f50 f i Adjacencies.obj
 0001:00000f60       ??0PxFoundation@physx@@QEAA@AEBV01@@Z 0000000180001f60 f i Adjacencies.obj
 0001:00000f70       ??0PxFoundation@physx@@QEAA@XZ 0000000180001f70 f i Adjacencies.obj
 0001:00000f80       ??1AdjEdge@@QEAA@XZ        0000000180001f80 f i Adjacencies.obj
 0001:00000f90       ??1AdjTriangle@physx@@QEAA@XZ 0000000180001f90 f i Adjacencies.obj
 0001:00000fa0       ??1PxFoundation@physx@@MEAA@XZ 0000000180001fa0 f i Adjacencies.obj
 0001:00000fb0       ??4Allocator@shdfnd@physx@@QEAAAEAV012@$$QEAV012@@Z 0000000180001fb0 f i Adjacencies.obj
 0001:00000fc0       ??4Allocator@shdfnd@physx@@QEAAAEAV012@AEBV012@@Z 0000000180001fc0 f i Adjacencies.obj
 0001:00000fd0       ??4MutexImpl@shdfnd@physx@@QEAAAEAV012@AEBV012@@Z 0000000180001fd0 f i Adjacencies.obj
 0001:00000fe0       ??4PxFoundation@physx@@QEAAAEAV01@AEBV01@@Z 0000000180001fe0 f i Adjacencies.obj
 0001:00000ff0       ??_EAdjEdge@@QEAAPEAXI@Z   0000000180001ff0 f i Adjacencies.obj
 0001:00001070       ??_EAdjTriangle@physx@@QEAAPEAXI@Z 0000000180002070 f i Adjacencies.obj
 0001:000010f0       ??_EPxFoundation@physx@@MEAAPEAXI@Z 00000001800020f0 f i Adjacencies.obj
 0001:00001180       ??_FAllocator@shdfnd@physx@@QEAAXXZ 0000000180002180 f i Adjacencies.obj
 0001:00001190       ??_GPxFoundation@physx@@MEAAPEAXI@Z 0000000180002190 f i Adjacencies.obj
 0001:000011c0       ??_H@YAXPEAX_K1P6APEAX0@Z@Z 00000001800021c0 f i Adjacencies.obj
 0001:00001210       ??_I@YAXPEAX_K1P6AX0@Z@Z   0000000180002210 f i Adjacencies.obj
 0001:000014d0       ?GetNbHits@RadixSort@Cm@physx@@QEBAIXZ 00000001800024d0 f i Adjacencies.obj
 0001:000014e0       ?GetNbTotalCalls@RadixSort@Cm@physx@@QEBAIXZ 00000001800024e0 f i Adjacencies.obj
 0001:000014f0       ?GetRanks@RadixSort@Cm@physx@@QEBAPEBIXZ 00000001800024f0 f i Adjacencies.obj
 0001:00001500       ?GetRecyclable@RadixSort@Cm@physx@@QEBAPEAIXZ 0000000180002500 f i Adjacencies.obj
 0001:00001750       ?__empty_global_delete@@YAXPEAX@Z 0000000180002750 f i Adjacencies.obj
 0001:00001760       ?__empty_global_delete@@YAXPEAX_K@Z 0000000180002760 f i Adjacencies.obj
 0001:00001770       ?getAllocator@Foundation@shdfnd@physx@@QEAAAEAVPxAllocatorCallback@3@XZ 0000000180002770 f i Adjacencies.obj
 0001:00001780       ?getAllocatorCallback@Foundation@shdfnd@physx@@UEAAAEAVPxAllocatorCallback@3@XZ 0000000180002780 f i Adjacencies.obj
 0001:00001790       ?getErrorCallback@Foundation@shdfnd@physx@@UEAAAEAVPxErrorCallback@3@XZ 0000000180002790 f i Adjacencies.obj
 0001:000017a0       ?getErrorLevel@Foundation@shdfnd@physx@@UEBA?AW4Enum@PxErrorCode@3@XZ 00000001800027a0 f i Adjacencies.obj
 0001:000017b0       ?getInternalErrorCallback@Foundation@shdfnd@physx@@QEAAAEAVPxErrorCallback@3@XZ 00000001800027b0 f i Adjacencies.obj
 0001:000017c0       ?getNamedAllocMap@Foundation@shdfnd@physx@@QEAAAEAV?$HashMap@PEBVNamedAllocator@shdfnd@physx@@PEBDU?$Hash@PEBVNamedAllocator@shdfnd@physx@@@23@VNonTrackingAllocator@23@@23@XZ 00000001800027c0 f i Adjacencies.obj
 0001:000017d0       ?getNamedAllocMutex@Foundation@shdfnd@physx@@QEAAAEAV?$MutexT@VAllocator@shdfnd@physx@@@23@XZ 00000001800027d0 f i Adjacencies.obj
 0001:000017e0       ?getReportAllocationNames@Foundation@shdfnd@physx@@UEBA_NXZ 00000001800027e0 f i Adjacencies.obj
 0001:000017f0       ?getTempAllocFreeTable@Foundation@shdfnd@physx@@QEAAAEAV?$Array@PEATTempAllocatorChunk@shdfnd@physx@@VAllocator@23@@23@XZ 00000001800027f0 f i Adjacencies.obj
 0001:00001800       ?getTempAllocMutex@Foundation@shdfnd@physx@@QEAAAEAV?$MutexT@VAllocator@shdfnd@physx@@@23@XZ 0000000180002800 f i Adjacencies.obj
 0001:00001810       ?invalidateRanks@RadixSort@Cm@physx@@QEAAXXZ 0000000180002810 f i Adjacencies.obj
 0001:00001820       ?setErrorLevel@Foundation@shdfnd@physx@@UEAAXW4Enum@PxErrorCode@3@@Z 0000000180002820 f i Adjacencies.obj
 0001:00001830       ?setReportAllocationNames@Foundation@shdfnd@physx@@UEAAX_N@Z 0000000180002830 f i Adjacencies.obj
 0001:00001840       PxCreateCooking            0000000180002840 f   Cooking.obj
 0001:00001930       ?release@Cooking@physx@@UEAAXXZ 0000000180002930 f   Cooking.obj
 0001:00001960       ?setParams@Cooking@physx@@UEAAXAEBUPxCookingParams@2@@Z 0000000180002960 f   Cooking.obj
 0001:000019c0       ?getParams@Cooking@physx@@UEBAAEBUPxCookingParams@2@XZ 00000001800029c0 f   Cooking.obj
 0001:000019d0       ?platformMismatch@Cooking@physx@@UEBA_NXZ 00000001800029d0 f   Cooking.obj
 0001:000019e0       ?cookTriangleMesh@Cooking@physx@@UEBA_NAEBVPxTriangleMeshDesc@2@AEAVPxOutputStream@2@PEAW4Enum@PxTriangleMeshCookingResult@2@@Z 00000001800029e0 f   Cooking.obj
 0001:00001b20       ?createTriangleMesh@Cooking@physx@@UEBAPEAVPxTriangleMesh@2@AEBVPxTriangleMeshDesc@2@AEAVPxPhysicsInsertionCallback@2@PEAW4Enum@PxTriangleMeshCookingResult@2@@Z 0000000180002b20 f   Cooking.obj
 0001:00001c80       ?validateTriangleMesh@Cooking@physx@@UEBA_NAEBVPxTriangleMeshDesc@2@@Z 0000000180002c80 f   Cooking.obj
 0001:00001d90       ?cookConvexMesh@Cooking@physx@@UEBA_NAEBVPxConvexMeshDesc@2@AEAVPxOutputStream@2@PEAW4Enum@PxConvexMeshCookingResult@2@@Z 0000000180002d90 f   Cooking.obj
 0001:00001f80       ?createConvexMesh@Cooking@physx@@UEBAPEAVPxConvexMesh@2@AEBVPxConvexMeshDesc@2@AEAVPxPhysicsInsertionCallback@2@PEAW4Enum@PxConvexMeshCookingResult@2@@Z 0000000180002f80 f   Cooking.obj
 0001:00002180       ?validateConvexMesh@Cooking@physx@@UEBA_NAEBVPxConvexMeshDesc@2@@Z 0000000180003180 f   Cooking.obj
 0001:000021f0       ?computeHullPolygons@Cooking@physx@@UEBA_NAEBVPxSimpleTriangleMesh@2@AEAVPxAllocatorCallback@2@AEAIAEAPEAVPxVec3@2@2AEAPEAI2AEAPEAUPxHullPolygon@2@@Z 00000001800031f0 f   Cooking.obj
 0001:000023d0       ?cookHeightField@Cooking@physx@@UEBA_NAEBVPxHeightFieldDesc@2@AEAVPxOutputStream@2@@Z 00000001800033d0 f   Cooking.obj
 0001:000024b0       ?createHeightField@Cooking@physx@@UEBAPEAVPxHeightField@2@AEBVPxHeightFieldDesc@2@AEAVPxPhysicsInsertionCallback@2@@Z 00000001800034b0 f   Cooking.obj
 0001:00002610       ?cookBVHStructure@Cooking@physx@@UEBA_NAEBVPxBVHStructureDesc@2@AEAVPxOutputStream@2@@Z 0000000180003610 f   Cooking.obj
 0001:000026c0       ?createBVHStructure@Cooking@physx@@UEBAPEAVPxBVHStructure@2@AEBVPxBVHStructureDesc@2@AEAVPxPhysicsInsertionCallback@2@@Z 00000001800036c0 f   Cooking.obj
 0001:00002770       ?cookConvexMeshInternal@Cooking@physx@@AEBA_NAEBVPxConvexMeshDesc@2@AEAVConvexMeshBuilder@2@PEAVConvexHullLib@2@PEAW4Enum@PxConvexMeshCookingResult@2@@Z 0000000180003770 f   Cooking.obj
 0001:000029e0       ?cookTriangleMesh@Cooking@physx@@AEBA_NAEAVTriangleMeshBuilder@2@AEBVPxTriangleMeshDesc@2@AEAVPxOutputStream@2@PEAW4Enum@PxTriangleMeshCookingResult@2@@Z 00000001800039e0 f   Cooking.obj
 0001:00002a80       ?createTriangleMesh@Cooking@physx@@AEBAPEAVPxTriangleMesh@2@AEAVTriangleMeshBuilder@2@AEBVPxTriangleMeshDesc@2@AEAVPxPhysicsInsertionCallback@2@PEAW4Enum@PxTriangleMeshCookingResult@2@@Z 0000000180003a80 f   Cooking.obj
 0001:00002b30       ??0DebugText@Cm@physx@@QEAA@$$QEAU012@@Z 0000000180003b30 f i Cooking.obj
 0001:00002c10       ??0DebugText@Cm@physx@@QEAA@AEBU012@@Z 0000000180003c10 f i Cooking.obj
 0001:00002cf0       ??0HeightFieldData@Gu@physx@@QEAA@$$QEAU012@@Z 0000000180003cf0 f i Cooking.obj
 0001:00002d50       ??0HeightFieldData@Gu@physx@@QEAA@AEBU012@@Z 0000000180003d50 f i Cooking.obj
 0001:00002db0       ??0HeightFieldData@Gu@physx@@QEAA@W4PxEMPTY@2@@Z 0000000180003db0 f i Cooking.obj
 0001:00002dc0       ??0HeightFieldData@Gu@physx@@QEAA@XZ 0000000180003dc0 f i Cooking.obj
 0001:00002dd0       ??0RenderOutput@Cm@physx@@QEAA@AEAVRenderBuffer@12@@Z 0000000180003dd0 f i Cooking.obj
 0001:00002e20       ??0RenderOutput@Cm@physx@@QEAA@AEBV012@@Z 0000000180003e20 f i Cooking.obj
 0001:00002ec0       ??1HeightFieldData@Gu@physx@@QEAA@XZ 0000000180003ec0 f i Cooking.obj
 0001:00002ed0       ??1PxBase@physx@@MEAA@XZ   0000000180003ed0 f i Cooking.obj
 0001:00002ee0       ??1PxConvexMesh@physx@@MEAA@XZ 0000000180003ee0 f i Cooking.obj
 0001:00002ef0       ??1PxCooking@physx@@MEAA@XZ 0000000180003ef0 f i Cooking.obj
 0001:00002f00       ??1PxHeightField@physx@@MEAA@XZ 0000000180003f00 f i Cooking.obj
 0001:00002f10       ??4DebugText@Cm@physx@@QEAAAEAU012@$$QEAU012@@Z 0000000180003f10 f i Cooking.obj
 0001:00003040       ??4DebugText@Cm@physx@@QEAAAEAU012@AEBU012@@Z 0000000180004040 f i Cooking.obj
 0001:00003170       ??4FPUGuard@shdfnd@physx@@QEAAAEAV012@AEBV012@@Z 0000000180004170 f i Cooking.obj
 0001:00003190       ??4HeightFieldData@Gu@physx@@QEAAAEAU012@$$QEAU012@@Z 0000000180004190 f i Cooking.obj
 0001:000031f0       ??4HeightFieldData@Gu@physx@@QEAAAEAU012@AEBU012@@Z 00000001800041f0 f i Cooking.obj
 0001:00003250       ??_ECooking@physx@@UEAAPEAXI@Z 0000000180004250 f i Cooking.obj
 0001:00003250       ??_GCooking@physx@@UEAAPEAXI@Z 0000000180004250 f i Cooking.obj
 0001:000032a0       ??_EPxBase@physx@@MEAAPEAXI@Z 00000001800042a0 f i Cooking.obj
 0001:000032a0       ??_GPxBase@physx@@MEAAPEAXI@Z 00000001800042a0 f i Cooking.obj
 0001:000032d0       ??_EPxCooking@physx@@MEAAPEAXI@Z 00000001800042d0 f i Cooking.obj
 0001:000032d0       ??_GPxCooking@physx@@MEAAPEAXI@Z 00000001800042d0 f i Cooking.obj
 0001:00003300       ?allocate@?$Array@UPxDebugLine@physx@@V?$ReflectionAllocator@UPxDebugLine@physx@@@shdfnd@2@@shdfnd@physx@@IEAAPEAUPxDebugLine@3@I@Z 0000000180004300 f i Cooking.obj
 0001:000033a0       ?copy@?$Array@UPxDebugLine@physx@@V?$ReflectionAllocator@UPxDebugLine@physx@@@shdfnd@2@@shdfnd@physx@@KAXPEAUPxDebugLine@3@0PEBU43@@Z 00000001800043a0 f i Cooking.obj
 0001:00003550       ?getConcreteTypeName@PxConvexMesh@physx@@UEBAPEBDXZ 0000000180004550 f i Cooking.obj
 0001:00003560       ?getConcreteTypeName@PxHeightField@physx@@UEBAPEBDXZ 0000000180004560 f i Cooking.obj
 0001:00003570       ?getConvexEdgeThreshold@HeightField@Gu@physx@@UEBAMXZ 0000000180004570 f i Cooking.obj
 0001:00003580       ?getFlags@HeightField@Gu@physx@@UEBA?AV?$PxFlags@W4Enum@PxHeightFieldFlag@physx@@G@3@XZ 0000000180004580 f i Cooking.obj
 0001:00003590       ?getFormat@HeightField@Gu@physx@@UEBA?AW4Enum@PxHeightFieldFormat@3@XZ 0000000180004590 f i Cooking.obj
 0001:000035a0       ?getHeight@HeightField@Gu@physx@@UEBAMMM@Z 00000001800045a0 f i Cooking.obj
 0001:000035e0       ?getHeightInternal2@HeightField@Gu@physx@@QEBAMIMM@Z 00000001800045e0 f i Cooking.obj
 0001:00003750       ?getIndexBuffer@ConvexMesh@Gu@physx@@UEBAPEBEXZ 0000000180004750 f i Cooking.obj
 0001:00003790       ?getNbColumns@HeightField@Gu@physx@@UEBAIXZ 0000000180004790 f i Cooking.obj
 0001:000037a0       ?getNbPolygons@ConvexMesh@Gu@physx@@UEBAIXZ 00000001800047a0 f i Cooking.obj
 0001:000037b0       ?getNbRows@HeightField@Gu@physx@@UEBAIXZ 00000001800047b0 f i Cooking.obj
 0001:000037c0       ?getNbVertices@ConvexMesh@Gu@physx@@UEBAIXZ 00000001800047c0 f i Cooking.obj
 0001:000037d0       ?getPaddedBounds@HeightFieldData@Gu@physx@@QEBAAEBVCenterExtentsPadded@23@XZ 00000001800047d0 f i Cooking.obj
 0001:000037e0       ?getSample@HeightField@Gu@physx@@UEBAAEBUPxHeightFieldSample@3@II@Z 00000001800047e0 f i Cooking.obj
 0001:000037f0       ?getSampleStride@HeightField@Gu@physx@@UEBAIXZ 00000001800047f0 f i Cooking.obj
 0001:00003800       ?getTimestamp@HeightField@Gu@physx@@UEBAIXZ 0000000180004800 f i Cooking.obj
 0001:00003810       ?getTriangleMaterialIndex@HeightField@Gu@physx@@UEBAGI@Z 0000000180004810 f i Cooking.obj
 0001:00003840       ?getTriangleNormal@HeightField@Gu@physx@@UEBA?AVPxVec3@3@I@Z 0000000180004840 f i Cooking.obj
 0001:00003940       ?getVertices@ConvexMesh@Gu@physx@@UEBAPEBVPxVec3@3@XZ 0000000180004940 f i Cooking.obj
 0001:00003960       ?isKindOf@PxBase@physx@@MEBA_NPEBD@Z 0000000180004960 f i Cooking.obj
 0001:00003990       ?isKindOf@PxConvexMesh@physx@@MEBA_NPEBD@Z 0000000180004990 f i Cooking.obj
 0001:000039e0       ?isKindOf@PxHeightField@physx@@MEBA_NPEBD@Z 00000001800049e0 f i Cooking.obj
 0001:00003a30       ?isReleasable@PxBase@physx@@UEBA_NXZ 0000000180004a30 f i Cooking.obj
 0001:00003a40       ?outputSegment@RenderOutput@Cm@physx@@QEAAXAEBVPxVec3@3@0@Z 0000000180004a40 f i Cooking.obj
 0001:00003b00       ?preExportDataReset@ConvexMesh@Gu@physx@@QEAAXXZ 0000000180004b00 f i Cooking.obj
 0001:00003b10       ?preExportDataReset@HeightField@Gu@physx@@QEAAXXZ 0000000180004b10 f i Cooking.obj
 0001:00003b20       ?recreate@?$Array@UPxDebugLine@physx@@V?$ReflectionAllocator@UPxDebugLine@physx@@@shdfnd@2@@shdfnd@physx@@IEAAXI@Z 0000000180004b20 f i Cooking.obj
 0001:00003bb0       ?reserveSegments@RenderOutput@Cm@physx@@QEAAPEAUPxDebugLine@3@I@Z 0000000180004bb0 f i Cooking.obj
 0001:00003c20       ??0ReducedVertexCloud@physx@@QEAA@PEBVPxVec3@1@I@Z 0000000180004c20 f   CookingUtils.obj
 0001:00003c40       ??1ReducedVertexCloud@physx@@QEAA@XZ 0000000180004c40 f   CookingUtils.obj
 0001:00003c50       ?Clean@ReducedVertexCloud@physx@@QEAAAEAV12@XZ 0000000180004c50 f   CookingUtils.obj
 0001:00003cc0       ?Reduce@ReducedVertexCloud@physx@@QEAA_NPEAUREDUCEDCLOUD@2@@Z 0000000180004cc0 f   CookingUtils.obj
 0001:00003fe0       ??0EdgeList@Gu@physx@@QEAA@XZ 0000000180004fe0 f   EdgeList.obj
 0001:00004000       ??1EdgeList@Gu@physx@@QEAA@XZ 0000000180005000 f   EdgeList.obj
 0001:000040b0       ?load@EdgeList@Gu@physx@@QEAA_NAEAVPxInputStream@3@@Z 00000001800050b0 f   EdgeList.obj
 0001:000042a0       ??0EdgeListBuilder@Gu@physx@@QEAA@XZ 00000001800052a0 f   EdgeList.obj
 0001:000042c0       ??1EdgeListBuilder@Gu@physx@@QEAA@XZ 00000001800052c0 f   EdgeList.obj
 0001:000042d0       ?init@EdgeListBuilder@Gu@physx@@QEAA_NAEBUEDGELISTCREATE@23@@Z 00000001800052d0 f   EdgeList.obj
 0001:00004410       ?createFacesToEdges@EdgeListBuilder@Gu@physx@@AEAA_NIPEBIPEBG@Z 0000000180005410 f   EdgeList.obj
 0001:00004890       ?createEdgesToFaces@EdgeListBuilder@Gu@physx@@AEAA_NIPEBIPEBG@Z 0000000180005890 f   EdgeList.obj
 0001:00004af0       ?computeActiveEdges@EdgeListBuilder@Gu@physx@@AEAA_NIPEBIPEBGPEBVPxVec3@3@M@Z 0000000180005af0 f   EdgeList.obj
 0001:000060a0       ??$?_UI@@YAPEAX_KV?$ReflectionAllocator@I@shdfnd@physx@@PEBDH@Z 00000001800070a0 f i EdgeList.obj
 0001:00006140       ??0PxVec3@physx@@QEAA@XZ   0000000180007140 f i EdgeList.obj
 0001:00006150       ??0MeshCleaner@physx@@QEAA@IPEBVPxVec3@1@IPEBIM@Z 0000000180007150 f   MeshCleaner.obj
 0001:00006af0       ??1MeshCleaner@physx@@QEAA@XZ 0000000180007af0 f   MeshCleaner.obj
 0001:00006b80       ?createQuantizer@physx@@YAPEAVQuantizer@1@XZ 0000000180007b80 f   Quantizer.obj
 0001:00006c30       ?kmeans_cluster3d@@YAIPEBVPxVec3@physx@@IIPEAV12@PEAIMM@Z 0000000180007c30 f   Quantizer.obj
 0001:00006c40       ??$kmeans_cluster@VPxVec3@physx@@M@@YAIPEBVPxVec3@physx@@IIPEAV01@PEAIMM@Z 0000000180007c40 f i Quantizer.obj
 0001:00007560       ??1Quantizer@physx@@MEAA@XZ 0000000180008560 f i Quantizer.obj
 0001:00007570       ??1QuantizerImpl@@EEAA@XZ  0000000180008570 f i Quantizer.obj
 0001:000075f0       ??_GQuantizer@physx@@MEAAPEAXI@Z 00000001800085f0 f i Quantizer.obj
 0001:000075f0       ??_EQuantizer@physx@@MEAAPEAXI@Z 00000001800085f0 f i Quantizer.obj
 0001:00007620       ??_EQuantizerImpl@@EEAAPEAXI@Z 0000000180008620 f i Quantizer.obj
 0001:00007620       ??_GQuantizerImpl@@EEAAPEAXI@Z 0000000180008620 f i Quantizer.obj
 0001:000076f0       ?getDenormalizeCenter@QuantizerImpl@@UEBAAEBVPxVec3@physx@@XZ 00000001800086f0 f i Quantizer.obj
 0001:00007700       ?getDenormalizeScale@QuantizerImpl@@UEBAAEBVPxVec3@physx@@XZ 0000000180008700 f i Quantizer.obj
 0001:00007710       ?growAndPushBack@?$Array@VPxVec3@physx@@V?$ReflectionAllocator@VPxVec3@physx@@@shdfnd@2@@shdfnd@physx@@IEAAAEAVPxVec3@3@AEBV43@@Z 0000000180008710 f i Quantizer.obj
 0001:000078e0       ?kmeansQuantize3D@QuantizerImpl@@UEAAPEBVPxVec3@physx@@IPEBV23@I_NIAEAI@Z 00000001800088e0 f i Quantizer.obj
 0001:00007b40       ?normalizeInput@QuantizerImpl@@AEAAXIPEBVPxVec3@physx@@I@Z 0000000180008b40 f i Quantizer.obj
 0001:00007f70       ?release@QuantizerImpl@@UEAAXXZ 0000000180008f70 f i Quantizer.obj
 0001:00007f90       ??0BVHStructureBuilder@physx@@QEAA@XZ 0000000180008f90 f   BVHStructureBuilder.obj
 0001:00007fb0       ??1BVHStructureBuilder@physx@@QEAA@XZ 0000000180008fb0 f   BVHStructureBuilder.obj
 0001:00008040       ?loadFromDesc@BVHStructureBuilder@physx@@QEAA_NAEBVPxBVHStructureDesc@2@@Z 0000000180009040 f   BVHStructureBuilder.obj
 0001:000083d0       ?save@BVHStructureBuilder@physx@@QEBA_NAEAVPxOutputStream@2@_N@Z 00000001800093d0 f   BVHStructureBuilder.obj
 0001:00008560       ?moveData@BVHStructureBuilder@physx@@QEAAXAEAUBVHStructureData@Gu@2@@Z 0000000180009560 f   BVHStructureBuilder.obj
 0001:000085a0       ?flatten@@YAXAEBVNodeAllocator@Gu@physx@@PEAUBVHNode@23@@Z 00000001800095a0 f   BVHStructureBuilder.obj
 0001:00008750       ??$copy@V?$ReflectionAllocator@USlab@NodeAllocator@Gu@physx@@@shdfnd@physx@@@?$Array@USlab@NodeAllocator@Gu@physx@@V?$ReflectionAllocator@USlab@NodeAllocator@Gu@physx@@@shdfnd@4@@shdfnd@physx@@IEAAXAEBV012@@Z 0000000180009750 f i BVHStructureBuilder.obj
 0001:000087d0       ??0AABBTreeBuildNode@Gu@physx@@QEAA@AEBV012@@Z 00000001800097d0 f i BVHStructureBuilder.obj
 0001:00008810       ??0AABBTreeBuildNode@Gu@physx@@QEAA@XZ 0000000180009810 f i BVHStructureBuilder.obj
 0001:00008820       ??0AABBTreeBuildParams@Gu@physx@@QEAA@IIPEBVPxBounds3@2@@Z 0000000180009820 f i BVHStructureBuilder.obj
 0001:00008840       ??0BuildStats@Gu@physx@@QEAA@XZ 0000000180009840 f i BVHStructureBuilder.obj
 0001:00008850       ??0NodeAllocator@Gu@physx@@QEAA@AEBV012@@Z 0000000180009850 f i BVHStructureBuilder.obj
 0001:00008890       ??1AABBTreeBuildNode@Gu@physx@@QEAA@XZ 0000000180009890 f i BVHStructureBuilder.obj
 0001:000088a0       ??1AABBTreeBuildParams@Gu@physx@@QEAA@XZ 00000001800098a0 f i BVHStructureBuilder.obj
 0001:00008900       ??4AABBTreeBuildNode@Gu@physx@@QEAAAEAV012@AEBV012@@Z 0000000180009900 f i BVHStructureBuilder.obj
 0001:00008940       ??4AABBTreeBuildParams@Gu@physx@@QEAAAEAV012@AEBV012@@Z 0000000180009940 f i BVHStructureBuilder.obj
 0001:00008960       ??4BuildStats@Gu@physx@@QEAAAEAU012@$$QEAU012@@Z 0000000180009960 f i BVHStructureBuilder.obj
 0001:00008970       ??4BuildStats@Gu@physx@@QEAAAEAU012@AEBU012@@Z 0000000180009970 f i BVHStructureBuilder.obj
 0001:00008980       ??4NodeAllocator@Gu@physx@@QEAAAEAV012@AEBV012@@Z 0000000180009980 f i BVHStructureBuilder.obj
 0001:00008a30       ??_FAABBTreeBuildParams@Gu@physx@@QEAAXXZ 0000000180009a30 f i BVHStructureBuilder.obj
 0001:00008a50       ?__global_array_delete@@YAXPEAX@Z 0000000180009a50 f i BVHStructureBuilder.obj
 0001:00008a60       ?__global_array_delete@@YAXPEAX_K@Z 0000000180009a60 f i BVHStructureBuilder.obj
 0001:00008a70       ?__global_delete@@YAXPEAX@Z 0000000180009a70 f i BVHStructureBuilder.obj
 0001:00008a80       ?__global_delete@@YAXPEAX_K@Z 0000000180009a80 f i BVHStructureBuilder.obj
 0001:00008a90       ?allocate@?$Array@USlab@NodeAllocator@Gu@physx@@V?$ReflectionAllocator@USlab@NodeAllocator@Gu@physx@@@shdfnd@4@@shdfnd@physx@@IEAAPEAUSlab@NodeAllocator@Gu@3@I@Z 0000000180009a90 f i BVHStructureBuilder.obj
 0001:00008b30       ?getAABB@AABBTreeBuildNode@Gu@physx@@QEBAAEBVPxBounds3@3@XZ 0000000180009b30 f i BVHStructureBuilder.obj
 0001:00008b40       ?getCount@BuildStats@Gu@physx@@QEBAIXZ 0000000180009b40 f i BVHStructureBuilder.obj
 0001:00008b50       ?getNbPrimitives@AABBTreeBuildNode@Gu@physx@@QEBAIXZ 0000000180009b50 f i BVHStructureBuilder.obj
 0001:00008b60       ?getNbRuntimePrimitives@AABBTreeBuildNode@Gu@physx@@QEBAIXZ 0000000180009b60 f i BVHStructureBuilder.obj
 0001:00008b70       ?getNeg@AABBTreeBuildNode@Gu@physx@@QEBAPEBV123@XZ 0000000180009b70 f i BVHStructureBuilder.obj
 0001:00008b90       ?getPos@AABBTreeBuildNode@Gu@physx@@QEBAPEBV123@XZ 0000000180009b90 f i BVHStructureBuilder.obj
 0001:00008ba0       ?getPrimitives@AABBTreeBuildNode@Gu@physx@@QEAAPEAIPEAI@Z 0000000180009ba0 f i BVHStructureBuilder.obj
 0001:00008bb0       ?getPrimitives@AABBTreeBuildNode@Gu@physx@@QEBAPEBIPEBI@Z 0000000180009bb0 f i BVHStructureBuilder.obj
 0001:00008bc0       ?increaseCount@BuildStats@Gu@physx@@QEAAXI@Z 0000000180009bc0 f i BVHStructureBuilder.obj
 0001:00008bd0       ?isLeaf@AABBTreeBuildNode@Gu@physx@@QEBA_NXZ 0000000180009bd0 f i BVHStructureBuilder.obj
 0001:00008be0       ?recreate@?$Array@USlab@NodeAllocator@Gu@physx@@V?$ReflectionAllocator@USlab@NodeAllocator@Gu@physx@@@shdfnd@4@@shdfnd@physx@@IEAAXI@Z 0000000180009be0 f i BVHStructureBuilder.obj
 0001:00008c90       ?reset@AABBTreeBuildParams@Gu@physx@@QEAAXXZ 0000000180009c90 f i BVHStructureBuilder.obj
 0001:00008cf0       ?reset@BuildStats@Gu@physx@@QEAAXXZ 0000000180009cf0 f i BVHStructureBuilder.obj
 0001:00008d00       ?setCount@BuildStats@Gu@physx@@QEAAXI@Z 0000000180009d00 f i BVHStructureBuilder.obj
 0001:00008d10       ?setNbRunTimePrimitives@AABBTreeBuildNode@Gu@physx@@QEAAXI@Z 0000000180009d10 f i BVHStructureBuilder.obj
 0001:00008d20       ?saveHeightField@physx@@YA_NAEBVHeightField@Gu@1@AEAVPxOutputStream@1@_N@Z 0000000180009d20 f   HeightFieldCooking.obj
 0001:00008f60       ?buildFromTriangles@RTreeCooker@physx@@SAXAEAURTree@Gu@2@PEBVPxVec3@2@IPEBGPEBIIAEAV?$Array@IV?$ReflectionAllocator@I@shdfnd@physx@@@shdfnd@2@PEAURemapCallback@12@MW4Enum@PxMeshCookingHint@2@@Z 0000000180009f60 f   RTreeCooking.obj
 0001:00009200       ??$partition@UBoundsLTE@physx@@@quickSelect@physx@@YAIPEIAIIIIAEBUBoundsLTE@1@@Z 000000018000a200 f i RTreeCooking.obj
 0001:00009380       ??$quickSelectFirstK@UBoundsLTE@physx@@@quickSelect@physx@@YAXPEIAIIIIAEBUBoundsLTE@1@@Z 000000018000a380 f i RTreeCooking.obj
 0001:00009560       ??$smallSort@I$$CBUSortBoundsPredicate@physx@@@internal@shdfnd@physx@@YAXPEAIHHAEBUSortBoundsPredicate@2@@Z 000000018000a560 f i RTreeCooking.obj
 0001:00009830       ??$sort@I@shdfnd@physx@@YAXPEAII@Z 000000018000a830 f i RTreeCooking.obj
 0001:00009850       ??$sort@IU?$Less@I@shdfnd@physx@@V?$ReflectionAllocator@I@23@@shdfnd@physx@@YAXPEAIIAEBU?$Less@I@01@AEBV?$ReflectionAllocator@I@01@I@Z 000000018000a850 f i RTreeCooking.obj
 0001:00009ca0       ??$sort@IUSortBoundsPredicate@physx@@@shdfnd@physx@@YAXPEAIIAEBUSortBoundsPredicate@1@@Z 000000018000aca0 f i RTreeCooking.obj
 0001:00009cc0       ??$sort@IUSortBoundsPredicate@physx@@V?$ReflectionAllocator@I@shdfnd@2@@shdfnd@physx@@YAXPEAIIAEBUSortBoundsPredicate@1@AEBV?$ReflectionAllocator@I@01@I@Z 000000018000acc0 f i RTreeCooking.obj
 0001:0000a1c0       ?allocate@?$Array@UInterval@physx@@V?$InlineAllocator@$0CAAA@V?$ReflectionAllocator@UInterval@physx@@@shdfnd@physx@@@shdfnd@2@@shdfnd@physx@@IEAAPEAUInterval@3@I@Z 000000018000b1c0 f i RTreeCooking.obj
 0001:0000a280       ?allocate@?$Array@UPxBounds3V@physx@@V?$ReflectionAllocator@UPxBounds3V@physx@@@shdfnd@2@@shdfnd@physx@@IEAAPEAUPxBounds3V@3@I@Z 000000018000b280 f i RTreeCooking.obj
 0001:0000a320       ?allocate@?$Array@URTreeNodeNQ@physx@@V?$ReflectionAllocator@URTreeNodeNQ@physx@@@shdfnd@2@@shdfnd@physx@@IEAAPEAURTreeNodeNQ@3@I@Z 000000018000b320 f i RTreeCooking.obj
 0001:0000a3c0       ?allocate@?$Array@URTreeNodeQ@Gu@physx@@V?$ReflectionAllocator@URTreeNodeQ@Gu@physx@@@shdfnd@3@@shdfnd@physx@@IEAAPEAURTreeNodeQ@Gu@3@I@Z 000000018000b3c0 f i RTreeCooking.obj
 0001:0000a460       ?allocate@?$Array@VPxVec3@physx@@V?$ReflectionAllocator@VPxVec3@physx@@@shdfnd@2@@shdfnd@physx@@IEAAPEAVPxVec3@3@I@Z 000000018000b460 f i RTreeCooking.obj
 0001:0000a500       ?allocate@?$ReflectionAllocator@I@shdfnd@physx@@QEAAPEAX_KPEBDH@Z 000000018000b500 f i RTreeCooking.obj
 0001:0000b1d0       ?copy@?$Array@URTreeNodeNQ@physx@@V?$ReflectionAllocator@URTreeNodeNQ@physx@@@shdfnd@2@@shdfnd@physx@@KAXPEAURTreeNodeNQ@3@0PEBU43@@Z 000000018000c1d0 f i RTreeCooking.obj
 0001:0000b390       ?copy@?$Array@VPxVec3@physx@@V?$ReflectionAllocator@VPxVec3@physx@@@shdfnd@2@@shdfnd@physx@@KAXPEAVPxVec3@3@0PEBV43@@Z 000000018000c390 f i RTreeCooking.obj
 0001:0000b460       ?growAndPushBack@?$Array@IV?$ReflectionAllocator@I@shdfnd@physx@@@shdfnd@physx@@IEAAAEAIAEBI@Z 000000018000c460 f i RTreeCooking.obj
 0001:0000b530       ?growAndPushBack@?$Array@UInterval@physx@@V?$InlineAllocator@$0CAAA@V?$ReflectionAllocator@UInterval@physx@@@shdfnd@physx@@@shdfnd@2@@shdfnd@physx@@IEAAAEAUInterval@3@AEBU43@@Z 000000018000c530 f i RTreeCooking.obj
 0001:0000b610       ?growAndPushBack@?$Array@UPxBounds3V@physx@@V?$ReflectionAllocator@UPxBounds3V@physx@@@shdfnd@2@@shdfnd@physx@@IEAAAEAUPxBounds3V@3@AEBU43@@Z 000000018000c610 f i RTreeCooking.obj
 0001:0000b6e0       ?growAndPushBack@?$Array@URTreeNodeNQ@physx@@V?$ReflectionAllocator@URTreeNodeNQ@physx@@@shdfnd@2@@shdfnd@physx@@IEAAAEAURTreeNodeNQ@3@AEBU43@@Z 000000018000c6e0 f i RTreeCooking.obj
 0001:0000b7b0       ?growAndPushBack@?$Array@URTreeNodeQ@Gu@physx@@V?$ReflectionAllocator@URTreeNodeQ@Gu@physx@@@shdfnd@3@@shdfnd@physx@@IEAAAEAURTreeNodeQ@Gu@3@AEBU453@@Z 000000018000c7b0 f i RTreeCooking.obj
 0001:0000b890       ?recreate@?$Array@IV?$ReflectionAllocator@I@shdfnd@physx@@@shdfnd@physx@@IEAAXI@Z 000000018000c890 f i RTreeCooking.obj
 0001:0000b950       ?recreate@?$Array@UPxBounds3V@physx@@V?$ReflectionAllocator@UPxBounds3V@physx@@@shdfnd@2@@shdfnd@physx@@IEAAXI@Z 000000018000c950 f i RTreeCooking.obj
 0001:0000ba00       ?recreate@?$Array@URTreeNodeNQ@physx@@V?$ReflectionAllocator@URTreeNodeNQ@physx@@@shdfnd@2@@shdfnd@physx@@IEAAXI@Z 000000018000ca00 f i RTreeCooking.obj
 0001:0000ba90       ?recreate@?$Array@URTreeNodeQ@Gu@physx@@V?$ReflectionAllocator@URTreeNodeQ@Gu@physx@@@shdfnd@3@@shdfnd@physx@@IEAAXI@Z 000000018000ca90 f i RTreeCooking.obj
 0001:0000bb50       ?recreate@?$Array@VPxVec3@physx@@V?$ReflectionAllocator@VPxVec3@physx@@@shdfnd@2@@shdfnd@physx@@IEAAXI@Z 000000018000cb50 f i RTreeCooking.obj
 0001:0000bbe0       ?resize@?$Array@IV?$ReflectionAllocator@I@shdfnd@physx@@@shdfnd@physx@@QEAAXIAEBI@Z 000000018000cbe0 f i RTreeCooking.obj
 0001:0000bca0       ?resizeUninitialized@?$Array@URTreeNodeNQ@physx@@V?$ReflectionAllocator@URTreeNodeNQ@physx@@@shdfnd@2@@shdfnd@physx@@QEAAXI@Z 000000018000cca0 f i RTreeCooking.obj
 0001:0000bce0       ?sort4@SubSortQuick@physx@@QEAAXPEIAIIAEAV?$Array@URTreeNodeNQ@physx@@V?$ReflectionAllocator@URTreeNodeNQ@physx@@@shdfnd@2@@shdfnd@2@AEAIAEAUPxBounds3V@2@I@Z 000000018000cce0 f i RTreeCooking.obj
 0001:0000c070       ?sort4@SubSortSAH@physx@@QEAAXPEAIIAEAV?$Array@URTreeNodeNQ@physx@@V?$ReflectionAllocator@URTreeNodeNQ@physx@@@shdfnd@2@@shdfnd@2@AEAIIPEAURTreeNodeNQ@2@@Z 000000018000d070 f i RTreeCooking.obj
 0001:0000c740       ?split@SubSortSAH@physx@@QEAAIPEAII@Z 000000018000d740 f i RTreeCooking.obj
 0001:0000ce70       ?computeLocalBounds@MeshBulider@physx@@IEAAXAEAVMeshDataBase@Gu@2@@Z 000000018000de70 f   MeshBuilder.obj
 0001:0000cf00       ??0TriangleMeshBuilder@physx@@QEAA@AEAVTriangleMeshData@Gu@1@AEBUPxCookingParams@1@@Z 000000018000df00 f   TriangleMeshBuilder.obj
 0001:0000cf30       ??1TriangleMeshBuilder@physx@@UEAA@XZ 000000018000df30 f   TriangleMeshBuilder.obj
 0001:0000cfa0       ?cleanMesh@TriangleMeshBuilder@physx@@QEAA_N_NPEAW4Enum@PxTriangleMeshCookingResult@2@@Z 000000018000dfa0 f   TriangleMeshBuilder.obj
 0001:0000d4a0       ?remapTopology@TriangleMeshBuilder@physx@@QEAAXPEBI@Z 000000018000e4a0 f   TriangleMeshBuilder.obj
 0001:0000d7a0       ?createSharedEdgeData@TriangleMeshBuilder@physx@@QEAAX_N0@Z 000000018000e7a0 f   TriangleMeshBuilder.obj
 0001:0000dc60       ?recordTriangleIndices@TriangleMeshBuilder@physx@@QEAAXXZ 000000018000ec60 f   TriangleMeshBuilder.obj
 0001:0000dd60       ?createGRBMidPhaseAndData@TriangleMeshBuilder@physx@@QEAAXI@Z 000000018000ed60 f   TriangleMeshBuilder.obj
 0001:0000dff0       ?createGRBData@TriangleMeshBuilder@physx@@QEAAXXZ 000000018000eff0 f   TriangleMeshBuilder.obj
 0001:0000e0f0       ?loadFromDesc@TriangleMeshBuilder@physx@@QEAA_NAEBVPxTriangleMeshDesc@2@PEAW4Enum@PxTriangleMeshCookingResult@2@_N@Z 000000018000f0f0 f   TriangleMeshBuilder.obj
 0001:0000e570       ?save@TriangleMeshBuilder@physx@@QEBA_NAEAVPxOutputStream@2@_NAEBUPxCookingParams@2@@Z 000000018000f570 f   TriangleMeshBuilder.obj
 0001:0000eb50       ?checkMeshIndicesSize@TriangleMeshBuilder@physx@@QEAAXXZ 000000018000fb50 f   TriangleMeshBuilder.obj
 0001:0000ec60       ?importMesh@TriangleMeshBuilder@physx@@IEAA_NAEBVPxTriangleMeshDesc@2@AEBUPxCookingParams@2@PEAW4Enum@PxTriangleMeshCookingResult@2@_N@Z 000000018000fc60 f   TriangleMeshBuilder.obj
 0001:0000efe0       ?releaseEdgeList@TriangleMeshBuilder@physx@@IEAAXXZ 000000018000ffe0 f   TriangleMeshBuilder.obj
 0001:0000f040       ?createEdgeList@TriangleMeshBuilder@physx@@IEAAXXZ 0000000180010040 f   TriangleMeshBuilder.obj
 0001:0000f160       ??0RTreeTriangleMeshBuilder@physx@@QEAA@AEBUPxCookingParams@1@@Z 0000000180010160 f   TriangleMeshBuilder.obj
 0001:0000f220       ??1RTreeTriangleMeshBuilder@physx@@UEAA@XZ 0000000180010220 f   TriangleMeshBuilder.obj
 0001:0000f250       ?createMidPhaseStructure@RTreeTriangleMeshBuilder@physx@@UEAAXXZ 0000000180010250 f   TriangleMeshBuilder.obj
 0001:0000f330       ?saveMidPhaseStructure@RTreeTriangleMeshBuilder@physx@@UEBAXAEAVPxOutputStream@2@_N@Z 0000000180010330 f   TriangleMeshBuilder.obj
 0001:0000f570       ??0BV4TriangleMeshBuilder@physx@@QEAA@AEBUPxCookingParams@1@@Z 0000000180010570 f   TriangleMeshBuilder.obj
 0001:0000f640       ??1BV4TriangleMeshBuilder@physx@@UEAA@XZ 0000000180010640 f   TriangleMeshBuilder.obj
 0001:0000f6a0       ?createMidPhaseStructure@BV4TriangleMeshBuilder@physx@@UEAAXXZ 00000001800106a0 f   TriangleMeshBuilder.obj
 0001:0000f970       ?saveMidPhaseStructure@BV4TriangleMeshBuilder@physx@@UEBAXAEAVPxOutputStream@2@_N@Z 0000000180010970 f   TriangleMeshBuilder.obj
 0001:0000fb10       ?onMeshIndexFormatChange@BV4TriangleMeshBuilder@physx@@UEAAXXZ 0000000180010b10 f   TriangleMeshBuilder.obj
 0001:0000fb50       ?createMidPhaseStructure@BV32TriangleMeshBuilder@physx@@SAXAEBUPxCookingParams@2@AEAVTriangleMeshData@Gu@2@AEAVBV32Tree@52@@Z 0000000180010b50 f   TriangleMeshBuilder.obj
 0001:0000fd30       ?saveMidPhaseStructure@BV32TriangleMeshBuilder@physx@@SAXPEAVBV32Tree@Gu@2@AEAVPxOutputStream@2@_N@Z 0000000180010d30 f   TriangleMeshBuilder.obj
 0001:0000fed0       ?findSharpVertices@GrbTrimeshCookerHelper@physx@@YAXAEAV?$Array@USortedNeighbor@GrbTrimeshCookerHelper@physx@@V?$ReflectionAllocator@USortedNeighbor@GrbTrimeshCookerHelper@physx@@@shdfnd@3@@shdfnd@2@AEAV?$Array@USharpEdgeRange@GrbTrimeshCookerHelper@physx@@V?$ReflectionAllocator@USharpEdgeRange@GrbTrimeshCookerHelper@physx@@@shdfnd@3@@42@PEBUuint3@2@PEBUuint4@2@II@Z 0000000180010ed0 f   TriangleMeshBuilder.obj
 0001:00010270       ?buildVertexConnectionNew_p1@GrbTrimeshCookerHelper@physx@@YAIAEAV?$Array@USortedNeighbor@GrbTrimeshCookerHelper@physx@@V?$ReflectionAllocator@USortedNeighbor@GrbTrimeshCookerHelper@physx@@@shdfnd@3@@shdfnd@2@AEAV?$Array@USharpEdgeRange@GrbTrimeshCookerHelper@physx@@V?$ReflectionAllocator@USharpEdgeRange@GrbTrimeshCookerHelper@physx@@@shdfnd@3@@42@PEBUuint3@2@PEBUuint4@2@II@Z 0000000180011270 f   TriangleMeshBuilder.obj
 0001:00010400       ?buildVertexConnectionNew_p2@GrbTrimeshCookerHelper@physx@@YAXPEAI00AEAV?$Array@USortedNeighbor@GrbTrimeshCookerHelper@physx@@V?$ReflectionAllocator@USortedNeighbor@GrbTrimeshCookerHelper@physx@@@shdfnd@3@@shdfnd@2@AEAV?$Array@USharpEdgeRange@GrbTrimeshCookerHelper@physx@@V?$ReflectionAllocator@USharpEdgeRange@GrbTrimeshCookerHelper@physx@@@shdfnd@3@@42@I@Z 0000000180011400 f   TriangleMeshBuilder.obj
 0001:000104b0       ??$?_UG@@YAPEAX_KV?$ReflectionAllocator@G@shdfnd@physx@@PEBDH@Z 00000001800114b0 f i TriangleMeshBuilder.obj
 0001:00010550       ??$median3@USortedNeighbor@GrbTrimeshCookerHelper@physx@@$$CBU?$Less@USortedNeighbor@GrbTrimeshCookerHelper@physx@@@shdfnd@3@@internal@shdfnd@physx@@YAXPEAUSortedNeighbor@GrbTrimeshCookerHelper@2@HHAEBU?$Less@USortedNeighbor@GrbTrimeshCookerHelper@physx@@@12@@Z 0000000180011550 f i TriangleMeshBuilder.obj
 0001:00010680       ??$sort@UEdgeTriLookup@physx@@@shdfnd@physx@@YAXPEAUEdgeTriLookup@1@I@Z 0000000180011680 f i TriangleMeshBuilder.obj
 0001:000106a0       ??$sort@UEdgeTriLookup@physx@@U?$Less@UEdgeTriLookup@physx@@@shdfnd@2@V?$ReflectionAllocator@UEdgeTriLookup@physx@@@42@@shdfnd@physx@@YAXPEAUEdgeTriLookup@1@IAEBU?$Less@UEdgeTriLookup@physx@@@01@AEBV?$ReflectionAllocator@UEdgeTriLookup@physx@@@01@I@Z 00000001800116a0 f i TriangleMeshBuilder.obj
 0001:00010c20       ??$sort@USortedNeighbor@GrbTrimeshCookerHelper@physx@@@shdfnd@physx@@YAXPEAUSortedNeighbor@GrbTrimeshCookerHelper@1@I@Z 0000000180011c20 f i TriangleMeshBuilder.obj
 0001:00010c40       ??$sort@USortedNeighbor@GrbTrimeshCookerHelper@physx@@U?$Less@USortedNeighbor@GrbTrimeshCookerHelper@physx@@@shdfnd@3@V?$ReflectionAllocator@USortedNeighbor@GrbTrimeshCookerHelper@physx@@@53@@shdfnd@physx@@YAXPEAUSortedNeighbor@GrbTrimeshCookerHelper@1@IAEBU?$Less@USortedNeighbor@GrbTrimeshCookerHelper@physx@@@01@AEBV?$ReflectionAllocator@USortedNeighbor@GrbTrimeshCookerHelper@physx@@@01@I@Z 0000000180011c40 f i TriangleMeshBuilder.obj
 0001:00011140       ??0PxVec4@physx@@QEAA@XZ   0000000180012140 f i TriangleMeshBuilder.obj
 0001:00011150       ??1BV4TriangleData@Gu@physx@@UEAA@XZ 0000000180012150 f i TriangleMeshBuilder.obj
 0001:00011190       ??1MeshDataBase@Gu@physx@@UEAA@XZ 0000000180012190 f i TriangleMeshBuilder.obj
 0001:00011270       ??1RTreeTriangleData@Gu@physx@@UEAA@XZ 0000000180012270 f i TriangleMeshBuilder.obj
 0001:000112e0       ??1RemapCallback@RTreeCooker@physx@@UEAA@XZ 00000001800122e0 f i TriangleMeshBuilder.obj
 0001:000112f0       ??1TriangleMeshData@Gu@physx@@UEAA@XZ 00000001800122f0 f i TriangleMeshBuilder.obj
 0001:000113c0       ??_GBV4TriangleData@Gu@physx@@UEAAPEAXI@Z 00000001800123c0 f i TriangleMeshBuilder.obj
 0001:000113c0       ??_EBV4TriangleData@Gu@physx@@UEAAPEAXI@Z 00000001800123c0 f i TriangleMeshBuilder.obj
 0001:00011440       ??_EBV4TriangleMeshBuilder@physx@@UEAAPEAXI@Z 0000000180012440 f i TriangleMeshBuilder.obj
 0001:00011440       ??_GBV4TriangleMeshBuilder@physx@@UEAAPEAXI@Z 0000000180012440 f i TriangleMeshBuilder.obj
 0001:000114c0       ??_EMeshDataBase@Gu@physx@@UEAAPEAXI@Z 00000001800124c0 f i TriangleMeshBuilder.obj
 0001:000114c0       ??_GMeshDataBase@Gu@physx@@UEAAPEAXI@Z 00000001800124c0 f i TriangleMeshBuilder.obj
 0001:00011520       ??_GRTreeCookerRemap@physx@@UEAAPEAXI@Z 0000000180012520 f i TriangleMeshBuilder.obj
 0001:00011520       ??_ERTreeCookerRemap@physx@@UEAAPEAXI@Z 0000000180012520 f i TriangleMeshBuilder.obj
 0001:00011550       ??_ERTreeTriangleData@Gu@physx@@UEAAPEAXI@Z 0000000180012550 f i TriangleMeshBuilder.obj
 0001:00011550       ??_GRTreeTriangleData@Gu@physx@@UEAAPEAXI@Z 0000000180012550 f i TriangleMeshBuilder.obj
 0001:000115b0       ??_GRTreeTriangleMeshBuilder@physx@@UEAAPEAXI@Z 00000001800125b0 f i TriangleMeshBuilder.obj
 0001:000115b0       ??_ERTreeTriangleMeshBuilder@physx@@UEAAPEAXI@Z 00000001800125b0 f i TriangleMeshBuilder.obj
 0001:00011600       ??_ERemapCallback@RTreeCooker@physx@@UEAAPEAXI@Z 0000000180012600 f i TriangleMeshBuilder.obj
 0001:00011600       ??_GRemapCallback@RTreeCooker@physx@@UEAAPEAXI@Z 0000000180012600 f i TriangleMeshBuilder.obj
 0001:00011630       ??_ETriangleMeshBuilder@physx@@UEAAPEAXI@Z 0000000180012630 f i TriangleMeshBuilder.obj
 0001:00011630       ??_GTriangleMeshBuilder@physx@@UEAAPEAXI@Z 0000000180012630 f i TriangleMeshBuilder.obj
 0001:00011670       ??_ETriangleMeshData@Gu@physx@@UEAAPEAXI@Z 0000000180012670 f i TriangleMeshBuilder.obj
 0001:00011670       ??_GTriangleMeshData@Gu@physx@@UEAAPEAXI@Z 0000000180012670 f i TriangleMeshBuilder.obj
 0001:000116d0       ?allocate@?$ReflectionAllocator@USortedNeighbor@GrbTrimeshCookerHelper@physx@@@shdfnd@physx@@QEAAPEAX_KPEBDH@Z 00000001800126d0 f i TriangleMeshBuilder.obj
 0001:00011770       ?allocateTriangles@TriangleMeshData@Gu@physx@@QEAAPEAXI_NI@Z 0000000180012770 f i TriangleMeshBuilder.obj
 0001:00011850       ?allocateVertices@MeshDataBase@Gu@physx@@QEAAPEAVPxVec3@3@I@Z 0000000180012850 f i TriangleMeshBuilder.obj
 0001:00011f80       ?getMidphaseID@BV4TriangleMeshBuilder@physx@@UEBA?AW4Enum@PxMeshMidPhase@2@XZ 0000000180012f80 f i TriangleMeshBuilder.obj
 0001:00011f90       ?getMidphaseID@RTreeTriangleMeshBuilder@physx@@UEBA?AW4Enum@PxMeshMidPhase@2@XZ 0000000180012f90 f i TriangleMeshBuilder.obj
 0001:00011fa0       ?growAndPushBack@?$Array@USortedNeighbor@GrbTrimeshCookerHelper@physx@@V?$ReflectionAllocator@USortedNeighbor@GrbTrimeshCookerHelper@physx@@@shdfnd@3@@shdfnd@physx@@IEAAAEAUSortedNeighbor@GrbTrimeshCookerHelper@3@AEBU453@@Z 0000000180012fa0 f i TriangleMeshBuilder.obj
 0001:000120a0       ?onMeshIndexFormatChange@TriangleMeshBuilder@physx@@UEAAXXZ 00000001800130a0 f i TriangleMeshBuilder.obj
 0001:000120b0       ?recreate@?$Array@USharpEdgeRange@GrbTrimeshCookerHelper@physx@@V?$ReflectionAllocator@USharpEdgeRange@GrbTrimeshCookerHelper@physx@@@shdfnd@3@@shdfnd@physx@@IEAAXI@Z 00000001800130b0 f i TriangleMeshBuilder.obj
 0001:000121c0       ?recreate@?$Array@USortedNeighbor@GrbTrimeshCookerHelper@physx@@V?$ReflectionAllocator@USortedNeighbor@GrbTrimeshCookerHelper@physx@@@shdfnd@3@@shdfnd@physx@@IEAAXI@Z 00000001800131c0 f i TriangleMeshBuilder.obj
 0001:00012290       ?remap@RTreeCookerRemap@physx@@UEAAXPEAIII@Z 0000000180013290 f i TriangleMeshBuilder.obj
 0001:000122b0       ?resize@?$Array@USharpEdgeRange@GrbTrimeshCookerHelper@physx@@V?$ReflectionAllocator@USharpEdgeRange@GrbTrimeshCookerHelper@physx@@@shdfnd@3@@shdfnd@physx@@QEAAXIAEBUSharpEdgeRange@GrbTrimeshCookerHelper@3@@Z 00000001800132b0 f i TriangleMeshBuilder.obj
 0001:00012370       ?resizeUninitialized@?$Array@USortedNeighbor@GrbTrimeshCookerHelper@physx@@V?$ReflectionAllocator@USortedNeighbor@GrbTrimeshCookerHelper@physx@@@shdfnd@3@@shdfnd@physx@@QEAAXI@Z 0000000180013370 f i TriangleMeshBuilder.obj
 0001:000123b0       ??0BigConvexDataBuilder@physx@@QEAA@PEBUConvexHullData@Gu@1@PEAVBigConvexData@1@PEBVPxVec3@1@@Z 00000001800133b0 f   BigConvexDataBuilder.obj
 0001:000123d0       ??1BigConvexDataBuilder@physx@@QEAA@XZ 00000001800133d0 f   BigConvexDataBuilder.obj
 0001:000123e0       ?precompute@BigConvexDataBuilder@physx@@QEAA_NI@Z 00000001800133e0 f   BigConvexDataBuilder.obj
 0001:00013030       ?initialize@BigConvexDataBuilder@physx@@QEAA_NXZ 0000000180014030 f   BigConvexDataBuilder.obj
 0001:000130e0       ?save@BigConvexDataBuilder@physx@@QEBA_NAEAVPxOutputStream@2@_N@Z 00000001800140e0 f   BigConvexDataBuilder.obj
 0001:00013320       ?computeValencies@BigConvexDataBuilder@physx@@QEAA_NAEBVConvexHullBuilder@2@@Z 0000000180014320 f   BigConvexDataBuilder.obj
 0001:00013710       ?saveValencies@BigConvexDataBuilder@physx@@QEBA_NAEAVPxOutputStream@2@_N@Z 0000000180014710 f   BigConvexDataBuilder.obj
 0001:000138c0       ??0BigConvexData@physx@@QEAA@W4PxEMPTY@1@@Z 00000001800148c0 f i BigConvexDataBuilder.obj
 0001:000138d0       ??4BigConvexData@physx@@QEAAAEAV01@AEBV01@@Z 00000001800148d0 f i BigConvexDataBuilder.obj
 0001:000138f0       ?GetAdjacentVerts@BigConvexData@physx@@QEBAPEBEXZ 00000001800148f0 f i BigConvexDataBuilder.obj
 0001:00013900       ?GetNbNeighbors@BigConvexData@physx@@QEBAGI@Z 0000000180014900 f i BigConvexDataBuilder.obj
 0001:00013910       ?GetNbSamples@BigConvexData@physx@@QEBAIXZ 0000000180014910 f i BigConvexDataBuilder.obj
 0001:00013920       ?GetNbVerts@BigConvexData@physx@@QEBAIXZ 0000000180014920 f i BigConvexDataBuilder.obj
 0001:00013930       ?GetNeighbors@BigConvexData@physx@@QEBAPEBEI@Z 0000000180014930 f i BigConvexDataBuilder.obj
 0001:00013940       ?GetOffset@BigConvexData@physx@@QEBAGI@Z 0000000180014940 f i BigConvexDataBuilder.obj
 0001:00013950       ?GetSubdiv@BigConvexData@physx@@QEBAIXZ 0000000180014950 f i BigConvexDataBuilder.obj
 0001:00013960       ?GetValencies@BigConvexData@physx@@QEBAPEBUValency@Gu@2@XZ 0000000180014960 f i BigConvexDataBuilder.obj
 0001:00013970       ?GetValency@BigConvexData@physx@@QEBAGI@Z 0000000180014970 f i BigConvexDataBuilder.obj
 0001:00013980       ??0ConvexHullBuilder@physx@@QEAA@PEAUConvexHullData@Gu@1@_N@Z 0000000180014980 f   ConvexHullBuilder.obj
 0001:000139b0       ??1ConvexHullBuilder@physx@@QEAA@XZ 00000001800149b0 f   ConvexHullBuilder.obj
 0001:00013ac0       ?init@ConvexHullBuilder@physx@@QEAA_NIPEBVPxVec3@2@PEBIIIPEBUPxHullPolygon@2@_NPEAVConvexHullLib@2@@Z 0000000180014ac0 f   ConvexHullBuilder.obj
 0001:00014400       ?save@ConvexHullBuilder@physx@@QEBA_NAEAVPxOutputStream@2@_N@Z 0000000180015400 f   ConvexHullBuilder.obj
 0001:00014720       ?copy@ConvexHullBuilder@physx@@QEAA_NAEAUConvexHullData@Gu@2@AEAI@Z 0000000180015720 f   ConvexHullBuilder.obj
 0001:000149a0       ?createEdgeList@ConvexHullBuilder@physx@@QEAA_N_NI@Z 00000001800159a0 f   ConvexHullBuilder.obj
 0001:00015220       ?checkHullPolygons@ConvexHullBuilder@physx@@QEBA_NXZ 0000000180016220 f   ConvexHullBuilder.obj
 0001:00015810       ?calculateVertexMapTable@ConvexHullBuilder@physx@@QEAA_NI_N@Z 0000000180016810 f   ConvexHullBuilder.obj
 0001:00015a20       ?computeGeomCenter@ConvexHullBuilder@physx@@IEBA_NAEAVPxVec3@2@IPEAUHullTriangleData@2@@Z 0000000180016a20 f   ConvexHullBuilder.obj
 0001:00015ce0       ??$?_UE@@YAPEAX_KV?$ReflectionAllocator@E@shdfnd@physx@@PEBDH@Z 0000000180016ce0 f i ConvexHullBuilder.obj
 0001:00015d80       ??1ConvexHullLib@physx@@UEAA@XZ 0000000180016d80 f   ConvexHullLib.obj
 0001:00015de0       ?cleanupVertices@ConvexHullLib@physx@@IEAA_NIPEBVPxVec3@2@IAEAIPEAV32@AEAV32@3@Z 0000000180016de0 f   ConvexHullLib.obj
 0001:00016270       ?shiftAndcleanupVertices@ConvexHullLib@physx@@IEAA_NIPEBVPxVec3@2@IAEAIPEAV32@AEAV32@3@Z 0000000180017270 f   ConvexHullLib.obj
 0001:00016750       ?swapLargestFace@ConvexHullLib@physx@@IEAAXAEAVPxConvexMeshDesc@2@@Z 0000000180017750 f   ConvexHullLib.obj
 0001:00016940       ?shiftConvexMeshDesc@ConvexHullLib@physx@@IEAAXAEAVPxConvexMeshDesc@2@@Z 0000000180017940 f   ConvexHullLib.obj
 0001:00016a00       ??_GConvexHullLib@physx@@UEAAPEAXI@Z 0000000180017a00 f i ConvexHullLib.obj
 0001:00016a00       ??_EConvexHullLib@physx@@UEAAPEAXI@Z 0000000180017a00 f i ConvexHullLib.obj
 0001:00016f70       ??0ConvexHull@physx@@QEAA@AEBVPxVec3@1@0AEBV?$Array@VPxPlane@physx@@V?$ReflectionAllocator@VPxPlane@physx@@@shdfnd@2@@shdfnd@1@@Z 0000000180017f70 f   ConvexHullUtils.obj
 0001:00017930       ??0ConvexHull@physx@@QEAA@AEBVPxVec3@1@AEBVPxTransform@1@AEBV?$Array@VPxPlane@physx@@V?$ReflectionAllocator@VPxPlane@physx@@@shdfnd@2@@shdfnd@1@@Z 0000000180018930 f   ConvexHullUtils.obj
 0001:00018a90       ?findCandidatePlane@ConvexHull@physx@@QEBAHMM@Z 0000000180019a90 f   ConvexHullUtils.obj
 0001:00018f00       ?assertIntact@ConvexHull@physx@@QEBA_NM@Z 0000000180019f00 f   ConvexHullUtils.obj
 0001:00019210       ?maxNumVertsPerFace@ConvexHull@physx@@QEBAIXZ 000000018001a210 f   ConvexHullUtils.obj
 0001:00019290       ?convexHullCrop@physx@@YAPEAVConvexHull@1@AEBV21@AEBVPxPlane@1@M@Z 000000018001a290 f   ConvexHullUtils.obj
 0001:0001a070       ?computeOBBFromConvex@physx@@YA_NAEBVPxConvexMeshDesc@1@AEAVPxVec3@1@AEAVPxTransform@1@@Z 000000018001b070 f   ConvexHullUtils.obj
 0001:0001a910       ?computeOBBSIMD@local@@YAXIPEBT__m128@@AEAT2@AEBT2@1@Z 000000018001b910 f   ConvexHullUtils.obj
 0001:0001aaf0       ??0Box@Gu@physx@@QEAA@AEBV012@@Z 000000018001baf0 f i ConvexHullUtils.obj
 0001:0001ab50       ??0Box@Gu@physx@@QEAA@AEBVPxVec3@2@0AEBVPxMat33@2@@Z 000000018001bb50 f i ConvexHullUtils.obj
 0001:0001abc0       ??0Box@Gu@physx@@QEAA@XZ   000000018001bbc0 f i ConvexHullUtils.obj
 0001:0001abd0       ??0HalfEdge@ConvexHull@physx@@QEAA@XZ 000000018001bbd0 f i ConvexHullUtils.obj
 0001:0001abe0       ??0PxPlane@physx@@QEAA@XZ  000000018001bbe0 f i ConvexHullUtils.obj
 0001:0001abf0       ??0PxQuat@physx@@QEAA@AEBVPxMat33@1@@Z 000000018001bbf0 f i ConvexHullUtils.obj
 0001:0001add0       ??1Box@Gu@physx@@QEAA@XZ   000000018001bdd0 f i ConvexHullUtils.obj
 0001:0001ade0       ??4Box@Gu@physx@@QEAAAEBV012@AEBV012@@Z 000000018001bde0 f i ConvexHullUtils.obj
 0001:0001ae40       ?allocate@?$Array@VHalfEdge@ConvexHull@physx@@V?$ReflectionAllocator@VHalfEdge@ConvexHull@physx@@@shdfnd@3@@shdfnd@physx@@IEAAPEAVHalfEdge@ConvexHull@3@I@Z 000000018001be40 f i ConvexHullUtils.obj
 0001:0001aee0       ?allocate@?$Array@VPxPlane@physx@@V?$ReflectionAllocator@VPxPlane@physx@@@shdfnd@2@@shdfnd@physx@@IEAAPEAVPxPlane@3@I@Z 000000018001bee0 f i ConvexHullUtils.obj
 0001:0001af80       ?computeAABBExtent@Box@Gu@physx@@QEBA?AVPxVec3@3@XZ 000000018001bf80 f i ConvexHullUtils.obj
 0001:0001b040       ?computeBoxPoints@Box@Gu@physx@@QEBAXPEIAVPxVec3@3@@Z 000000018001c040 f i ConvexHullUtils.obj
 0001:0001b080       ?copy@?$Array@VPxPlane@physx@@V?$ReflectionAllocator@VPxPlane@physx@@@shdfnd@2@@shdfnd@physx@@KAXPEAVPxPlane@3@0PEBV43@@Z 000000018001c080 f i ConvexHullUtils.obj
 0001:0001b180       ?getInverse@PxMat33@physx@@QEBA?BV12@XZ 000000018001c180 f i ConvexHullUtils.obj
 0001:0001b3d0       ?getTransform@Box@Gu@physx@@QEBA?AVPxTransform@3@XZ 000000018001c3d0 f i ConvexHullUtils.obj
 0001:0001b430       ?growAndPushBack@?$Array@VHalfEdge@ConvexHull@physx@@V?$ReflectionAllocator@VHalfEdge@ConvexHull@physx@@@shdfnd@3@@shdfnd@physx@@IEAAAEAVHalfEdge@ConvexHull@3@AEBV453@@Z 000000018001c430 f i ConvexHullUtils.obj
 0001:0001b4f0       ?growAndPushBack@?$Array@VPxPlane@physx@@V?$ReflectionAllocator@VPxPlane@physx@@@shdfnd@2@@shdfnd@physx@@IEAAAEAVPxPlane@3@AEBV43@@Z 000000018001c4f0 f i ConvexHullUtils.obj
 0001:0001b5b0       ?isValid@Box@Gu@physx@@QEBA_NXZ 000000018001c5b0 f i ConvexHullUtils.obj
 0001:0001b5d0       ?recreate@?$Array@VHalfEdge@ConvexHull@physx@@V?$ReflectionAllocator@VHalfEdge@ConvexHull@physx@@@shdfnd@3@@shdfnd@physx@@IEAAXI@Z 000000018001c5d0 f i ConvexHullUtils.obj
 0001:0001b670       ?recreate@?$Array@VPxPlane@physx@@V?$ReflectionAllocator@VPxPlane@physx@@@shdfnd@2@@shdfnd@physx@@IEAAXI@Z 000000018001c670 f i ConvexHullUtils.obj
 0001:0001b700       ?resize@?$Array@VHalfEdge@ConvexHull@physx@@V?$ReflectionAllocator@VHalfEdge@ConvexHull@physx@@@shdfnd@3@@shdfnd@physx@@QEAAXIAEBVHalfEdge@ConvexHull@3@@Z 000000018001c700 f i ConvexHullUtils.obj
 0001:0001b7c0       ?resize@?$Array@VPxPlane@physx@@V?$ReflectionAllocator@VPxPlane@physx@@@shdfnd@2@@shdfnd@physx@@QEAAXIAEBVPxPlane@3@@Z 000000018001c7c0 f i ConvexHullUtils.obj
 0001:0001b8e0       ?resize@?$Array@VPxVec3@physx@@V?$ReflectionAllocator@VPxVec3@physx@@@shdfnd@2@@shdfnd@physx@@QEAAXIAEBVPxVec3@3@@Z 000000018001c8e0 f i ConvexHullUtils.obj
 0001:0001b9d0       ?rotate@Box@Gu@physx@@QEBA?AVPxVec3@3@AEBV43@@Z 000000018001c9d0 f i ConvexHullUtils.obj
 0001:0001ba60       ?rotateInv@Box@Gu@physx@@QEBA?AVPxVec3@3@AEBV43@@Z 000000018001ca60 f i ConvexHullUtils.obj
 0001:0001baf0       ?setAxes@Box@Gu@physx@@QEAAXAEBVPxVec3@3@00@Z 000000018001caf0 f i ConvexHullUtils.obj
 0001:0001bb30       ?setEmpty@Box@Gu@physx@@QEAAXXZ 000000018001cb30 f i ConvexHullUtils.obj
 0001:0001bb70       ?transform@Box@Gu@physx@@QEBA?AVPxVec3@3@AEBV43@@Z 000000018001cb70 f i ConvexHullUtils.obj
 0001:0001bc10       ??0ConvexMeshBuilder@physx@@QEAA@_N@Z 000000018001cc10 f   ConvexMeshBuilder.obj
 0001:0001bc80       ??1ConvexMeshBuilder@physx@@QEAA@XZ 000000018001cc80 f   ConvexMeshBuilder.obj
 0001:0001bce0       ?build@ConvexMeshBuilder@physx@@QEAA_NAEBVPxConvexMeshDesc@2@I_NPEAVConvexHullLib@2@@Z 000000018001cce0 f   ConvexMeshBuilder.obj
 0001:0001c000       ?save@ConvexMeshBuilder@physx@@QEBA_NAEAVPxOutputStream@2@_N@Z 000000018001d000 f   ConvexMeshBuilder.obj
 0001:0001c220       ?copy@ConvexMeshBuilder@physx@@QEAA_NAEAUConvexHullInitData@Gu@2@@Z 000000018001d220 f   ConvexMeshBuilder.obj
 0001:0001c350       ?loadConvexHull@ConvexMeshBuilder@physx@@QEAA_NAEBVPxConvexMeshDesc@2@PEAVConvexHullLib@2@@Z 000000018001d350 f   ConvexMeshBuilder.obj
 0001:0001c5e0       ?computeHullPolygons@ConvexMeshBuilder@physx@@QEAA_NAEBIPEBVPxVec3@2@0PEBIAEAVPxAllocatorCallback@2@AEAIAEAPEAV32@4AEAPEAI4AEAPEAUPxHullPolygon@2@@Z 000000018001d5e0 f   ConvexMeshBuilder.obj
 0001:0001c800       ?computeGaussMaps@ConvexMeshBuilder@physx@@QEAA_NXZ 000000018001d800 f   ConvexMeshBuilder.obj
 0001:0001c8f0       ?computeMassInfo@ConvexMeshBuilder@physx@@QEAAX_N@Z 000000018001d8f0 f   ConvexMeshBuilder.obj
 0001:0001ccc0       ?computeInternalObjects@ConvexMeshBuilder@physx@@QEAAXXZ 000000018001dcc0 f   ConvexMeshBuilder.obj
 0001:0001d140       ?isFinite@PxVec3@physx@@QEBA_NXZ 000000018001e140 f i ConvexMeshBuilder.obj
 0001:0001d1a0       ??0ConvexPolygonsBuilder@physx@@QEAA@PEAUConvexHullData@Gu@1@_N@Z 000000018001e1a0 f   ConvexPolygonsBuilder.obj
 0001:0001d1d0       ??1ConvexPolygonsBuilder@physx@@QEAA@XZ 000000018001e1d0 f   ConvexPolygonsBuilder.obj
 0001:0001d220       ?computeHullPolygons@ConvexPolygonsBuilder@physx@@QEAA_NAEBIPEBVPxVec3@2@0PEBI@Z 000000018001e220 f   ConvexPolygonsBuilder.obj
 0001:0001e2d0       ?createPolygonData@ConvexPolygonsBuilder@physx@@AEAA_NXZ 000000018001f2d0 f   ConvexPolygonsBuilder.obj
 0001:0001eeb0       ?createTrianglesFromPolygons@ConvexPolygonsBuilder@physx@@AEAA_NXZ 000000018001feb0 f   ConvexPolygonsBuilder.obj
 0001:0001f7d0       ??$copy@V?$ReflectionAllocator@VPair@@@shdfnd@physx@@@?$Array@VPair@@V?$ReflectionAllocator@VPair@@@shdfnd@physx@@@shdfnd@physx@@IEAAXAEBV012@@Z 00000001800207d0 f i ConvexPolygonsBuilder.obj
 0001:00020050       ?allocate@?$Array@IV?$ReflectionAllocator@I@shdfnd@physx@@@shdfnd@physx@@IEAAPEAII@Z 0000000180021050 f i ConvexPolygonsBuilder.obj
 0001:000200f0       ?allocate@?$Array@VPair@@V?$ReflectionAllocator@VPair@@@shdfnd@physx@@@shdfnd@physx@@IEAAPEAVPair@@I@Z 00000001800210f0 f i ConvexPolygonsBuilder.obj
 0001:00021670       ?growAndPushBack@?$Array@VPair@@V?$ReflectionAllocator@VPair@@@shdfnd@physx@@@shdfnd@physx@@IEAAAEAVPair@@AEBV4@@Z 0000000180022670 f i ConvexPolygonsBuilder.obj
 0001:00021730       ??0QuickHullConvexHullLib@physx@@QEAA@AEBVPxConvexMeshDesc@1@AEBUPxCookingParams@1@@Z 0000000180022730 f   QuickHullConvexHullLib.obj
 0001:00021820       ??1QuickHullConvexHullLib@physx@@UEAA@XZ 0000000180022820 f   QuickHullConvexHullLib.obj
 0001:000218f0       ?createConvexHull@QuickHullConvexHullLib@physx@@UEAA?AW4Enum@PxConvexMeshCookingResult@2@XZ 00000001800228f0 f   QuickHullConvexHullLib.obj
 0001:00021d00       ?fillConvexMeshDesc@QuickHullConvexHullLib@physx@@UEAAXAEAVPxConvexMeshDesc@2@@Z 0000000180022d00 f   QuickHullConvexHullLib.obj
 0001:00021d50       ?createEdgeList@QuickHullConvexHullLib@physx@@UEAA_NIPEBEPEAPEAEPEAPEAG2@Z 0000000180022d50 f   QuickHullConvexHullLib.obj
 0001:00021f90       ?expandHullOBB@QuickHullConvexHullLib@physx@@IEAA?AW4Enum@PxConvexMeshCookingResult@2@XZ 0000000180022f90 f   QuickHullConvexHullLib.obj
 0001:000223b0       ?expandHull@QuickHullConvexHullLib@physx@@IEAA?AW4Enum@PxConvexMeshCookingResult@2@XZ 00000001800233b0 f   QuickHullConvexHullLib.obj
 0001:00023080       ?cleanupForSimplex@QuickHullConvexHullLib@physx@@IEAA_NPEAVPxVec3@2@IPEAUQuickHullVertex@local@@1AEAM2@Z 0000000180024080 f   QuickHullConvexHullLib.obj
 0001:00023c50       ?fillConvexMeshDescFromQuickHull@QuickHullConvexHullLib@physx@@IEAAXAEAVPxConvexMeshDesc@2@@Z 0000000180024c50 f   QuickHullConvexHullLib.obj
 0001:00023fe0       ?fillConvexMeshDescFromCroppedHull@QuickHullConvexHullLib@physx@@IEAAXAEAVPxConvexMeshDesc@2@@Z 0000000180024fe0 f   QuickHullConvexHullLib.obj
 0001:000241e0       ?getOppositeFaceDistance@QuickHullHalfEdge@local@@QEBAMXZ 00000001800251e0 f   QuickHullConvexHullLib.obj
 0001:00024220       ?mergeAdjacentFace@QuickHullFace@local@@QEAA_NPEAUQuickHullHalfEdge@2@AEAV?$Array@PEAUQuickHullFace@local@@V?$ReflectionAllocator@PEAUQuickHullFace@local@@@shdfnd@physx@@@shdfnd@physx@@@Z 0000000180025220 f   QuickHullConvexHullLib.obj
 0001:00024670       ?checkFaceConsistency@QuickHullFace@local@@QEAA_NXZ 0000000180025670 f   QuickHullConvexHullLib.obj
 0001:00024680       ?connectHalfEdges@QuickHullFace@local@@AEAAPEAU12@PEAUQuickHullHalfEdge@2@0@Z 0000000180025680 f   QuickHullConvexHullLib.obj
 0001:000249f0       ??0QuickHull@local@@QEAA@AEBUPxCookingParams@physx@@AEBVPxConvexMeshDesc@3@@Z 00000001800259f0 f   QuickHullConvexHullLib.obj
 0001:00024aa0       ??1QuickHull@local@@QEAA@XZ 0000000180025aa0 f   QuickHullConvexHullLib.obj
 0001:00024bf0       ?preallocate@QuickHull@local@@QEAAXI@Z 0000000180025bf0 f   QuickHullConvexHullLib.obj
 0001:00024d40       ?parseInputVertices@QuickHull@local@@QEAAXPEBVPxVec3@physx@@I@Z 0000000180025d40 f   QuickHullConvexHullLib.obj
 0001:00024ed0       ?releaseHull@QuickHull@local@@QEAAXXZ 0000000180025ed0 f   QuickHullConvexHullLib.obj
 0001:00024f30       ?setPrecomputedMinMax@QuickHull@local@@QEAAXPEBUQuickHullVertex@2@0MM@Z 0000000180025f30 f   QuickHullConvexHullLib.obj
 0001:000250c0       ?buildHull@QuickHull@local@@QEAA?AW4Enum@QuickHullResult@2@XZ 00000001800260c0 f   QuickHullConvexHullLib.obj
 0001:000252e0       ?maxNumVertsPerFace@QuickHull@local@@QEBAIXZ 00000001800262e0 f   QuickHullConvexHullLib.obj
 0001:00025320       ?computeMinMaxVerts@QuickHull@local@@IEAAXXZ 0000000180026320 f   QuickHullConvexHullLib.obj
 0001:00025700       ?findSimplex@QuickHull@local@@IEAA_NXZ 0000000180026700 f   QuickHullConvexHullLib.obj
 0001:000263b0       ?addSimplex@QuickHull@local@@IEAAXPEAUQuickHullVertex@2@_N@Z 00000001800273b0 f   QuickHullConvexHullLib.obj
 0001:00026880       ?nextPointToAdd@QuickHull@local@@IEAAPEAUQuickHullVertex@2@AEAPEAUQuickHullFace@2@@Z 0000000180027880 f   QuickHullConvexHullLib.obj
 0001:00026a00       ?addPointToHull@QuickHull@local@@IEAA_NPEBUQuickHullVertex@2@AEAUQuickHullFace@2@AEA_N@Z 0000000180027a00 f   QuickHullConvexHullLib.obj
 0001:00026cd0       ?createTriangle@QuickHull@local@@IEAAPEAUQuickHullFace@2@AEBUQuickHullVertex@2@00@Z 0000000180027cd0 f   QuickHullConvexHullLib.obj
 0001:00027070       ?addPointToFace@QuickHull@local@@IEAAXAEAUQuickHullFace@2@PEAUQuickHullVertex@2@M@Z 0000000180028070 f   QuickHullConvexHullLib.obj
 0001:000270c0       ?removeEyePointFromFace@QuickHull@local@@IEAAXAEAUQuickHullFace@2@PEBUQuickHullVertex@2@@Z 00000001800280c0 f   QuickHullConvexHullLib.obj
 0001:000270e0       ?calculateHorizon@QuickHull@local@@IEAAXAEBVPxVec3@physx@@PEAUQuickHullHalfEdge@2@AEAUQuickHullFace@2@AEAV?$Array@PEAUQuickHullHalfEdge@local@@V?$ReflectionAllocator@PEAUQuickHullHalfEdge@local@@@shdfnd@physx@@@shdfnd@4@AEAV?$Array@PEAUQuickHullFace@local@@V?$ReflectionAllocator@PEAUQuickHullFace@local@@@shdfnd@physx@@@84@@Z 00000001800280e0 f   QuickHullConvexHullLib.obj
 0001:00027290       ?addNewFacesFromHorizon@QuickHull@local@@IEAAXPEBUQuickHullVertex@2@AEBV?$Array@PEAUQuickHullHalfEdge@local@@V?$ReflectionAllocator@PEAUQuickHullHalfEdge@local@@@shdfnd@physx@@@shdfnd@physx@@AEAV?$Array@PEAUQuickHullFace@local@@V?$ReflectionAllocator@PEAUQuickHullFace@local@@@shdfnd@physx@@@56@@Z 0000000180028290 f   QuickHullConvexHullLib.obj
 0001:000273e0       ?doAdjacentMerge@QuickHull@local@@IEAA_NAEAUQuickHullFace@2@_NAEA_N@Z 00000001800283e0 f   QuickHullConvexHullLib.obj
 0001:00027730       ?doPostAdjacentMerge@QuickHull@local@@IEAA_NAEAUQuickHullFace@2@M@Z 0000000180028730 f   QuickHullConvexHullLib.obj
 0001:00027950       ?deleteFacePoints@QuickHull@local@@IEAAXAEAUQuickHullFace@2@PEAU32@@Z 0000000180028950 f   QuickHullConvexHullLib.obj
 0001:00027a60       ?resolveUnclaimedPoints@QuickHull@local@@IEAAXAEBV?$Array@PEAUQuickHullFace@local@@V?$ReflectionAllocator@PEAUQuickHullFace@local@@@shdfnd@physx@@@shdfnd@physx@@@Z 0000000180028a60 f   QuickHullConvexHullLib.obj
 0001:00027ce0       ?postMergeHull@QuickHull@local@@IEAAXXZ 0000000180028ce0 f   QuickHullConvexHullLib.obj
 0001:00027f40       ?canMergeFaces@QuickHull@local@@IEAA_NAEBUQuickHullHalfEdge@2@@Z 0000000180028f40 f   QuickHullConvexHullLib.obj
 0001:00028770       ?getExpandPoint@local@@YAXAEBUQuickHullHalfEdge@1@AEAUExpandPoint@1@PEBV?$Array@IV?$ReflectionAllocator@I@shdfnd@physx@@@shdfnd@physx@@@Z 0000000180029770 f   QuickHullConvexHullLib.obj
 0001:00028820       ?addExpandPoint@local@@YAXAEBUExpandPoint@1@AEAV?$Array@UExpandPoint@local@@V?$ReflectionAllocator@UExpandPoint@local@@@shdfnd@physx@@@shdfnd@physx@@@Z 0000000180029820 f   QuickHullConvexHullLib.obj
 0001:00028900       ??0PxPlane@physx@@QEAA@AEBV01@@Z 0000000180029900 f i QuickHullConvexHullLib.obj
 0001:00028920       ??0QuickHullVertex@local@@QEAA@XZ 0000000180029920 f i QuickHullConvexHullLib.obj
 0001:00028930       ??1?$MemBlock@UQuickHullFace@local@@$00@local@@QEAA@XZ 0000000180029930 f i QuickHullConvexHullLib.obj
 0001:000289c0       ??1?$MemBlock@UQuickHullHalfEdge@local@@$0A@@local@@QEAA@XZ 00000001800299c0 f i QuickHullConvexHullLib.obj
 0001:00028a50       ??_GConvexHull@physx@@QEAAPEAXI@Z 0000000180029a50 f i QuickHullConvexHullLib.obj
 0001:00028b30       ??_GQuickHullConvexHullLib@physx@@UEAAPEAXI@Z 0000000180029b30 f i QuickHullConvexHullLib.obj
 0001:00028b30       ??_EQuickHullConvexHullLib@physx@@UEAAPEAXI@Z 0000000180029b30 f i QuickHullConvexHullLib.obj
 0001:00028c30       ??__G@YAXPEAX0_K1P6APEAX00@Z@Z 0000000180029c30 f i QuickHullConvexHullLib.obj
 0001:00028c90       ?allocate@?$Array@PEAUQuickHullFace@local@@V?$ReflectionAllocator@PEAUQuickHullFace@local@@@shdfnd@physx@@@shdfnd@physx@@IEAAPEAPEAUQuickHullFace@local@@I@Z 0000000180029c90 f i QuickHullConvexHullLib.obj
 0001:00028d30       ?allocate@?$Array@PEAUQuickHullHalfEdge@local@@V?$ReflectionAllocator@PEAUQuickHullHalfEdge@local@@@shdfnd@physx@@@shdfnd@physx@@IEAAPEAPEAUQuickHullHalfEdge@local@@I@Z 0000000180029d30 f i QuickHullConvexHullLib.obj
 0001:00028dd0       ?allocate@?$Array@PEAUQuickHullVertex@local@@V?$ReflectionAllocator@PEAUQuickHullVertex@local@@@shdfnd@physx@@@shdfnd@physx@@IEAAPEAPEAUQuickHullVertex@local@@I@Z 0000000180029dd0 f i QuickHullConvexHullLib.obj
 0001:00028e70       ?allocate@?$Array@UExpandPoint@local@@V?$ReflectionAllocator@UExpandPoint@local@@@shdfnd@physx@@@shdfnd@physx@@IEAAPEAUExpandPoint@local@@I@Z 0000000180029e70 f i QuickHullConvexHullLib.obj
 0001:00028f10       ?copy@?$Array@UExpandPoint@local@@V?$ReflectionAllocator@UExpandPoint@local@@@shdfnd@physx@@@shdfnd@physx@@KAXPEAUExpandPoint@local@@0PEBU45@@Z 0000000180029f10 f i QuickHullConvexHullLib.obj
 0001:00028fc0       ?getFreeItem@?$MemBlock@UQuickHullFace@local@@$00@local@@QEAAPEAUQuickHullFace@2@XZ 0000000180029fc0 f i QuickHullConvexHullLib.obj
 0001:000290f0       ?getFreeItem@?$MemBlock@UQuickHullHalfEdge@local@@$0A@@local@@QEAAPEAUQuickHullHalfEdge@2@XZ 000000018002a0f0 f i QuickHullConvexHullLib.obj
 0001:000291c0       ?growAndPushBack@?$Array@PEAUQuickHullFace@local@@V?$ReflectionAllocator@PEAUQuickHullFace@local@@@shdfnd@physx@@@shdfnd@physx@@IEAAAEAPEAUQuickHullFace@local@@AEBQEAU45@@Z 000000018002a1c0 f i QuickHullConvexHullLib.obj
 0001:00029280       ?growAndPushBack@?$Array@PEAUQuickHullHalfEdge@local@@V?$ReflectionAllocator@PEAUQuickHullHalfEdge@local@@@shdfnd@physx@@@shdfnd@physx@@IEAAAEAPEAUQuickHullHalfEdge@local@@AEBQEAU45@@Z 000000018002a280 f i QuickHullConvexHullLib.obj
 0001:00029340       ?growAndPushBack@?$Array@PEAUQuickHullVertex@local@@V?$ReflectionAllocator@PEAUQuickHullVertex@local@@@shdfnd@physx@@@shdfnd@physx@@IEAAAEAPEAUQuickHullVertex@local@@AEBQEAU45@@Z 000000018002a340 f i QuickHullConvexHullLib.obj
 0001:00029400       ?growAndPushBack@?$Array@UExpandPoint@local@@V?$ReflectionAllocator@UExpandPoint@local@@@shdfnd@physx@@@shdfnd@physx@@IEAAAEAUExpandPoint@local@@AEBU45@@Z 000000018002a400 f i QuickHullConvexHullLib.obj
 0001:00029500       ?init@?$MemBlock@UQuickHullFace@local@@$00@local@@QEAAXI@Z 000000018002a500 f i QuickHullConvexHullLib.obj
 0001:00029600       ?init@?$MemBlock@UQuickHullHalfEdge@local@@$0A@@local@@QEAAXI@Z 000000018002a600 f i QuickHullConvexHullLib.obj
 0001:000296a0       ?recreate@?$Array@PEAUQuickHullFace@local@@V?$ReflectionAllocator@PEAUQuickHullFace@local@@@shdfnd@physx@@@shdfnd@physx@@IEAAXI@Z 000000018002a6a0 f i QuickHullConvexHullLib.obj
 0001:00029740       ?recreate@?$Array@PEAUQuickHullHalfEdge@local@@V?$ReflectionAllocator@PEAUQuickHullHalfEdge@local@@@shdfnd@physx@@@shdfnd@physx@@IEAAXI@Z 000000018002a740 f i QuickHullConvexHullLib.obj
 0001:000297e0       ?recreate@?$Array@PEAUQuickHullVertex@local@@V?$ReflectionAllocator@PEAUQuickHullVertex@local@@@shdfnd@physx@@@shdfnd@physx@@IEAAXI@Z 000000018002a7e0 f i QuickHullConvexHullLib.obj
 0001:00029880       ?recreate@?$Array@UExpandPoint@local@@V?$ReflectionAllocator@UExpandPoint@local@@@shdfnd@physx@@@shdfnd@physx@@IEAAXI@Z 000000018002a880 f i QuickHullConvexHullLib.obj
 0001:00029910       ?computeVolumeIntegrals@physx@@YA_NAEBVPxSimpleTriangleMesh@1@MAEAUPxIntegrals@1@@Z 000000018002a910 f   VolumeIntegration.obj
 0001:00029980       ?computeVolumeIntegralsEberly@physx@@YA_NAEBVPxConvexMeshDesc@1@MAEAUPxIntegrals@1@AEBVPxVec3@1@@Z 000000018002a980 f   VolumeIntegration.obj
 0001:000299d0       ?computeVolumeIntegralsEberlySIMD@physx@@YA_NAEBVPxConvexMeshDesc@1@MAEAUPxIntegrals@1@AEBVPxVec3@1@@Z 000000018002a9d0 f   VolumeIntegration.obj
 0001:0002bcd0       PxSetPhysXCookingDelayLoadHook 000000018002ccd0 f   WindowsCookingDelayLoadHook.obj
 0001:0002bce0       ?cookingDelayHook@@YAP6A_JXZIPEAUDelayLoadInfo@@@Z 000000018002cce0 f   WindowsCookingDelayLoadHook.obj
 0001:0002bdb8       __imp_load_??0RadixSortBuffered@Cm@physx@@QEAA@XZ 000000018002cdb8 f   PhysXCommon_64:PhysXCommon_64.dll
 0001:0002bdc4       ??0RadixSortBuffered@Cm@physx@@QEAA@XZ 000000018002cdc4 f   PhysXCommon_64:PhysXCommon_64.dll
 0001:0002bdca       __tailMerge_physxcommon_64_dll 000000018002cdca     PhysXCommon_64:PhysXCommon_64.dll
 0001:0002be43       __imp_load_??1RadixSortBuffered@Cm@physx@@UEAA@XZ 000000018002ce43 f   PhysXCommon_64:PhysXCommon_64.dll
 0001:0002be4f       ??1RadixSortBuffered@Cm@physx@@UEAA@XZ 000000018002ce4f f   PhysXCommon_64:PhysXCommon_64.dll
 0001:0002be55       __imp_load_?Sort@RadixSortBuffered@Cm@physx@@QEAAAEAV123@PEBIIW4RadixHint@23@@Z 000000018002ce55 f   PhysXCommon_64:PhysXCommon_64.dll
 0001:0002be61       ?Sort@RadixSortBuffered@Cm@physx@@QEAAAEAV123@PEBIIW4RadixHint@23@@Z 000000018002ce61 f   PhysXCommon_64:PhysXCommon_64.dll
 0001:0002be67       __imp_load_?readDword@physx@@YAI_NAEAVPxInputStream@1@@Z 000000018002ce67 f   PhysXCommon_64:PhysXCommon_64.dll
 0001:0002be73       ?readDword@physx@@YAI_NAEAVPxInputStream@1@@Z 000000018002ce73 f   PhysXCommon_64:PhysXCommon_64.dll
 0001:0002be79       __imp_load_?ReadHeader@Gu@physx@@YA_NEEEEAEAIAEA_NAEAVPxInputStream@2@@Z 000000018002ce79 f   PhysXCommon_64:PhysXCommon_64.dll
 0001:0002be85       ?ReadHeader@Gu@physx@@YA_NEEEEAEAIAEA_NAEAVPxInputStream@2@@Z 000000018002ce85 f   PhysXCommon_64:PhysXCommon_64.dll
 0001:0002be8b       __imp_load_??0HeightField@Gu@physx@@QEAA@PEAVGuMeshFactory@2@@Z 000000018002ce8b f   PhysXCommon_64:PhysXCommon_64.dll
 0001:0002be97       ??0HeightField@Gu@physx@@QEAA@PEAVGuMeshFactory@2@@Z 000000018002ce97 f   PhysXCommon_64:PhysXCommon_64.dll
 0001:0002be9d       __imp_load_?loadFromDesc@HeightField@Gu@physx@@QEAA_NAEBVPxHeightFieldDesc@3@@Z 000000018002ce9d f   PhysXCommon_64:PhysXCommon_64.dll
 0001:0002bea9       ?loadFromDesc@HeightField@Gu@physx@@QEAA_NAEBVPxHeightFieldDesc@3@@Z 000000018002cea9 f   PhysXCommon_64:PhysXCommon_64.dll
 0001:0002beaf       __imp_load_?computeCellCoordinates@HeightField@Gu@physx@@QEBAIMMAEAM0@Z 000000018002ceaf f   PhysXCommon_64:PhysXCommon_64.dll
 0001:0002bebb       ?computeCellCoordinates@HeightField@Gu@physx@@QEBAIMMAEAM0@Z 000000018002cebb f   PhysXCommon_64:PhysXCommon_64.dll
 0001:0002bec1       __imp_load_?releaseMemory@HeightField@Gu@physx@@QEAAXXZ 000000018002cec1 f   PhysXCommon_64:PhysXCommon_64.dll
 0001:0002becd       ?releaseMemory@HeightField@Gu@physx@@QEAAXXZ 000000018002cecd f   PhysXCommon_64:PhysXCommon_64.dll
 0001:0002bed3       __imp_load_??1HeightField@Gu@physx@@UEAA@XZ 000000018002ced3 f   PhysXCommon_64:PhysXCommon_64.dll
 0001:0002bedf       ??1HeightField@Gu@physx@@UEAA@XZ 000000018002cedf f   PhysXCommon_64:PhysXCommon_64.dll
 0001:0002bee5       __imp_load_??0NodeAllocator@Gu@physx@@QEAA@XZ 000000018002cee5 f   PhysXCommon_64:PhysXCommon_64.dll
 0001:0002bef1       ??0NodeAllocator@Gu@physx@@QEAA@XZ 000000018002cef1 f   PhysXCommon_64:PhysXCommon_64.dll
 0001:0002bef7       __imp_load_??1NodeAllocator@Gu@physx@@QEAA@XZ 000000018002cef7 f   PhysXCommon_64:PhysXCommon_64.dll
 0001:0002bf03       ??1NodeAllocator@Gu@physx@@QEAA@XZ 000000018002cf03 f   PhysXCommon_64:PhysXCommon_64.dll
 0001:0002bf09       __imp_load_?release@NodeAllocator@Gu@physx@@QEAAXXZ 000000018002cf09 f   PhysXCommon_64:PhysXCommon_64.dll
 0001:0002bf15       ?release@NodeAllocator@Gu@physx@@QEAAXXZ 000000018002cf15 f   PhysXCommon_64:PhysXCommon_64.dll
 0001:0002bf1b       __imp_load_?buildAABBTree@Gu@physx@@YA_NAEAVAABBTreeBuildParams@12@AEAVNodeAllocator@12@AEAUBuildStats@12@AEAPEAI@Z 000000018002cf1b f   PhysXCommon_64:PhysXCommon_64.dll
 0001:0002bf27       ?buildAABBTree@Gu@physx@@YA_NAEAVAABBTreeBuildParams@12@AEAVNodeAllocator@12@AEAUBuildStats@12@AEAPEAI@Z 000000018002cf27 f   PhysXCommon_64:PhysXCommon_64.dll
 0001:0002bf2d       __imp_load_?writeDword@physx@@YAXI_NAEAVPxOutputStream@1@@Z 000000018002cf2d f   PhysXCommon_64:PhysXCommon_64.dll
 0001:0002bf39       ?writeDword@physx@@YAXI_NAEAVPxOutputStream@1@@Z 000000018002cf39 f   PhysXCommon_64:PhysXCommon_64.dll
 0001:0002bf3f       __imp_load_?writeFloatBuffer@physx@@YAXPEBMI_NAEAVPxOutputStream@1@@Z 000000018002cf3f f   PhysXCommon_64:PhysXCommon_64.dll
 0001:0002bf4b       ?writeFloatBuffer@physx@@YAXPEBMI_NAEAVPxOutputStream@1@@Z 000000018002cf4b f   PhysXCommon_64:PhysXCommon_64.dll
 0001:0002bf51       __imp_load_?writeHeader@physx@@YA_NCCCCI_NAEAVPxOutputStream@1@@Z 000000018002cf51 f   PhysXCommon_64:PhysXCommon_64.dll
 0001:0002bf5d       ?writeHeader@physx@@YA_NCCCCI_NAEAVPxOutputStream@1@@Z 000000018002cf5d f   PhysXCommon_64:PhysXCommon_64.dll
 0001:0002bf63       __imp_load_?writeWord@physx@@YAXG_NAEAVPxOutputStream@1@@Z 000000018002cf63 f   PhysXCommon_64:PhysXCommon_64.dll
 0001:0002bf6f       ?writeWord@physx@@YAXG_NAEAVPxOutputStream@1@@Z 000000018002cf6f f   PhysXCommon_64:PhysXCommon_64.dll
 0001:0002bf75       __imp_load_?writeFloat@physx@@YAXM_NAEAVPxOutputStream@1@@Z 000000018002cf75 f   PhysXCommon_64:PhysXCommon_64.dll
 0001:0002bf81       ?writeFloat@physx@@YAXM_NAEAVPxOutputStream@1@@Z 000000018002cf81 f   PhysXCommon_64:PhysXCommon_64.dll
 0001:0002bf87       __imp_load_?computeBoundsAroundVertices@Gu@physx@@YAXAEAVPxBounds3@2@IPEIBVPxVec3@2@@Z 000000018002cf87 f   PhysXCommon_64:PhysXCommon_64.dll
 0001:0002bf93       ?computeBoundsAroundVertices@Gu@physx@@YAXAEAVPxBounds3@2@IPEIBVPxVec3@2@@Z 000000018002cf93 f   PhysXCommon_64:PhysXCommon_64.dll
 0001:0002bf99       __imp_load_??0SourceMesh@Gu@physx@@QEAA@XZ 000000018002cf99 f   PhysXCommon_64:PhysXCommon_64.dll
 0001:0002bfa5       ??0SourceMesh@Gu@physx@@QEAA@XZ 000000018002cfa5 f   PhysXCommon_64:PhysXCommon_64.dll
 0001:0002bfab       __imp_load_??1SourceMesh@Gu@physx@@QEAA@XZ 000000018002cfab f   PhysXCommon_64:PhysXCommon_64.dll
 0001:0002bfb7       ??1SourceMesh@Gu@physx@@QEAA@XZ 000000018002cfb7 f   PhysXCommon_64:PhysXCommon_64.dll
 0001:0002bfbd       __imp_load_??0BV4Tree@Gu@physx@@QEAA@XZ 000000018002cfbd f   PhysXCommon_64:PhysXCommon_64.dll
 0001:0002bfc9       ??0BV4Tree@Gu@physx@@QEAA@XZ 000000018002cfc9 f   PhysXCommon_64:PhysXCommon_64.dll
 0001:0002bfcf       __imp_load_??1BV4Tree@Gu@physx@@QEAA@XZ 000000018002cfcf f   PhysXCommon_64:PhysXCommon_64.dll
 0001:0002bfdb       ??1BV4Tree@Gu@physx@@QEAA@XZ 000000018002cfdb f   PhysXCommon_64:PhysXCommon_64.dll
 0001:0002bfe1       __imp_load_??0BV32Tree@Gu@physx@@QEAA@XZ 000000018002cfe1 f   PhysXCommon_64:PhysXCommon_64.dll
 0001:0002bfed       ??0BV32Tree@Gu@physx@@QEAA@XZ 000000018002cfed f   PhysXCommon_64:PhysXCommon_64.dll
 0001:0002bff3       __imp_load_??1BV32Tree@Gu@physx@@QEAA@XZ 000000018002cff3 f   PhysXCommon_64:PhysXCommon_64.dll
 0001:0002bfff       ??1BV32Tree@Gu@physx@@QEAA@XZ 000000018002cfff f   PhysXCommon_64:PhysXCommon_64.dll
 0001:0002c005       __imp_load_?writeWordBuffer@physx@@YAXPEBGI_NAEAVPxOutputStream@1@@Z 000000018002d005 f   PhysXCommon_64:PhysXCommon_64.dll
 0001:0002c011       ?writeWordBuffer@physx@@YAXPEBGI_NAEAVPxOutputStream@1@@Z 000000018002d011 f   PhysXCommon_64:PhysXCommon_64.dll
 0001:0002c017       __imp_load_?computeMaxIndex@physx@@YAIPEBII@Z 000000018002d017 f   PhysXCommon_64:PhysXCommon_64.dll
 0001:0002c023       ?computeMaxIndex@physx@@YAIPEBII@Z 000000018002d023 f   PhysXCommon_64:PhysXCommon_64.dll
 0001:0002c029       __imp_load_?storeIndices@physx@@YAXIIPEBIAEAVPxOutputStream@1@_N@Z 000000018002d029 f   PhysXCommon_64:PhysXCommon_64.dll
 0001:0002c035       ?storeIndices@physx@@YAXIIPEBIAEAVPxOutputStream@1@_N@Z 000000018002d035 f   PhysXCommon_64:PhysXCommon_64.dll
 0001:0002c03b       __imp_load_?BuildBV4Ex@Gu@physx@@YA_NAEAVBV4Tree@12@AEAVSourceMesh@12@MI@Z 000000018002d03b f   PhysXCommon_64:PhysXCommon_64.dll
 0001:0002c047       ?BuildBV4Ex@Gu@physx@@YA_NAEAVBV4Tree@12@AEAVSourceMesh@12@MI@Z 000000018002d047 f   PhysXCommon_64:PhysXCommon_64.dll
 0001:0002c04d       __imp_load_?BuildBV32Ex@Gu@physx@@YA_NAEAVBV32Tree@12@AEAVSourceMesh@12@MI@Z 000000018002d04d f   PhysXCommon_64:PhysXCommon_64.dll
 0001:0002c059       ?BuildBV32Ex@Gu@physx@@YA_NAEAVBV32Tree@12@AEAVSourceMesh@12@MI@Z 000000018002d059 f   PhysXCommon_64:PhysXCommon_64.dll
 0001:0002c05f       __imp_load_?computeMaxIndex@physx@@YAGPEBGI@Z 000000018002d05f f   PhysXCommon_64:PhysXCommon_64.dll
 0001:0002c06b       ?computeMaxIndex@physx@@YAGPEBGI@Z 000000018002d06b f   PhysXCommon_64:PhysXCommon_64.dll
 0001:0002c071       __imp_load_?WriteHeader@Gu@physx@@YA_NEEEEI_NAEAVPxOutputStream@2@@Z 000000018002d071 f   PhysXCommon_64:PhysXCommon_64.dll
 0001:0002c07d       ?WriteHeader@Gu@physx@@YA_NEEEEI_NAEAVPxOutputStream@2@@Z 000000018002d07d f   PhysXCommon_64:PhysXCommon_64.dll
 0001:0002c083       __imp_load_?StoreIndices@Gu@physx@@YAXGIPEBGAEAVPxOutputStream@2@_N@Z 000000018002d083 f   PhysXCommon_64:PhysXCommon_64.dll
 0001:0002c08f       ?StoreIndices@Gu@physx@@YAXGIPEBGAEAVPxOutputStream@2@_N@Z 000000018002d08f f   PhysXCommon_64:PhysXCommon_64.dll
 0001:0002c095       __imp_load_?CreateOffsets@BigConvexData@physx@@IEAAXXZ 000000018002d095 f   PhysXCommon_64:PhysXCommon_64.dll
 0001:0002c0a1       ?CreateOffsets@BigConvexData@physx@@IEAAXXZ 000000018002d0a1 f   PhysXCommon_64:PhysXCommon_64.dll
 0001:0002c0a7       __imp_load_?computeOBBPoints@Gu@physx@@YAXPEIAVPxVec3@2@AEBV32@1111@Z 000000018002d0a7 f   PhysXCommon_64:PhysXCommon_64.dll
 0001:0002c0b3       ?computeOBBPoints@Gu@physx@@YAXPEIAVPxVec3@2@AEBV32@1111@Z 000000018002d0b3 f   PhysXCommon_64:PhysXCommon_64.dll
 0001:0002c0b9       __imp_load_??0BigConvexData@physx@@QEAA@XZ 000000018002d0b9 f   PhysXCommon_64:PhysXCommon_64.dll
 0001:0002c0c5       ??0BigConvexData@physx@@QEAA@XZ 000000018002d0c5 f   PhysXCommon_64:PhysXCommon_64.dll
 0001:0002c0cb       __imp_load_??1BigConvexData@physx@@QEAA@XZ 000000018002d0cb f   PhysXCommon_64:PhysXCommon_64.dll
 0001:0002c0d7       ??1BigConvexData@physx@@QEAA@XZ 000000018002d0d7 f   PhysXCommon_64:PhysXCommon_64.dll
 0001:0002c0dd       __imp_load_PxGetFoundation 000000018002d0dd f   PhysXFoundation_64:PhysXFoundation_64.dll
 0001:0002c0e9       PxGetFoundation            000000018002d0e9 f   PhysXFoundation_64:PhysXFoundation_64.dll
 0001:0002c0ef       __tailMerge_physxfoundation_64_dll 000000018002d0ef     PhysXFoundation_64:PhysXFoundation_64.dll
 0001:0002c168       __imp_load_?getAllocator@shdfnd@physx@@YAAEAVPxAllocatorCallback@2@XZ 000000018002d168 f   PhysXFoundation_64:PhysXFoundation_64.dll
 0001:0002c174       ?getAllocator@shdfnd@physx@@YAAEAVPxAllocatorCallback@2@XZ 000000018002d174 f   PhysXFoundation_64:PhysXFoundation_64.dll
 0001:0002c17a       __imp_load_?getInstance@Foundation@shdfnd@physx@@SAAEAV123@XZ 000000018002d17a f   PhysXFoundation_64:PhysXFoundation_64.dll
 0001:0002c186       ?getInstance@Foundation@shdfnd@physx@@SAAEAV123@XZ 000000018002d186 f   PhysXFoundation_64:PhysXFoundation_64.dll
 0001:0002c18c       __imp_load_?error@Foundation@shdfnd@physx@@QEAAXW4Enum@PxErrorCode@3@PEBDH1ZZ 000000018002d18c f   PhysXFoundation_64:PhysXFoundation_64.dll
 0001:0002c198       ?error@Foundation@shdfnd@physx@@QEAAXW4Enum@PxErrorCode@3@PEBDH1ZZ 000000018002d198 f   PhysXFoundation_64:PhysXFoundation_64.dll
 0001:0002c19e       __imp_load_?incRefCount@Foundation@shdfnd@physx@@SAXXZ 000000018002d19e f   PhysXFoundation_64:PhysXFoundation_64.dll
 0001:0002c1aa       ?incRefCount@Foundation@shdfnd@physx@@SAXXZ 000000018002d1aa f   PhysXFoundation_64:PhysXFoundation_64.dll
 0001:0002c1b0       __imp_load_?decRefCount@Foundation@shdfnd@physx@@SAXXZ 000000018002d1b0 f   PhysXFoundation_64:PhysXFoundation_64.dll
 0001:0002c1bc       ?decRefCount@Foundation@shdfnd@physx@@SAXXZ 000000018002d1bc f   PhysXFoundation_64:PhysXFoundation_64.dll
 0001:0002c1c2       __imp_load_??0FPUGuard@shdfnd@physx@@QEAA@XZ 000000018002d1c2 f   PhysXFoundation_64:PhysXFoundation_64.dll
 0001:0002c1ce       ??0FPUGuard@shdfnd@physx@@QEAA@XZ 000000018002d1ce f   PhysXFoundation_64:PhysXFoundation_64.dll
 0001:0002c1d4       __imp_load_??1FPUGuard@shdfnd@physx@@QEAA@XZ 000000018002d1d4 f   PhysXFoundation_64:PhysXFoundation_64.dll
 0001:0002c1e0       ??1FPUGuard@shdfnd@physx@@QEAA@XZ 000000018002d1e0 f   PhysXFoundation_64:PhysXFoundation_64.dll
 0001:0002c1e6       __imp_load_?allocate@TempAllocator@shdfnd@physx@@QEAAPEAX_KPEBDH@Z 000000018002d1e6 f   PhysXFoundation_64:PhysXFoundation_64.dll
 0001:0002c1f2       ?allocate@TempAllocator@shdfnd@physx@@QEAAPEAX_KPEBDH@Z 000000018002d1f2 f   PhysXFoundation_64:PhysXFoundation_64.dll
[...]
 0004:00001d58       $pdata$5$?doPostAdjacentMerge@QuickHull@local@@IEAA_NAEAUQuickHullFace@2@M@Z 000000018003cd58     QuickHullConvexHullLib.obj
 0004:00001d64       $pdata$?deleteFacePoints@QuickHull@local@@IEAAXAEAUQuickHullFace@2@PEAU32@@Z 000000018003cd64     QuickHullConvexHullLib.obj
 0004:00001d70       $pdata$0$?deleteFacePoints@QuickHull@local@@IEAAXAEAUQuickHullFace@2@PEAU32@@Z 000000018003cd70     QuickHullConvexHullLib.obj
 0004:00001d7c       $pdata$1$?deleteFacePoints@QuickHull@local@@IEAAXAEAUQuickHullFace@2@PEAU32@@Z 000000018003cd7c     QuickHullConvexHullLib.obj
 0004:00001d88       $pdata$?resolveUnclaimedPoints@QuickHull@local@@IEAAXAEBV?$Array@PEAUQuickHullFace@local@@V?$ReflectionAllocator@PEAUQuickHullFace@local@@@shdfnd@physx@@@shdfnd@physx@@@Z 000000018003cd88     QuickHullConvexHullLib.obj
 0004:00001d94       $pdata$1$?resolveUnclaimedPoints@QuickHull@local@@IEAAXAEBV?$Array@PEAUQuickHullFace@local@@V?$ReflectionAllocator@PEAUQuickHullFace@local@@@shdfnd@physx@@@shdfnd@physx@@@Z 000000018003cd94     QuickHullConvexHullLib.obj
 0004:00001da0       $pdata$2$?resolveUnclaimedPoints@QuickHull@local@@IEAAXAEBV?$Array@PEAUQuickHullFace@local@@V?$ReflectionAllocator@PEAUQuickHullFace@local@@@shdfnd@physx@@@shdfnd@physx@@@Z 000000018003cda0     QuickHullConvexHullLib.obj
 0004:00001dac       $pdata$?postMergeHull@QuickHull@local@@IEAAXXZ 000000018003cdac     QuickHullConvexHullLib.obj
 0004:00001db8       $pdata$5$?postMergeHull@QuickHull@local@@IEAAXXZ 000000018003cdb8     QuickHullConvexHullLib.obj
 0004:00001dc4       $pdata$6$?postMergeHull@QuickHull@local@@IEAAXXZ 000000018003cdc4     QuickHullConvexHullLib.obj
 0004:00001dd0       $pdata$7$?postMergeHull@QuickHull@local@@IEAAXXZ 000000018003cdd0     QuickHullConvexHullLib.obj
 0004:00001ddc       $pdata$?canMergeFaces@QuickHull@local@@IEAA_NAEBUQuickHullHalfEdge@2@@Z 000000018003cddc     QuickHullConvexHullLib.obj
 0004:00001de8       $pdata$?getExpandPoint@local@@YAXAEBUQuickHullHalfEdge@1@AEAUExpandPoint@1@PEBV?$Array@IV?$ReflectionAllocator@I@shdfnd@physx@@@shdfnd@physx@@@Z 000000018003cde8     QuickHullConvexHullLib.obj
 0004:00001df4       $pdata$??_GQuickHullConvexHullLib@physx@@UEAAPEAXI@Z 000000018003cdf4     QuickHullConvexHullLib.obj
 0004:00001e00       $pdata$??_GConvexHull@physx@@QEAAPEAXI@Z 000000018003ce00     QuickHullConvexHullLib.obj
 0004:00001e0c       $pdata$0$??_GConvexHull@physx@@QEAAPEAXI@Z 000000018003ce0c     QuickHullConvexHullLib.obj
 0004:00001e18       $pdata$1$??_GConvexHull@physx@@QEAAPEAXI@Z 000000018003ce18     QuickHullConvexHullLib.obj
 0004:00001e24       $pdata$?init@?$MemBlock@UQuickHullHalfEdge@local@@$0A@@local@@QEAAXI@Z 000000018003ce24     QuickHullConvexHullLib.obj
 0004:00001e30       $pdata$??1?$MemBlock@UQuickHullHalfEdge@local@@$0A@@local@@QEAA@XZ 000000018003ce30     QuickHullConvexHullLib.obj
 0004:00001e3c       $pdata$0$??1?$MemBlock@UQuickHullHalfEdge@local@@$0A@@local@@QEAA@XZ 000000018003ce3c     QuickHullConvexHullLib.obj
 0004:00001e48       $pdata$1$??1?$MemBlock@UQuickHullHalfEdge@local@@$0A@@local@@QEAA@XZ 000000018003ce48     QuickHullConvexHullLib.obj
 0004:00001e54       $pdata$?getFreeItem@?$MemBlock@UQuickHullHalfEdge@local@@$0A@@local@@QEAAPEAUQuickHullHalfEdge@2@XZ 000000018003ce54     QuickHullConvexHullLib.obj
 0004:00001e60       $pdata$?allocate@?$Array@PEAUQuickHullHalfEdge@local@@V?$ReflectionAllocator@PEAUQuickHullHalfEdge@local@@@shdfnd@physx@@@shdfnd@physx@@IEAAPEAPEAUQuickHullHalfEdge@local@@I@Z 000000018003ce60     QuickHullConvexHullLib.obj
 0004:00001e6c       $pdata$1$?allocate@?$Array@PEAUQuickHullHalfEdge@local@@V?$ReflectionAllocator@PEAUQuickHullHalfEdge@local@@@shdfnd@physx@@@shdfnd@physx@@IEAAPEAPEAUQuickHullHalfEdge@local@@I@Z 000000018003ce6c     QuickHullConvexHullLib.obj
 0004:00001e78       $pdata$3$?allocate@?$Array@PEAUQuickHullHalfEdge@local@@V?$ReflectionAllocator@PEAUQuickHullHalfEdge@local@@@shdfnd@physx@@@shdfnd@physx@@IEAAPEAPEAUQuickHullHalfEdge@local@@I@Z 000000018003ce78     QuickHullConvexHullLib.obj
 0004:00001e84       $pdata$4$?allocate@?$Array@PEAUQuickHullHalfEdge@local@@V?$ReflectionAllocator@PEAUQuickHullHalfEdge@local@@@shdfnd@physx@@@shdfnd@physx@@IEAAPEAPEAUQuickHullHalfEdge@local@@I@Z 000000018003ce84     QuickHullConvexHullLib.obj
 0004:00001e90       $pdata$?growAndPushBack@?$Array@PEAUQuickHullHalfEdge@local@@V?$ReflectionAllocator@PEAUQuickHullHalfEdge@local@@@shdfnd@physx@@@shdfnd@physx@@IEAAAEAPEAUQuickHullHalfEdge@local@@AEBQEAU45@@Z 000000018003ce90     QuickHullConvexHullLib.obj
 0004:00001e9c       $pdata$?recreate@?$Array@PEAUQuickHullHalfEdge@local@@V?$ReflectionAllocator@PEAUQuickHullHalfEdge@local@@@shdfnd@physx@@@shdfnd@physx@@IEAAXI@Z 000000018003ce9c     QuickHullConvexHullLib.obj
 0004:00001ea8       $pdata$0$?recreate@?$Array@PEAUQuickHullHalfEdge@local@@V?$ReflectionAllocator@PEAUQuickHullHalfEdge@local@@@shdfnd@physx@@@shdfnd@physx@@IEAAXI@Z 000000018003cea8     QuickHullConvexHullLib.obj
 0004:00001eb4       $pdata$1$?recreate@?$Array@PEAUQuickHullHalfEdge@local@@V?$ReflectionAllocator@PEAUQuickHullHalfEdge@local@@@shdfnd@physx@@@shdfnd@physx@@IEAAXI@Z 000000018003ceb4     QuickHullConvexHullLib.obj
 0004:00001ec0       $pdata$?init@?$MemBlock@UQuickHullFace@local@@$00@local@@QEAAXI@Z 000000018003cec0     QuickHullConvexHullLib.obj
 0004:00001ecc       $pdata$??1?$MemBlock@UQuickHullFace@local@@$00@local@@QEAA@XZ 000000018003cecc     QuickHullConvexHullLib.obj
 0004:00001ed8       $pdata$0$??1?$MemBlock@UQuickHullFace@local@@$00@local@@QEAA@XZ 000000018003ced8     QuickHullConvexHullLib.obj
 0004:00001ee4       $pdata$1$??1?$MemBlock@UQuickHullFace@local@@$00@local@@QEAA@XZ 000000018003cee4     QuickHullConvexHullLib.obj
 0004:00001ef0       $pdata$?getFreeItem@?$MemBlock@UQuickHullFace@local@@$00@local@@QEAAPEAUQuickHullFace@2@XZ 000000018003cef0     QuickHullConvexHullLib.obj
 0004:00001efc       $pdata$?allocate@?$Array@PEAUQuickHullFace@local@@V?$ReflectionAllocator@PEAUQuickHullFace@local@@@shdfnd@physx@@@shdfnd@physx@@IEAAPEAPEAUQuickHullFace@local@@I@Z 000000018003cefc     QuickHullConvexHullLib.obj
 0004:00001f08       $pdata$1$?allocate@?$Array@PEAUQuickHullFace@local@@V?$ReflectionAllocator@PEAUQuickHullFace@local@@@shdfnd@physx@@@shdfnd@physx@@IEAAPEAPEAUQuickHullFace@local@@I@Z 000000018003cf08     QuickHullConvexHullLib.obj
 0004:00001f14       $pdata$3$?allocate@?$Array@PEAUQuickHullFace@local@@V?$ReflectionAllocator@PEAUQuickHullFace@local@@@shdfnd@physx@@@shdfnd@physx@@IEAAPEAPEAUQuickHullFace@local@@I@Z 000000018003cf14     QuickHullConvexHullLib.obj
 0004:00001f20       $pdata$4$?allocate@?$Array@PEAUQuickHullFace@local@@V?$ReflectionAllocator@PEAUQuickHullFace@local@@@shdfnd@physx@@@shdfnd@physx@@IEAAPEAPEAUQuickHullFace@local@@I@Z 000000018003cf20     QuickHullConvexHullLib.obj
 0004:00001f2c       $pdata$?growAndPushBack@?$Array@PEAUQuickHullFace@local@@V?$ReflectionAllocator@PEAUQuickHullFace@local@@@shdfnd@physx@@@shdfnd@physx@@IEAAAEAPEAUQuickHullFace@local@@AEBQEAU45@@Z 000000018003cf2c     QuickHullConvexHullLib.obj
 0004:00001f38       $pdata$?recreate@?$Array@PEAUQuickHullFace@local@@V?$ReflectionAllocator@PEAUQuickHullFace@local@@@shdfnd@physx@@@shdfnd@physx@@IEAAXI@Z 000000018003cf38     QuickHullConvexHullLib.obj
 0004:00001f44       $pdata$0$?recreate@?$Array@PEAUQuickHullFace@local@@V?$ReflectionAllocator@PEAUQuickHullFace@local@@@shdfnd@physx@@@shdfnd@physx@@IEAAXI@Z 000000018003cf44     QuickHullConvexHullLib.obj
 0004:00001f50       $pdata$1$?recreate@?$Array@PEAUQuickHullFace@local@@V?$ReflectionAllocator@PEAUQuickHullFace@local@@@shdfnd@physx@@@shdfnd@physx@@IEAAXI@Z 000000018003cf50     QuickHullConvexHullLib.obj
 0004:00001f5c       $pdata$?allocate@?$Array@PEAUQuickHullVertex@local@@V?$ReflectionAllocator@PEAUQuickHullVertex@local@@@shdfnd@physx@@@shdfnd@physx@@IEAAPEAPEAUQuickHullVertex@local@@I@Z 000000018003cf5c     QuickHullConvexHullLib.obj
 0004:00001f68       $pdata$1$?allocate@?$Array@PEAUQuickHullVertex@local@@V?$ReflectionAllocator@PEAUQuickHullVertex@local@@@shdfnd@physx@@@shdfnd@physx@@IEAAPEAPEAUQuickHullVertex@local@@I@Z 000000018003cf68     QuickHullConvexHullLib.obj
 0004:00001f74       $pdata$3$?allocate@?$Array@PEAUQuickHullVertex@local@@V?$ReflectionAllocator@PEAUQuickHullVertex@local@@@shdfnd@physx@@@shdfnd@physx@@IEAAPEAPEAUQuickHullVertex@local@@I@Z 000000018003cf74     QuickHullConvexHullLib.obj
 0004:00001f80       $pdata$4$?allocate@?$Array@PEAUQuickHullVertex@local@@V?$ReflectionAllocator@PEAUQuickHullVertex@local@@@shdfnd@physx@@@shdfnd@physx@@IEAAPEAPEAUQuickHullVertex@local@@I@Z 000000018003cf80     QuickHullConvexHullLib.obj
 0004:00001f8c       $pdata$?growAndPushBack@?$Array@PEAUQuickHullVertex@local@@V?$ReflectionAllocator@PEAUQuickHullVertex@local@@@shdfnd@physx@@@shdfnd@physx@@IEAAAEAPEAUQuickHullVertex@local@@AEBQEAU45@@Z 000000018003cf8c     QuickHullConvexHullLib.obj
 0004:00001f98       $pdata$?recreate@?$Array@PEAUQuickHullVertex@local@@V?$ReflectionAllocator@PEAUQuickHullVertex@local@@@shdfnd@physx@@@shdfnd@physx@@IEAAXI@Z 000000018003cf98     QuickHullConvexHullLib.obj
 0004:00001fa4       $pdata$0$?recreate@?$Array@PEAUQuickHullVertex@local@@V?$ReflectionAllocator@PEAUQuickHullVertex@local@@@shdfnd@physx@@@shdfnd@physx@@IEAAXI@Z 000000018003cfa4     QuickHullConvexHullLib.obj
 0004:00001fb0       $pdata$1$?recreate@?$Array@PEAUQuickHullVertex@local@@V?$ReflectionAllocator@PEAUQuickHullVertex@local@@@shdfnd@physx@@@shdfnd@physx@@IEAAXI@Z 000000018003cfb0     QuickHullConvexHullLib.obj
 0004:00001fbc       $pdata$?allocate@?$Array@UExpandPoint@local@@V?$ReflectionAllocator@UExpandPoint@local@@@shdfnd@physx@@@shdfnd@physx@@IEAAPEAUExpandPoint@local@@I@Z 000000018003cfbc     QuickHullConvexHullLib.obj
 0004:00001fc8       $pdata$1$?allocate@?$Array@UExpandPoint@local@@V?$ReflectionAllocator@UExpandPoint@local@@@shdfnd@physx@@@shdfnd@physx@@IEAAPEAUExpandPoint@local@@I@Z 000000018003cfc8     QuickHullConvexHullLib.obj
 0004:00001fd4       $pdata$3$?allocate@?$Array@UExpandPoint@local@@V?$ReflectionAllocator@UExpandPoint@local@@@shdfnd@physx@@@shdfnd@physx@@IEAAPEAUExpandPoint@local@@I@Z 000000018003cfd4     QuickHullConvexHullLib.obj
 0004:00001fe0       $pdata$4$?allocate@?$Array@UExpandPoint@local@@V?$ReflectionAllocator@UExpandPoint@local@@@shdfnd@physx@@@shdfnd@physx@@IEAAPEAUExpandPoint@local@@I@Z 000000018003cfe0     QuickHullConvexHullLib.obj
 0004:00001fec       $pdata$?growAndPushBack@?$Array@UExpandPoint@local@@V?$ReflectionAllocator@UExpandPoint@local@@@shdfnd@physx@@@shdfnd@physx@@IEAAAEAUExpandPoint@local@@AEBU45@@Z 000000018003cfec     QuickHullConvexHullLib.obj
 0004:00001ff8       $pdata$?recreate@?$Array@UExpandPoint@local@@V?$ReflectionAllocator@UExpandPoint@local@@@shdfnd@physx@@@shdfnd@physx@@IEAAXI@Z 000000018003cff8     QuickHullConvexHullLib.obj
 0004:00002004       $pdata$0$?recreate@?$Array@UExpandPoint@local@@V?$ReflectionAllocator@UExpandPoint@local@@@shdfnd@physx@@@shdfnd@physx@@IEAAXI@Z 000000018003d004     QuickHullConvexHullLib.obj
 0004:00002010       $pdata$1$?recreate@?$Array@UExpandPoint@local@@V?$ReflectionAllocator@UExpandPoint@local@@@shdfnd@physx@@@shdfnd@physx@@IEAAXI@Z 000000018003d010     QuickHullConvexHullLib.obj
 0004:0000201c       $pdata$?computeVolumeIntegrals@physx@@YA_NAEBVPxSimpleTriangleMesh@1@MAEAUPxIntegrals@1@@Z 000000018003d01c     VolumeIntegration.obj
 0004:00002028       $pdata$?computeVolumeIntegralsEberly@physx@@YA_NAEBVPxConvexMeshDesc@1@MAEAUPxIntegrals@1@AEBVPxVec3@1@@Z 000000018003d028     VolumeIntegration.obj
 0004:00002034       $pdata$?computeVolumeIntegralsEberlySIMD@physx@@YA_NAEBVPxConvexMeshDesc@1@MAEAUPxIntegrals@1@AEBVPxVec3@1@@Z 000000018003d034     VolumeIntegration.obj
 0004:00002040       $pdata$?computeVolumeIntegrals@VolumeIntegrator@?A0x0a129cb6@physx@@QEAA_NAEAUPxIntegrals@3@@Z 000000018003d040     VolumeIntegration.obj
 0004:0000204c       $pdata$?computeProjectionIntegrals@VolumeIntegrator@?A0x0a129cb6@physx@@AEAAXAEBUFace@123@@Z 000000018003d04c     VolumeIntegration.obj
 0004:00002058       $pdata$?computeFaceIntegrals@VolumeIntegrator@?A0x0a129cb6@physx@@AEAAXAEBUFace@123@@Z 000000018003d058     VolumeIntegration.obj
 0004:00002064       $pdata$?computeVolumeIntegralsSIMD@VolumeIntegratorEberly@?A0x0a129cb6@physx@@QEAA_NAEAUPxIntegrals@3@AEBVPxVec3@3@@Z 000000018003d064     VolumeIntegration.obj
 0004:00002070       $pdata$1$?computeVolumeIntegralsSIMD@VolumeIntegratorEberly@?A0x0a129cb6@physx@@QEAA_NAEAUPxIntegrals@3@AEBVPxVec3@3@@Z 000000018003d070     VolumeIntegration.obj
 0004:0000207c       $pdata$2$?computeVolumeIntegralsSIMD@VolumeIntegratorEberly@?A0x0a129cb6@physx@@QEAA_NAEAUPxIntegrals@3@AEBVPxVec3@3@@Z 000000018003d07c     VolumeIntegration.obj
 0004:00002088       $pdata$?computeVolumeIntegrals@VolumeIntegratorEberly@?A0x0a129cb6@physx@@QEAA_NAEAUPxIntegrals@3@AEBVPxVec3@3@@Z 000000018003d088     VolumeIntegration.obj
 0004:00002094       $pdata$0$?computeVolumeIntegrals@VolumeIntegratorEberly@?A0x0a129cb6@physx@@QEAA_NAEAUPxIntegrals@3@AEBVPxVec3@3@@Z 000000018003d094     VolumeIntegration.obj
 0004:000020a0       $pdata$3$?computeVolumeIntegrals@VolumeIntegratorEberly@?A0x0a129cb6@physx@@QEAA_NAEAUPxIntegrals@3@AEBVPxVec3@3@@Z 000000018003d0a0     VolumeIntegration.obj
 0004:000020ac       $pdata$4$?computeVolumeIntegrals@VolumeIntegratorEberly@?A0x0a129cb6@physx@@QEAA_NAEAUPxIntegrals@3@AEBVPxVec3@3@@Z 000000018003d0ac     VolumeIntegration.obj
 0004:000020b8       $pdata$5$?computeVolumeIntegrals@VolumeIntegratorEberly@?A0x0a129cb6@physx@@QEAA_NAEAUPxIntegrals@3@AEBVPxVec3@3@@Z 000000018003d0b8     VolumeIntegration.obj
 0004:000020c4       $pdata$?cookingDelayHook@@YAP6A_JXZIPEAUDelayLoadInfo@@@Z 000000018003d0c4     WindowsCookingDelayLoadHook.obj
 0004:000020d0       $pdata$1$?cookingDelayHook@@YAP6A_JXZIPEAUDelayLoadInfo@@@Z 000000018003d0d0     WindowsCookingDelayLoadHook.obj
 0004:000020dc       $pdata$3$?cookingDelayHook@@YAP6A_JXZIPEAUDelayLoadInfo@@@Z 000000018003d0dc     WindowsCookingDelayLoadHook.obj
 0004:000020e8       $pdata$5$?cookingDelayHook@@YAP6A_JXZIPEAUDelayLoadInfo@@@Z 000000018003d0e8     WindowsCookingDelayLoadHook.obj
 0004:000020f4       $pdata$6$?cookingDelayHook@@YAP6A_JXZIPEAUDelayLoadInfo@@@Z 000000018003d0f4     WindowsCookingDelayLoadHook.obj
 0004:00002118       $pdata$__FUnloadDelayLoadedDLL2 000000018003d118     Delayimp:delayhlp.obj
 0004:00002124       $pdata$__HrLoadAllImportsForDll 000000018003d124     Delayimp:delayhlp.obj
 0004:00002130       $pdata$?DloadGetSRWLockFunctionPointers@@YAEXZ 000000018003d130     Delayimp:delayhlp.obj
 0004:0000213c       $pdata$?DloadLock@@YAXXZ   000000018003d13c     Delayimp:delayhlp.obj
 0004:00002148       $pdata$?DloadUnlock@@YAXXZ 000000018003d148     Delayimp:delayhlp.obj
 0004:00002154       $pdata$?DloadObtainSection@@YAPEAXPEAK0@Z 000000018003d154     Delayimp:delayhlp.obj
 0004:00002160       $pdata$?DloadMakePermanentImageCommit@@YAXPEAX_K@Z 000000018003d160     Delayimp:delayhlp.obj
 0004:00002154       $pdata$?DloadProtectSection@@YAXKPEAK@Z 000000018003d154     Delayimp:delayhlp.obj
 0004:00002118       $pdata$?DloadAcquireSectionWriteAccess@@YAXXZ 000000018003d118     Delayimp:delayhlp.obj
 0004:00002160       $pdata$?DloadReleaseSectionWriteAccess@@YAXXZ 000000018003d160     Delayimp:delayhlp.obj
 0004:00002178       $pdata$?PiddFromDllName@@YAPEBUImgDelayDescr@@PEBD@Z 000000018003d178     Delayimp:delayhlp.obj
 0004:0000219c       $pdata$__delayLoadHelper2  000000018003d19c     Delayimp:delayhlp.obj
 0004:000021a8       $pdata$??_Gtype_info@@UEAAPEAXI@Z 000000018003d1a8     MSVCRT:std_type_info_static.obj
 0004:000021cc       $pdata$?dllmain_crt_process_attach@@YAHQEAUHINSTANCE__@@QEAX@Z 000000018003d1cc     MSVCRT:dll_dllmain.obj
 0004:00002370       $pdata$?fin$0@?0??dllmain_crt_process_attach@@YAHQEAUHINSTANCE__@@QEAX@Z@4HA 000000018003d370     MSVCRT:dll_dllmain.obj
 0004:000021d8       $pdata$?dllmain_crt_process_detach@@YAH_N@Z 000000018003d1d8     MSVCRT:dll_dllmain.obj
 0004:0000237c       $pdata$?fin$0@?0??dllmain_crt_process_detach@@YAH_N@Z@4HA 000000018003d37c     MSVCRT:dll_dllmain.obj
 0004:00002388       $pdata$?fin$1@?0??dllmain_crt_process_detach@@YAH_N@Z@4HA 000000018003d388     MSVCRT:dll_dllmain.obj
 0004:000021c0       $pdata$?dllmain_crt_dispatch@@YAHQEAUHINSTANCE__@@KQEAX@Z 000000018003d1c0     MSVCRT:dll_dllmain.obj
 0004:000021e4       $pdata$?dllmain_dispatch@@YAHQEAUHINSTANCE__@@KQEAX@Z 000000018003d1e4     MSVCRT:dll_dllmain.obj
 0004:00002394       $pdata$?filt$0@?0??dllmain_dispatch@@YAHQEAUHINSTANCE__@@KQEAX@Z@4HA 000000018003d394     MSVCRT:dll_dllmain.obj
 0004:000021f0       $pdata$_DllMainCRTStartup  000000018003d1f0     MSVCRT:dll_dllmain.obj
 0004:000021fc       $pdata$__isa_available_init 000000018003d1fc     MSVCRT:cpu_disp.obj
 0004:0000222c       $pdata$__security_init_cookie 000000018003d22c     MSVCRT:gs_support.obj
 0004:00002220       $pdata$__get_entropy       000000018003d220     MSVCRT:gs_support.obj
 0004:00002238       $pdata$DllMain             000000018003d238     MSVCRT:dll_dllmain_stub.obj
 0004:00002244       $pdata$__scrt_initialize_default_local_stdio_options 000000018003d244     MSVCRT:default_local_stdio_options.obj
 0004:00002304       $pdata$atexit              000000018003d304     MSVCRT:utility.obj
 0004:000022f8       $pdata$_onexit             000000018003d2f8     MSVCRT:utility.obj
 0004:000022d4       $pdata$__scrt_is_nonwritable_in_current_image 000000018003d2d4     MSVCRT:utility.obj
 0004:000023a0       $pdata$__scrt_is_nonwritable_in_current_image$filt$0 000000018003d3a0     MSVCRT:utility.obj
 0004:0000225c       $pdata$__scrt_acquire_startup_lock 000000018003d25c     MSVCRT:utility.obj
 0004:000022e0       $pdata$__scrt_release_startup_lock 000000018003d2e0     MSVCRT:utility.obj
 0004:000022bc       $pdata$__scrt_initialize_crt 000000018003d2bc     MSVCRT:utility.obj
 0004:000022ec       $pdata$__scrt_uninitialize_crt 000000018003d2ec     MSVCRT:utility.obj
 0004:000022c8       $pdata$__scrt_initialize_onexit_tables 000000018003d2c8     MSVCRT:utility.obj
 0004:00002298       $pdata$__scrt_dllmain_exception_filter 000000018003d298     MSVCRT:utility.obj
 0004:00002274       $pdata$__scrt_dllmain_before_initialize_c 000000018003d274     MSVCRT:utility.obj
 0004:00002268       $pdata$__scrt_dllmain_after_initialize_c 000000018003d268     MSVCRT:utility.obj
 0004:000022a4       $pdata$__scrt_dllmain_uninitialize_c 000000018003d2a4     MSVCRT:utility.obj
 0004:000022b0       $pdata$__scrt_dllmain_uninitialize_critical 000000018003d2b0     MSVCRT:utility.obj
 0004:00002280       $pdata$__scrt_dllmain_crt_thread_attach 000000018003d280     MSVCRT:utility.obj
 0004:0000228c       $pdata$__scrt_dllmain_crt_thread_detach 000000018003d28c     MSVCRT:utility.obj
 0004:00002250       $pdata$?configure_argv@__scrt_narrow_argv_policy@@SAHXZ 000000018003d250     MSVCRT:utility.obj
 0004:0000231c       $pdata$__scrt_get_show_window_mode 000000018003d31c     MSVCRT:utility_desktop.obj
 0004:00002328       $pdata$__scrt_is_managed_app 000000018003d328     MSVCRT:utility_desktop.obj
 0004:00002310       $pdata$__scrt_fastfail     000000018003d310     MSVCRT:utility_desktop.obj
 0004:00002334       $pdata$__scrt_unhandled_exception_filter 000000018003d334     MSVCRT:utility_desktop.obj
 0004:00002340       $pdata$_RTC_Initialize     000000018003d340     MSVCRT:initsect.obj
 0004:0000234c       $pdata$_RTC_Terminate      000000018003d34c     MSVCRT:initsect.obj
 0005:00000000       _2il0floatpacket$19        000000018003e000     MSVCRT:svml_ssinf4_sse2.obj
 0005:00002200       _vmlsSinHATab              0000000180040200     MSVCRT:svml_s_sin_cout.obj
 0006:000000a0       $R000000                   00000001800410a0     PhysXCooking.res
 0006:000003d0       $R000330                   00000001800413d0     PhysXCooking.res
